Component: ARM Compiler 5.06 update 7 (build 960) Tool: armlink [4d3601]

==============================================================================

Section Cross References

    startup_stm32f427xx.o(STACK) refers (Special) to heapauxi.o(.text) for __use_two_region_memory
    startup_stm32f427xx.o(HEAP) refers (Special) to heapauxi.o(.text) for __use_two_region_memory
    startup_stm32f427xx.o(RESET) refers (Special) to heapauxi.o(.text) for __use_two_region_memory
    startup_stm32f427xx.o(RESET) refers to startup_stm32f427xx.o(STACK) for __initial_sp
    startup_stm32f427xx.o(RESET) refers to startup_stm32f427xx.o(.text) for Reset_Handler
    startup_stm32f427xx.o(RESET) refers to stm32f4xx_it.o(i.NMI_Handler) for NMI_Handler
    startup_stm32f427xx.o(RESET) refers to stm32f4xx_it.o(i.HardFault_Handler) for HardFault_Handler
    startup_stm32f427xx.o(RESET) refers to stm32f4xx_it.o(i.MemManage_Handler) for MemManage_Handler
    startup_stm32f427xx.o(RESET) refers to stm32f4xx_it.o(i.BusFault_Handler) for BusFault_Handler
    startup_stm32f427xx.o(RESET) refers to stm32f4xx_it.o(i.UsageFault_Handler) for UsageFault_Handler
    startup_stm32f427xx.o(RESET) refers to stm32f4xx_it.o(i.SVC_Handler) for SVC_Handler
    startup_stm32f427xx.o(RESET) refers to stm32f4xx_it.o(i.DebugMon_Handler) for DebugMon_Handler
    startup_stm32f427xx.o(RESET) refers to stm32f4xx_it.o(i.PendSV_Handler) for PendSV_Handler
    startup_stm32f427xx.o(RESET) refers to stm32f4xx_it.o(i.SysTick_Handler) for SysTick_Handler
    startup_stm32f427xx.o(RESET) refers to stm32f4xx_it.o(i.DMA1_Stream5_IRQHandler) for DMA1_Stream5_IRQHandler
    startup_stm32f427xx.o(RESET) refers to stm32f4xx_it.o(i.DMA1_Stream6_IRQHandler) for DMA1_Stream6_IRQHandler
    startup_stm32f427xx.o(RESET) refers to stm32f4xx_it.o(i.CAN1_RX0_IRQHandler) for CAN1_RX0_IRQHandler
    startup_stm32f427xx.o(RESET) refers to stm32f4xx_it.o(i.CAN1_RX1_IRQHandler) for CAN1_RX1_IRQHandler
    startup_stm32f427xx.o(RESET) refers to stm32f4xx_it.o(i.USART2_IRQHandler) for USART2_IRQHandler
    startup_stm32f427xx.o(.text) refers (Special) to heapauxi.o(.text) for __use_two_region_memory
    startup_stm32f427xx.o(.text) refers to system_stm32f4xx.o(i.SystemInit) for SystemInit
    startup_stm32f427xx.o(.text) refers to __main.o(!!!main) for __main
    startup_stm32f427xx.o(.text) refers to startup_stm32f427xx.o(HEAP) for Heap_Mem
    startup_stm32f427xx.o(.text) refers to startup_stm32f427xx.o(STACK) for Stack_Mem
    drv_can.o(i.HAL_CAN_RxFifo0MsgPendingCallback) refers to stm32f4xx_hal_can.o(i.HAL_CAN_GetRxMessage) for HAL_CAN_GetRxMessage
    drv_can.o(i.HAL_CAN_RxFifo0MsgPendingCallback) refers to drv_can.o(.bss) for CAN1_Manage_Object
    drv_can.o(i.HAL_CAN_RxFifo1MsgPendingCallback) refers to stm32f4xx_hal_can.o(i.HAL_CAN_GetRxMessage) for HAL_CAN_GetRxMessage
    drv_can.o(i.HAL_CAN_RxFifo1MsgPendingCallback) refers to drv_can.o(.bss) for CAN1_Manage_Object
    drv_can.o(i._Z13CAN_Send_DataP17CAN_HandleTypeDeftPht) refers to stm32f4xx_hal_can.o(i.HAL_CAN_AddTxMessage) for HAL_CAN_AddTxMessage
    drv_can.o(i._Z22CAN_Filter_Mask_ConfigP17CAN_HandleTypeDefhjj) refers to stm32f4xx_hal_can.o(i.HAL_CAN_ConfigFilter) for HAL_CAN_ConfigFilter
    drv_can.o(i._Z29TIM_CAN_PeriodElapsedCallbackv) refers to drv_can.o(i._Z13CAN_Send_DataP17CAN_HandleTypeDeftPht) for CAN_Send_Data(CAN_HandleTypeDef*, unsigned short, unsigned char*, unsigned short)
    drv_can.o(i._Z29TIM_CAN_PeriodElapsedCallbackv) refers to drv_can.o(.data) for TIM_CAN_PeriodElapsedCallback()::mod10
    drv_can.o(i._Z29TIM_CAN_PeriodElapsedCallbackv) refers to can.o(.bss) for hcan1
    drv_can.o(i._Z8CAN_InitP17CAN_HandleTypeDefPFvP20Struct_CAN_Rx_BufferE) refers to stm32f4xx_hal_can.o(i.HAL_CAN_Start) for HAL_CAN_Start
    drv_can.o(i._Z8CAN_InitP17CAN_HandleTypeDefPFvP20Struct_CAN_Rx_BufferE) refers to drv_can.o(i._Z22CAN_Filter_Mask_ConfigP17CAN_HandleTypeDefhjj) for CAN_Filter_Mask_Config(CAN_HandleTypeDef*, unsigned char, unsigned, unsigned)
    drv_can.o(i._Z8CAN_InitP17CAN_HandleTypeDefPFvP20Struct_CAN_Rx_BufferE) refers to drv_can.o(.bss) for CAN1_Manage_Object
    drv_can.o(.ARM.exidx) refers to drv_can.o(i._Z22CAN_Filter_Mask_ConfigP17CAN_HandleTypeDefhjj) for i._Z22CAN_Filter_Mask_ConfigP17CAN_HandleTypeDefhjj
    drv_can.o(.ARM.exidx) refers to drv_can.o(i._Z8CAN_InitP17CAN_HandleTypeDefPFvP20Struct_CAN_Rx_BufferE) for i._Z8CAN_InitP17CAN_HandleTypeDefPFvP20Struct_CAN_Rx_BufferE
    drv_can.o(.ARM.exidx) refers to drv_can.o(i._Z13CAN_Send_DataP17CAN_HandleTypeDeftPht) for i._Z13CAN_Send_DataP17CAN_HandleTypeDeftPht
    drv_can.o(.ARM.exidx) refers to drv_can.o(i._Z29TIM_CAN_PeriodElapsedCallbackv) for i._Z29TIM_CAN_PeriodElapsedCallbackv
    drv_can.o(.ARM.exidx) refers to drv_can.o(i.HAL_CAN_RxFifo0MsgPendingCallback) for i.HAL_CAN_RxFifo0MsgPendingCallback
    drv_can.o(.ARM.exidx) refers to drv_can.o(i.HAL_CAN_RxFifo1MsgPendingCallback) for i.HAL_CAN_RxFifo1MsgPendingCallback
[...]
    startup_stm32f427xx.s                    0x00000000   Number         0  startup_stm32f427xx.o ABSOLUTE
    RESET                                    0x08000000   Section      428  startup_stm32f427xx.o(RESET)
    !!!main                                  0x080001ac   Section        8  __main.o(!!!main)
    !!!scatter                               0x080001b4   Section       52  __scatter.o(!!!scatter)
    !!handler_copy                           0x080001e8   Section       26  __scatter_copy.o(!!handler_copy)
    !!handler_zi                             0x08000204   Section       28  __scatter_zi.o(!!handler_zi)
    .ARM.Collect$$libinit$$00000000          0x08000220   Section        2  libinit.o(.ARM.Collect$$libinit$$00000000)
    .ARM.Collect$$libinit$$00000001          0x08000222   Section        4  libinit2.o(.ARM.Collect$$libinit$$00000001)
    .ARM.Collect$$libinit$$00000004          0x08000226   Section        0  libinit2.o(.ARM.Collect$$libinit$$00000004)
    .ARM.Collect$$libinit$$0000000A          0x08000226   Section        0  libinit2.o(.ARM.Collect$$libinit$$0000000A)
    .ARM.Collect$$libinit$$0000000C          0x08000226   Section        0  libinit2.o(.ARM.Collect$$libinit$$0000000C)
    .ARM.Collect$$libinit$$0000000E          0x08000226   Section        0  libinit2.o(.ARM.Collect$$libinit$$0000000E)
    .ARM.Collect$$libinit$$00000011          0x08000226   Section        0  libinit2.o(.ARM.Collect$$libinit$$00000011)
    .ARM.Collect$$libinit$$00000013          0x08000226   Section        0  libinit2.o(.ARM.Collect$$libinit$$00000013)
    .ARM.Collect$$libinit$$00000015          0x08000226   Section        0  libinit2.o(.ARM.Collect$$libinit$$00000015)
    .ARM.Collect$$libinit$$00000017          0x08000226   Section        0  libinit2.o(.ARM.Collect$$libinit$$00000017)
    .ARM.Collect$$libinit$$00000019          0x08000226   Section        0  libinit2.o(.ARM.Collect$$libinit$$00000019)
    .ARM.Collect$$libinit$$0000001B          0x08000226   Section        0  libinit2.o(.ARM.Collect$$libinit$$0000001B)
    .ARM.Collect$$libinit$$0000001D          0x08000226   Section        0  libinit2.o(.ARM.Collect$$libinit$$0000001D)
    .ARM.Collect$$libinit$$0000001F          0x08000226   Section        0  libinit2.o(.ARM.Collect$$libinit$$0000001F)
    .ARM.Collect$$libinit$$00000021          0x08000226   Section        0  libinit2.o(.ARM.Collect$$libinit$$00000021)
    .ARM.Collect$$libinit$$00000023          0x08000226   Section        0  libinit2.o(.ARM.Collect$$libinit$$00000023)
    .ARM.Collect$$libinit$$00000025          0x08000226   Section        0  libinit2.o(.ARM.Collect$$libinit$$00000025)
    .ARM.Collect$$libinit$$0000002C          0x08000226   Section        0  libinit2.o(.ARM.Collect$$libinit$$0000002C)
    .ARM.Collect$$libinit$$0000002E          0x08000226   Section        0  libinit2.o(.ARM.Collect$$libinit$$0000002E)
    .ARM.Collect$$libinit$$00000030          0x08000226   Section        0  libinit2.o(.ARM.Collect$$libinit$$00000030)
    .ARM.Collect$$libinit$$00000032          0x08000226   Section        0  libinit2.o(.ARM.Collect$$libinit$$00000032)
    .ARM.Collect$$libinit$$00000033          0x08000226   Section        2  libinit2.o(.ARM.Collect$$libinit$$00000033)
    .ARM.Collect$$libshutdown$$00000000      0x08000228   Section        2  libshutdown.o(.ARM.Collect$$libshutdown$$00000000)
    .ARM.Collect$$libshutdown$$00000002      0x0800022a   Section        0  libshutdown2.o(.ARM.Collect$$libshutdown$$00000002)
    .ARM.Collect$$libshutdown$$00000004      0x0800022a   Section        0  libshutdown2.o(.ARM.Collect$$libshutdown$$00000004)
    .ARM.Collect$$libshutdown$$00000006      0x0800022a   Section        0  libshutdown2.o(.ARM.Collect$$libshutdown$$00000006)
    .ARM.Collect$$libshutdown$$00000009      0x0800022a   Section        0  libshutdown2.o(.ARM.Collect$$libshutdown$$00000009)
    .ARM.Collect$$libshutdown$$0000000C      0x0800022a   Section        0  libshutdown2.o(.ARM.Collect$$libshutdown$$0000000C)
    .ARM.Collect$$libshutdown$$0000000E      0x0800022a   Section        0  libshutdown2.o(.ARM.Collect$$libshutdown$$0000000E)
    .ARM.Collect$$libshutdown$$00000011      0x0800022a   Section        0  libshutdown2.o(.ARM.Collect$$libshutdown$$00000011)
    .ARM.Collect$$libshutdown$$00000012      0x0800022a   Section        2  libshutdown2.o(.ARM.Collect$$libshutdown$$00000012)
    .ARM.Collect$$rtentry$$00000000          0x0800022c   Section        0  __rtentry.o(.ARM.Collect$$rtentry$$00000000)
    .ARM.Collect$$rtentry$$00000002          0x0800022c   Section        0  __rtentry2.o(.ARM.Collect$$rtentry$$00000002)
    .ARM.Collect$$rtentry$$00000004          0x0800022c   Section        6  __rtentry4.o(.ARM.Collect$$rtentry$$00000004)
    .ARM.Collect$$rtentry$$00000009          0x08000232   Section        0  __rtentry2.o(.ARM.Collect$$rtentry$$00000009)
    .ARM.Collect$$rtentry$$0000000A          0x08000232   Section        4  __rtentry2.o(.ARM.Collect$$rtentry$$0000000A)
    .ARM.Collect$$rtentry$$0000000C          0x08000236   Section        0  __rtentry2.o(.ARM.Collect$$rtentry$$0000000C)
    .ARM.Collect$$rtentry$$0000000D          0x08000236   Section        8  __rtentry2.o(.ARM.Collect$$rtentry$$0000000D)
    .ARM.Collect$$rtexit$$00000000           0x0800023e   Section        2  rtexit.o(.ARM.Collect$$rtexit$$00000000)
    .ARM.Collect$$rtexit$$00000002           0x08000240   Section        0  rtexit2.o(.ARM.Collect$$rtexit$$00000002)
    .ARM.Collect$$rtexit$$00000003           0x08000240   Section        4  rtexit2.o(.ARM.Collect$$rtexit$$00000003)
    .ARM.Collect$$rtexit$$00000004           0x08000244   Section        6  rtexit2.o(.ARM.Collect$$rtexit$$00000004)
    .text                                    0x0800024c   Section       64  startup_stm32f427xx.o(.text)
    $v0                                      0x0800024c   Number         0  startup_stm32f427xx.o(.text)
    .text                                    0x0800028c   Section      238  lludivv7m.o(.text)
    .text                                    0x0800037a   Section       78  rt_memclr_w.o(.text)
    .text                                    0x080003c8   Section        0  heapauxi.o(.text)
    .text                                    0x080003ce   Section       74  sys_stackheap_outer.o(.text)
    .text                                    0x08000418   Section        0  exit.o(.text)
    .text                                    0x0800042c   Section        8  libspace.o(.text)
    .text                                    0x08000434   Section        0  sys_exit.o(.text)
    .text                                    0x08000440   Section        2  use_no_semi.o(.text)
    .text                                    0x08000442   Section        0  indicate_semi.o(.text)
    i.BusFault_Handler                       0x08000442   Section        0  stm32f4xx_it.o(i.BusFault_Handler)
    i.CAN1_RX0_IRQHandler                    0x08000448   Section        0  stm32f4xx_it.o(i.CAN1_RX0_IRQHandler)
    i.CAN1_RX1_IRQHandler                    0x08000458   Section        0  stm32f4xx_it.o(i.CAN1_RX1_IRQHandler)
    i.DMA1_Stream5_IRQHandler                0x08000468   Section        0  stm32f4xx_it.o(i.DMA1_Stream5_IRQHandler)
    i.DMA1_Stream6_IRQHandler                0x08000478   Section        0  stm32f4xx_it.o(i.DMA1_Stream6_IRQHandler)
    i.DebugMon_Handler                       0x08000488   Section        0  stm32f4xx_it.o(i.DebugMon_Handler)
    i.Error_Handler                          0x0800048a   Section        0  main.o(i.Error_Handler)
    i.FLASH_Erase_Sector                     0x08000490   Section        0  stm32f4xx_hal_flash_ex.o(i.FLASH_Erase_Sector)
    i.FLASH_FlushCaches                      0x080004f0   Section        0  stm32f4xx_hal_flash_ex.o(i.FLASH_FlushCaches)
    i.FLASH_WaitForLastOperation             0x08000568   Section        0  stm32f4xx_hal_flash.o(i.FLASH_WaitForLastOperation)
    i.HAL_CAN_AddTxMessage                   0x080005cc   Section        0  stm32f4xx_hal_can.o(i.HAL_CAN_AddTxMessage)
    i.HAL_CAN_ConfigFilter                   0x08000718   Section        0  stm32f4xx_hal_can.o(i.HAL_CAN_ConfigFilter)
    i.HAL_CAN_ErrorCallback                  0x0800083c   Section        0  stm32f4xx_hal_can.o(i.HAL_CAN_ErrorCallback)
    i.HAL_CAN_GetRxMessage                   0x0800083e   Section        0  stm32f4xx_hal_can.o(i.HAL_CAN_GetRxMessage)
    i.HAL_CAN_IRQHandler                     0x080009d2   Section        0  stm32f4xx_hal_can.o(i.HAL_CAN_IRQHandler)
    i.HAL_CAN_Init                           0x08000c20   Section        0  stm32f4xx_hal_can.o(i.HAL_CAN_Init)
    i.HAL_CAN_MspInit                        0x08000d94   Section        0  can.o(i.HAL_CAN_MspInit)
    i.HAL_CAN_RxFifo0FullCallback            0x08000e3c   Section        0  stm32f4xx_hal_can.o(i.HAL_CAN_RxFifo0FullCallback)
    i.HAL_CAN_RxFifo0MsgPendingCallback      0x08000e40   Section        0  drv_can.o(i.HAL_CAN_RxFifo0MsgPendingCallback)
    i.HAL_CAN_RxFifo1FullCallback            0x08000e98   Section        0  stm32f4xx_hal_can.o(i.HAL_CAN_RxFifo1FullCallback)
    i.HAL_CAN_RxFifo1MsgPendingCallback      0x08000e9c   Section        0  drv_can.o(i.HAL_CAN_RxFifo1MsgPendingCallback)
    i.HAL_CAN_SleepCallback                  0x08000ef4   Section        0  stm32f4xx_hal_can.o(i.HAL_CAN_SleepCallback)
    i.HAL_CAN_Start                          0x08000ef6   Section        0  stm32f4xx_hal_can.o(i.HAL_CAN_Start)
    i.HAL_CAN_TxMailbox0AbortCallback        0x08000f54   Section        0  stm32f4xx_hal_can.o(i.HAL_CAN_TxMailbox0AbortCallback)
    i.HAL_CAN_TxMailbox0CompleteCallback     0x08000f56   Section        0  stm32f4xx_hal_can.o(i.HAL_CAN_TxMailbox0CompleteCallback)
    i.HAL_CAN_TxMailbox1AbortCallback        0x08000f58   Section        0  stm32f4xx_hal_can.o(i.HAL_CAN_TxMailbox1AbortCallback)
    i.HAL_CAN_TxMailbox1CompleteCallback     0x08000f5a   Section        0  stm32f4xx_hal_can.o(i.HAL_CAN_TxMailbox1CompleteCallback)
    i.HAL_CAN_TxMailbox2AbortCallback        0x08000f5c   Section        0  stm32f4xx_hal_can.o(i.HAL_CAN_TxMailbox2AbortCallback)
    i.HAL_CAN_TxMailbox2CompleteCallback     0x08000f5e   Section        0  stm32f4xx_hal_can.o(i.HAL_CAN_TxMailbox2CompleteCallback)
    i.HAL_CAN_WakeUpFromRxMsgCallback        0x08000f60   Section        0  stm32f4xx_hal_can.o(i.HAL_CAN_WakeUpFromRxMsgCallback)
    i.HAL_DMA_Abort                          0x08000f62   Section        0  stm32f4xx_hal_dma.o(i.HAL_DMA_Abort)
    i.HAL_DMA_Abort_IT                       0x0800100e   Section        0  stm32f4xx_hal_dma.o(i.HAL_DMA_Abort_IT)
    i.HAL_DMA_IRQHandler                     0x08001038   Section        0  stm32f4xx_hal_dma.o(i.HAL_DMA_IRQHandler)
    i.HAL_Delay                              0x08001278   Section        0  stm32f4xx_hal.o(i.HAL_Delay)
    i.HAL_FLASHEx_Erase                      0x080012a0   Section        0  stm32f4xx_hal_flash_ex.o(i.HAL_FLASHEx_Erase)
    i.HAL_FLASH_Lock                         0x08001350   Section        0  stm32f4xx_hal_flash.o(i.HAL_FLASH_Lock)
    i.HAL_FLASH_Program                      0x08001364   Section        0  stm32f4xx_hal_flash.o(i.HAL_FLASH_Program)
    i.HAL_FLASH_Unlock                       0x080013fc   Section        0  stm32f4xx_hal_flash.o(i.HAL_FLASH_Unlock)
    i.HAL_GPIO_Init                          0x08001430   Section        0  stm32f4xx_hal_gpio.o(i.HAL_GPIO_Init)
    i.HAL_GPIO_WritePin                      0x08001640   Section        0  stm32f4xx_hal_gpio.o(i.HAL_GPIO_WritePin)
    i.HAL_GetTick                            0x0800164c   Section        0  stm32f4xx_hal.o(i.HAL_GetTick)
    i.HAL_IncTick                            0x08001658   Section        0  stm32f4xx_hal.o(i.HAL_IncTick)
    i.HAL_Init                               0x08001670   Section        0  stm32f4xx_hal.o(i.HAL_Init)
    i.HAL_InitTick                           0x080016ac   Section        0  stm32f4xx_hal.o(i.HAL_InitTick)
    i.HAL_MspInit                            0x080016f8   Section        0  stm32f4xx_hal_msp.o(i.HAL_MspInit)
    i.HAL_NVIC_EnableIRQ                     0x08001740   Section        0  stm32f4xx_hal_cortex.o(i.HAL_NVIC_EnableIRQ)
    i.HAL_NVIC_SetPriority                   0x08001768   Section        0  stm32f4xx_hal_cortex.o(i.HAL_NVIC_SetPriority)
    i.HAL_NVIC_SetPriorityGrouping           0x080017e4   Section        0  stm32f4xx_hal_cortex.o(i.HAL_NVIC_SetPriorityGrouping)
    i.HAL_PWREx_EnableOverDrive              0x0800180c   Section        0  stm32f4xx_hal_pwr_ex.o(i.HAL_PWREx_EnableOverDrive)
    i.HAL_RCC_ClockConfig                    0x08001898   Section        0  stm32f4xx_hal_rcc.o(i.HAL_RCC_ClockConfig)
    i.HAL_RCC_GetSysClockFreq                0x08001a1c   Section        0  stm32f4xx_hal_rcc.o(i.HAL_RCC_GetSysClockFreq)
    i.HAL_RCC_OscConfig                      0x08001acc   Section        0  stm32f4xx_hal_rcc.o(i.HAL_RCC_OscConfig)
    i.HAL_SYSTICK_Config                     0x08001f68   Section        0  stm32f4xx_hal_cortex.o(i.HAL_SYSTICK_Config)
    i.HAL_UARTEx_RxEventCallback             0x08001f9c   Section        0  stm32f4xx_hal_uart.o(i.HAL_UARTEx_RxEventCallback)
    i.HAL_UART_ErrorCallback                 0x08001f9e   Section        0  stm32f4xx_hal_uart.o(i.HAL_UART_ErrorCallback)
    i.HAL_UART_IRQHandler                    0x08001fa0   Section        0  stm32f4xx_hal_uart.o(i.HAL_UART_IRQHandler)
    i.HAL_UART_RxCpltCallback                0x08002288   Section        0  stm32f4xx_hal_uart.o(i.HAL_UART_RxCpltCallback)
    i.HAL_UART_TxCpltCallback                0x0800228a   Section        0  stm32f4xx_hal_uart.o(i.HAL_UART_TxCpltCallback)
    i.HardFault_Handler                      0x0800228c   Section        0  stm32f4xx_it.o(i.HardFault_Handler)
    i.MX_CAN1_Init                           0x08002290   Section        0  can.o(i.MX_CAN1_Init)
    i.MX_GPIO_Init                           0x080022d4   Section        0  gpio.o(i.MX_GPIO_Init)
    i.MemManage_Handler                      0x0800236c   Section        0  stm32f4xx_it.o(i.MemManage_Handler)
    i.NMI_Handler                            0x08002370   Section        0  stm32f4xx_it.o(i.NMI_Handler)
    i.PendSV_Handler                         0x08002374   Section        0  stm32f4xx_it.o(i.PendSV_Handler)
    i.SVC_Handler                            0x08002376   Section        0  stm32f4xx_it.o(i.SVC_Handler)
    i.SysTick_Handler                        0x08002378   Section        0  stm32f4xx_it.o(i.SysTick_Handler)
    i.SystemInit                             0x08002380   Section        0  system_stm32f4xx.o(i.SystemInit)
    i.USART2_IRQHandler                      0x08002394   Section        0  stm32f4xx_it.o(i.USART2_IRQHandler)
    i.UsageFault_Handler                     0x080023a4   Section        0  stm32f4xx_it.o(i.UsageFault_Handler)
    i._Z13CAN_Send_DataP17CAN_HandleTypeDeftPht 0x080023a8   Section        0  drv_can.o(i._Z13CAN_Send_DataP17CAN_HandleTypeDeftPht)
    i._Z18SystemClock_Configv                0x080023d0   Section        0  main.o(i._Z18SystemClock_Configv)
    i._Z19CAN_Motor_Call_BackP20Struct_CAN_Rx_Buffer 0x0800248c   Section        0  main.o(i._Z19CAN_Motor_Call_BackP20Struct_CAN_Rx_Buffer)
    i._Z22CAN_Filter_Mask_ConfigP17CAN_HandleTypeDefhjj 0x08002658   Section        0  drv_can.o(i._Z22CAN_Filter_Mask_ConfigP17CAN_HandleTypeDefhjj)
    i._Z8CAN_InitP17CAN_HandleTypeDefPFvP20Struct_CAN_Rx_BufferE 0x080026c8   Section        0  drv_can.o(i._Z8CAN_InitP17CAN_HandleTypeDefPFvP20Struct_CAN_Rx_BufferE)
    i._ZN27_INTERNAL_6_main_c_4e3d36c010st_machineEv 0x0800274c   Section        0  main.o(i._ZN27_INTERNAL_6_main_c_4e3d36c010st_machineEv)
    [local to main_c]::st_machine()          0x0800274d   Thumb Code   320  main.o(i._ZN27_INTERNAL_6_main_c_4e3d36c010st_machineEv)
    i._ZN27_INTERNAL_6_main_c_4e3d36c010start_moveEi 0x080028bc   Section        0  main.o(i._ZN27_INTERNAL_6_main_c_4e3d36c010start_moveEi)
    [local to main_c]::start_move(int)       0x080028bd   Thumb Code   114  main.o(i._ZN27_INTERNAL_6_main_c_4e3d36c010start_moveEi)
    i._ZN27_INTERNAL_6_main_c_4e3d36c011persist_getEv 0x0800295c   Section        0  main.o(i._ZN27_INTERNAL_6_main_c_4e3d36c011persist_getEv)
    [local to main_c]::persist_get()         0x0800295d   Thumb Code    18  main.o(i._ZN27_INTERNAL_6_main_c_4e3d36c011persist_getEv)
    i._ZN27_INTERNAL_6_main_c_4e3d36c011persist_setEv 0x08002978   Section        0  main.o(i._ZN27_INTERNAL_6_main_c_4e3d36c011persist_setEv)
    [local to main_c]::persist_set()         0x08002979   Thumb Code    78  main.o(i._ZN27_INTERNAL_6_main_c_4e3d36c011persist_setEv)
    i._ZN27_INTERNAL_6_main_c_4e3d36c012rng_in_rangeEi 0x080029d0   Section        0  main.o(i._ZN27_INTERNAL_6_main_c_4e3d36c012rng_in_rangeEi)
    [local to main_c]::rng_in_range(int)     0x080029d1   Thumb Code    24  main.o(i._ZN27_INTERNAL_6_main_c_4e3d36c012rng_in_rangeEi)
    i._ZN27_INTERNAL_6_main_c_4e3d36c013local_now_cntEv 0x080029e8   Section        0  main.o(i._ZN27_INTERNAL_6_main_c_4e3d36c013local_now_cntEv)
    [local to main_c]::local_now_cnt()       0x080029e9   Thumb Code    18  main.o(i._ZN27_INTERNAL_6_main_c_4e3d36c013local_now_cntEv)
    i._ZN27_INTERNAL_6_main_c_4e3d36c013ze300_restartEv 0x08002a04   Section        0  main.o(i._ZN27_INTERNAL_6_main_c_4e3d36c013ze300_restartEv)
    [local to main_c]::ze300_restart()       0x08002a05   Thumb Code    22  main.o(i._ZN27_INTERNAL_6_main_c_4e3d36c013ze300_restartEv)
    i._ZN27_INTERNAL_6_main_c_4e3d36c014ze300_read_posEv 0x08002a24   Section        0  main.o(i._ZN27_INTERNAL_6_main_c_4e3d36c014ze300_read_posEv)
    [local to main_c]::ze300_read_pos()      0x08002a25   Thumb Code    20  main.o(i._ZN27_INTERNAL_6_main_c_4e3d36c014ze300_read_posEv)
    i._ZN27_INTERNAL_6_main_c_4e3d36c014ze300_set_addrEh 0x08002a3c   Section        0  main.o(i._ZN27_INTERNAL_6_main_c_4e3d36c014ze300_set_addrEh)
    [local to main_c]::ze300_set_addr(unsigned char) 0x08002a3d   Thumb Code    26  main.o(i._ZN27_INTERNAL_6_main_c_4e3d36c014ze300_set_addrEh)
    i._ZN27_INTERNAL_6_main_c_4e3d36c015pos_iq_limit_maEj 0x08002a5c   Section        0  main.o(i._ZN27_INTERNAL_6_main_c_4e3d36c015pos_iq_limit_maEj)
    [local to main_c]::pos_iq_limit_ma(unsigned) 0x08002a5d   Thumb Code    34  main.o(i._ZN27_INTERNAL_6_main_c_4e3d36c015pos_iq_limit_maEj)
    i._ZN27_INTERNAL_6_main_c_4e3d36c016ze300_set_originEv 0x08002a88   Section        0  main.o(i._ZN27_INTERNAL_6_main_c_4e3d36c016ze300_set_originEv)
    [local to main_c]::ze300_set_origin()    0x08002a89   Thumb Code    20  main.o(i._ZN27_INTERNAL_6_main_c_4e3d36c016ze300_set_originEv)
    i._ZN27_INTERNAL_6_main_c_4e3d36c016ze300_target_cntEi 0x08002aa0   Section        0  main.o(i._ZN27_INTERNAL_6_main_c_4e3d36c016ze300_target_cntEi)
    [local to main_c]::ze300_target_cnt(int) 0x08002aa1   Thumb Code    34  main.o(i._ZN27_INTERNAL_6_main_c_4e3d36c016ze300_target_cntEi)
    i._ZN27_INTERNAL_6_main_c_4e3d36c017pos_max_speed_rpmEi 0x08002acc   Section        0  main.o(i._ZN27_INTERNAL_6_main_c_4e3d36c017pos_max_speed_rpmEi)
    [local to main_c]::pos_max_speed_rpm(int) 0x08002acd   Thumb Code    38  main.o(i._ZN27_INTERNAL_6_main_c_4e3d36c017pos_max_speed_rpmEi)
    i._ZN27_INTERNAL_6_main_c_4e3d36c05brakeEh 0x08002afc   Section        0  main.o(i._ZN27_INTERNAL_6_main_c_4e3d36c05brakeEh)
    [local to main_c]::brake(unsigned char)  0x08002afd   Thumb Code    38  main.o(i._ZN27_INTERNAL_6_main_c_4e3d36c05brakeEh)
    i._ZN27_INTERNAL_6_main_c_4e3d36c07norm180Ei 0x08002b28   Section        0  main.o(i._ZN27_INTERNAL_6_main_c_4e3d36c07norm180Ei)
    [local to main_c]::norm180(int)          0x08002b29   Thumb Code    40  main.o(i._ZN27_INTERNAL_6_main_c_4e3d36c07norm180Ei)
    i._ZN27_INTERNAL_6_main_c_4e3d36c08can_sendEtPKhh 0x08002b50   Section        0  main.o(i._ZN27_INTERNAL_6_main_c_4e3d36c08can_sendEtPKhh)
    [local to main_c]::can_send(unsigned short, const unsigned char*, unsigned char) 0x08002b51   Thumb Code    22  main.o(i._ZN27_INTERNAL_6_main_c_4e3d36c08can_sendEtPKhh)
    i._ZN27_INTERNAL_6_main_c_4e3d36c08rng_nextEv 0x08002b6c   Section        0  main.o(i._ZN27_INTERNAL_6_main_c_4e3d36c08rng_nextEv)
    [local to main_c]::rng_next()            0x08002b6d   Thumb Code    22  main.o(i._ZN27_INTERNAL_6_main_c_4e3d36c08rng_nextEv)
    i._ZN27_INTERNAL_6_main_c_4e3d36c08trap_accEhi 0x08002b90   Section        0  main.o(i._ZN27_INTERNAL_6_main_c_4e3d36c08trap_accEhi)
    [local to main_c]::trap_acc(unsigned char, int) 0x08002b91   Thumb Code    38  main.o(i._ZN27_INTERNAL_6_main_c_4e3d36c08trap_accEhi)
    i._ZN27_INTERNAL_6_main_c_4e3d36c09get_f32leEPKh 0x08002bb6   Section        0  main.o(i._ZN27_INTERNAL_6_main_c_4e3d36c09get_f32leEPKh)
    [local to main_c]::get_f32le(const unsigned char*) 0x08002bb7   Thumb Code    30  main.o(i._ZN27_INTERNAL_6_main_c_4e3d36c09get_f32leEPKh)
    i._ZN27_INTERNAL_6_main_c_4e3d36c09get_i32leEPKh 0x08002bd4   Section        0  main.o(i._ZN27_INTERNAL_6_main_c_4e3d36c09get_i32leEPKh)
    [local to main_c]::get_i32le(const unsigned char*) 0x08002bd5   Thumb Code    24  main.o(i._ZN27_INTERNAL_6_main_c_4e3d36c09get_i32leEPKh)
    i._ZN27_INTERNAL_6_main_c_4e3d36c09home_bootEv 0x08002bec   Section        0  main.o(i._ZN27_INTERNAL_6_main_c_4e3d36c09home_bootEv)
    [local to main_c]::home_boot()           0x08002bed   Thumb Code   160  main.o(i._ZN27_INTERNAL_6_main_c_4e3d36c09home_bootEv)
    i._ZN27_INTERNAL_6_main_c_4e3d36c09pid_writeEhf 0x08002c94   Section        0  main.o(i._ZN27_INTERNAL_6_main_c_4e3d36c09pid_writeEhf)
    [local to main_c]::pid_write(unsigned char, float) 0x08002c95   Thumb Code    54  main.o(i._ZN27_INTERNAL_6_main_c_4e3d36c09pid_writeEhf)
    i._ZN27_INTERNAL_6_main_c_4e3d36c09put_f32leEPhf 0x08002cca   Section        0  main.o(i._ZN27_INTERNAL_6_main_c_4e3d36c09put_f32leEPhf)
    [local to main_c]::put_f32le(unsigned char*, float) 0x08002ccb   Thumb Code    30  main.o(i._ZN27_INTERNAL_6_main_c_4e3d36c09put_f32leEPhf)
    i._ZN27_INTERNAL_6_main_c_4e3d36c09put_i32leEPhi 0x08002ce8   Section        0  main.o(i._ZN27_INTERNAL_6_main_c_4e3d36c09put_i32leEPhi)
    [local to main_c]::put_i32le(unsigned char*, int) 0x08002ce9   Thumb Code    16  main.o(i._ZN27_INTERNAL_6_main_c_4e3d36c09put_i32leEPhi)
    i._ZN42_INTERNAL_20_stm32f4xx_hal_uart_c_d497114f15UART_Receive_ITEP20__UART_HandleTypeDef 0x08002cf8   Section        0  stm32f4xx_hal_uart.o(i._ZN42_INTERNAL_20_stm32f4xx_hal_uart_c_d497114f15UART_Receive_ITEP20__UART_HandleTypeDef)
    [local to stm32f4xx_hal_uart_c]::UART_Receive_IT(__UART_HandleTypeDef*) 0x08002cf9   Thumb Code   252  stm32f4xx_hal_uart.o(i._ZN42_INTERNAL_20_stm32f4xx_hal_uart_c_d497114f15UART_Receive_ITEP20__UART_HandleTypeDef)
    i._ZN42_INTERNAL_20_stm32f4xx_hal_uart_c_d497114f16UART_Transmit_ITEP20__UART_HandleTypeDef 0x08002df4   Section        0  stm32f4xx_hal_uart.o(i._ZN42_INTERNAL_20_stm32f4xx_hal_uart_c_d497114f16UART_Transmit_ITEP20__UART_HandleTypeDef)
    [local to stm32f4xx_hal_uart_c]::UART_Transmit_IT(__UART_HandleTypeDef*) 0x08002df5   Thumb Code    96  stm32f4xx_hal_uart.o(i._ZN42_INTERNAL_20_stm32f4xx_hal_uart_c_d497114f16UART_Transmit_ITEP20__UART_HandleTypeDef)
    i._ZN42_INTERNAL_20_stm32f4xx_hal_uart_c_d497114f18UART_EndRxTransferEP20__UART_HandleTypeDef 0x08002e54   Section        0  stm32f4xx_hal_uart.o(i._ZN42_INTERNAL_20_stm32f4xx_hal_uart_c_d497114f18UART_EndRxTransferEP20__UART_HandleTypeDef)
    [local to stm32f4xx_hal_uart_c]::UART_EndRxTransfer(__UART_HandleTypeDef*) 0x08002e55   Thumb Code   108  stm32f4xx_hal_uart.o(i._ZN42_INTERNAL_20_stm32f4xx_hal_uart_c_d497114f18UART_EndRxTransferEP20__UART_HandleTypeDef)
    i._ZN42_INTERNAL_20_stm32f4xx_hal_uart_c_d497114f19UART_EndTransmit_ITEP20__UART_HandleTypeDef 0x08002ec0   Section        0  stm32f4xx_hal_uart.o(i._ZN42_INTERNAL_20_stm32f4xx_hal_uart_c_d497114f19UART_EndTransmit_ITEP20__UART_HandleTypeDef)
    [local to stm32f4xx_hal_uart_c]::UART_EndTransmit_IT(__UART_HandleTypeDef*) 0x08002ec1   Thumb Code    32  stm32f4xx_hal_uart.o(i._ZN42_INTERNAL_20_stm32f4xx_hal_uart_c_d497114f19UART_EndTransmit_ITEP20__UART_HandleTypeDef)
    i._ZN42_INTERNAL_20_stm32f4xx_hal_uart_c_d497114f20UART_DMAAbortOnErrorEP19__DMA_HandleTypeDef 0x08002ee0   Section        0  stm32f4xx_hal_uart.o(i._ZN42_INTERNAL_20_stm32f4xx_hal_uart_c_d497114f20UART_DMAAbortOnErrorEP19__DMA_HandleTypeDef)
    [local to stm32f4xx_hal_uart_c]::UART_DMAAbortOnError(__DMA_HandleTypeDef*) 0x08002ee1   Thumb Code    20  stm32f4xx_hal_uart.o(i._ZN42_INTERNAL_20_stm32f4xx_hal_uart_c_d497114f20UART_DMAAbortOnErrorEP19__DMA_HandleTypeDef)
    i._ZN43_INTERNAL_21_stm32f4xx_hal_flash_c_48aa8f3e18FLASH_Program_ByteEjh 0x08002ef4   Section        0  stm32f4xx_hal_flash.o(i._ZN43_INTERNAL_21_stm32f4xx_hal_flash_c_48aa8f3e18FLASH_Program_ByteEjh)
    [local to stm32f4xx_hal_flash_c]::FLASH_Program_Byte(unsigned, unsigned char) 0x08002ef5   Thumb Code    32  stm32f4xx_hal_flash.o(i._ZN43_INTERNAL_21_stm32f4xx_hal_flash_c_48aa8f3e18FLASH_Program_ByteEjh)
    i._ZN43_INTERNAL_21_stm32f4xx_hal_flash_c_48aa8f3e18FLASH_Program_WordEjj 0x08002f18   Section        0  stm32f4xx_hal_flash.o(i._ZN43_INTERNAL_21_stm32f4xx_hal_flash_c_48aa8f3e18FLASH_Program_WordEjj)
    [local to stm32f4xx_hal_flash_c]::FLASH_Program_Word(unsigned, unsigned) 0x08002f19   Thumb Code    36  stm32f4xx_hal_flash.o(i._ZN43_INTERNAL_21_stm32f4xx_hal_flash_c_48aa8f3e18FLASH_Program_WordEjj)
    i._ZN43_INTERNAL_21_stm32f4xx_hal_flash_c_48aa8f3e18FLASH_SetErrorCodeEv 0x08002f40   Section        0  stm32f4xx_hal_flash.o(i._ZN43_INTERNAL_21_stm32f4xx_hal_flash_c_48aa8f3e18FLASH_SetErrorCodeEv)
    [local to stm32f4xx_hal_flash_c]::FLASH_SetErrorCode() 0x08002f41   Thumb Code   172  stm32f4xx_hal_flash.o(i._ZN43_INTERNAL_21_stm32f4xx_hal_flash_c_48aa8f3e18FLASH_SetErrorCodeEv)
    i._ZN43_INTERNAL_21_stm32f4xx_hal_flash_c_48aa8f3e22FLASH_Program_HalfWordEjt 0x08002ff4   Section        0  stm32f4xx_hal_flash.o(i._ZN43_INTERNAL_21_stm32f4xx_hal_flash_c_48aa8f3e22FLASH_Program_HalfWordEjt)
    [local to stm32f4xx_hal_flash_c]::FLASH_Program_HalfWord(unsigned, unsigned short) 0x08002ff5   Thumb Code    36  stm32f4xx_hal_flash.o(i._ZN43_INTERNAL_21_stm32f4xx_hal_flash_c_48aa8f3e22FLASH_Program_HalfWordEjt)
    i._ZN43_INTERNAL_21_stm32f4xx_hal_flash_c_48aa8f3e24FLASH_Program_DoubleWordEjy 0x0800301c   Section        0  stm32f4xx_hal_flash.o(i._ZN43_INTERNAL_21_stm32f4xx_hal_flash_c_48aa8f3e24FLASH_Program_DoubleWordEjy)
    [local to stm32f4xx_hal_flash_c]::FLASH_Program_DoubleWord(unsigned, unsigned long long) 0x0800301d   Thumb Code    44  stm32f4xx_hal_flash.o(i._ZN43_INTERNAL_21_stm32f4xx_hal_flash_c_48aa8f3e24FLASH_Program_DoubleWordEjy)
    i._ZN44_INTERNAL_22_stm32f4xx_hal_cortex_c_2992dbc018__NVIC_SetPriorityE9IRQn_Typej 0x0800304c   Section        0  stm32f4xx_hal_cortex.o(i._ZN44_INTERNAL_22_stm32f4xx_hal_cortex_c_2992dbc018__NVIC_SetPriorityE9IRQn_Typej)
    [local to stm32f4xx_hal_cortex_c]::__NVIC_SetPriority(IRQn_Type, unsigned) 0x0800304d   Thumb Code    32  stm32f4xx_hal_cortex.o(i._ZN44_INTERNAL_22_stm32f4xx_hal_cortex_c_2992dbc018__NVIC_SetPriorityE9IRQn_Typej)
    i._ZN44_INTERNAL_22_stm32f4xx_hal_cortex_c_2992dbc026__NVIC_GetPriorityGroupingEv 0x08003074   Section        0  stm32f4xx_hal_cortex.o(i._ZN44_INTERNAL_22_stm32f4xx_hal_cortex_c_2992dbc026__NVIC_GetPriorityGroupingEv)
    [local to stm32f4xx_hal_cortex_c]::__NVIC_GetPriorityGrouping() 0x08003075   Thumb Code    10  stm32f4xx_hal_cortex.o(i._ZN44_INTERNAL_22_stm32f4xx_hal_cortex_c_2992dbc026__NVIC_GetPriorityGroupingEv)
    i._ZN46_INTERNAL_24_stm32f4xx_hal_flash_ex_c_6648b60e15FLASH_MassEraseEhj 0x08003084   Section        0  stm32f4xx_hal_flash_ex.o(i._ZN46_INTERNAL_24_stm32f4xx_hal_flash_ex_c_6648b60e15FLASH_MassEraseEhj)
    [local to stm32f4xx_hal_flash_ex_c]::FLASH_MassErase(unsigned char, unsigned) 0x08003085   Thumb Code    80  stm32f4xx_hal_flash_ex.o(i._ZN46_INTERNAL_24_stm32f4xx_hal_flash_ex_c_6648b60e15FLASH_MassEraseEhj)
    i.main                                   0x080030d8   Section        0  main.o(i.main)
    x$fpl$fpinit                             0x080036e8   Section       10  fpinit.o(x$fpl$fpinit)
    $v0                                      0x080036e8   Number         0  fpinit.o(x$fpl$fpinit)
    .constdata                               0x080036f2   Section        8  main.o(.constdata)
    main::rd_cmds                            0x080036f2   Data           8  main.o(.constdata)
    .constdata                               0x080036fa   Section       24  system_stm32f4xx.o(.constdata)
    .data                                    0x20000000   Section      202  main.o(.data)
    g_first_hold                             0x20000088   Data           1  main.o(.data)
    g_rd_idx                                 0x20000089   Data           1  main.o(.data)
    g_last_rd_ms                             0x2000008c   Data           4  main.o(.data)
    g_last_cmd_deg                           0x20000090   Data           4  main.o(.data)
    rb_pkp                                   0x20000094   Data           4  main.o(.data)
    rb_pki                                   0x20000098   Data           4  main.o(.data)
    rb_vkp                                   0x2000009c   Data           4  main.o(.data)
    rb_vki                                   0x200000a0   Data           4  main.o(.data)
    f_pkp                                    0x200000a4   Data           1  main.o(.data)
    f_pki                                    0x200000a5   Data           1  main.o(.data)
    f_vkp                                    0x200000a6   Data           1  main.o(.data)
    f_vki                                    0x200000a7   Data           1  main.o(.data)
    c_pkp                                    0x200000a8   Data           1  main.o(.data)
    c_pki                                    0x200000a9   Data           1  main.o(.data)
    c_vkp                                    0x200000aa   Data           1  main.o(.data)
    c_vki                                    0x200000ab   Data           1  main.o(.data)
    f_d0                                     0x200000ac   Data           1  main.o(.data)
    f_d1                                     0x200000ad   Data           1  main.o(.data)
    f_b2                                     0x200000ae   Data           1  main.o(.data)
    f_b3                                     0x200000af   Data           1  main.o(.data)
    pid_loaded                               0x200000b0   Data           1  main.o(.data)
    g_auto_next_ms                           0x200000b4   Data           4  main.o(.data)
    g_last_ack_cnt                           0x200000b8   Data           4  main.o(.data)
    g_st_t0                                  0x200000bc   Data           4  main.o(.data)
    g_last_poll_ms                           0x200000c0   Data           4  main.o(.data)
    g_rng                                    0x200000c4   Data           4  main.o(.data)
    g_ba_addr                                0x200000c8   Data           1  main.o(.data)
    g_ba_ok                                  0x200000c9   Data           1  main.o(.data)
    .data                                    0x200000cc   Section        9  stm32f4xx_hal.o(.data)
    .data                                    0x200000d8   Section        4  system_stm32f4xx.o(.data)
    .bss                                     0x200000dc   Section       88  drv_can.o(.bss)
    .bss                                     0x20000134   Section       40  can.o(.bss)
    .bss                                     0x2000015c   Section      264  usart.o(.bss)
    .bss                                     0x20000264   Section       32  stm32f4xx_hal_flash.o(.bss)
    .bss                                     0x20000284   Section       96  libspace.o(.bss)
    HEAP                                     0x200002e8   Section      512  startup_stm32f427xx.o(HEAP)
    Heap_Mem                                 0x200002e8   Data         512  startup_stm32f427xx.o(HEAP)
    STACK                                    0x200004e8   Section     1024  startup_stm32f427xx.o(STACK)
    Stack_Mem                                0x200004e8   Data        1024  startup_stm32f427xx.o(STACK)
    __initial_sp                             0x200008e8   Data           0  startup_stm32f427xx.o(STACK)

    Global Symbols

    Symbol Name                              Value     Ov Type        Size  Object(Section)

    BuildAttributes$$THM_ISAv4$E$P$D$K$B$S$7EM$VFPi3$EXTD16$VFPS$VFMA$PE$A:L22UL41UL21$X:L11$S22US41US21$IEEE1$IW$USESV6$~STKCKD$USESV7$~SHL$OSPACE$ROPI$EBA8$UX$STANDARDLIB$REQ8$PRES8$EABIv2 0x00000000   Number         0  anon$$obj.o ABSOLUTE
    __ARM_use_no_argv                        0x00000000   Number         0  main.o ABSOLUTE
    __ARM_exceptions_init                     - Undefined Weak Reference
    __alloca_initialize                       - Undefined Weak Reference
    __arm_fini_                               - Undefined Weak Reference
    __arm_preinit_                            - Undefined Weak Reference
    __cpp_initialize__aeabi_                  - Undefined Weak Reference
    __cxa_finalize                            - Undefined Weak Reference
    __rt_locale                               - Undefined Weak Reference
    __sigvec_lookup                           - Undefined Weak Reference
    _atexit_init                              - Undefined Weak Reference
    _call_atexit_fns                          - Undefined Weak Reference
    _clock_init                               - Undefined Weak Reference
    _fp_trap_init                             - Undefined Weak Reference
    _fp_trap_shutdown                         - Undefined Weak Reference
    _get_lc_collate                           - Undefined Weak Reference
    _get_lc_ctype                             - Undefined Weak Reference
    _get_lc_monetary                          - Undefined Weak Reference
    _get_lc_numeric                           - Undefined Weak Reference
    _get_lc_time                              - Undefined Weak Reference
    _getenv_init                              - Undefined Weak Reference
    _handle_redirection                       - Undefined Weak Reference
    _init_alloc                               - Undefined Weak Reference
    _init_user_alloc                          - Undefined Weak Reference
    _initio                                   - Undefined Weak Reference
    _rand_init                                - Undefined Weak Reference
    _signal_finish                            - Undefined Weak Reference
    _signal_init                              - Undefined Weak Reference
    _terminate_alloc                          - Undefined Weak Reference
    _terminate_user_alloc                     - Undefined Weak Reference
    _terminateio                              - Undefined Weak Reference
    __Vectors_Size                           0x000001ac   Number         0  startup_stm32f427xx.o ABSOLUTE
    __Vectors                                0x08000000   Data           4  startup_stm32f427xx.o(RESET)
    __Vectors_End                            0x080001ac   Data           0  startup_stm32f427xx.o(RESET)
    __main                                   0x080001ad   Thumb Code     8  __main.o(!!!main)
    __scatterload                            0x080001b5   Thumb Code     0  __scatter.o(!!!scatter)
    __scatterload_rt2                        0x080001b5   Thumb Code    44  __scatter.o(!!!scatter)
    __scatterload_rt2_thumb_only             0x080001b5   Thumb Code     0  __scatter.o(!!!scatter)
    __scatterload_null                       0x080001c3   Thumb Code     0  __scatter.o(!!!scatter)
    __scatterload_copy                       0x080001e9   Thumb Code    26  __scatter_copy.o(!!handler_copy)
    __scatterload_zeroinit                   0x08000205   Thumb Code    28  __scatter_zi.o(!!handler_zi)
    __rt_lib_init                            0x08000221   Thumb Code     0  libinit.o(.ARM.Collect$$libinit$$00000000)
    __rt_lib_init_fp_1                       0x08000223   Thumb Code     0  libinit2.o(.ARM.Collect$$libinit$$00000001)
    __rt_lib_init_alloca_1                   0x08000227   Thumb Code     0  libinit2.o(.ARM.Collect$$libinit$$0000002E)
    __rt_lib_init_argv_1                     0x08000227   Thumb Code     0  libinit2.o(.ARM.Collect$$libinit$$0000002C)
    __rt_lib_init_atexit_1                   0x08000227   Thumb Code     0  libinit2.o(.ARM.Collect$$libinit$$0000001B)
    __rt_lib_init_clock_1                    0x08000227   Thumb Code     0  libinit2.o(.ARM.Collect$$libinit$$00000021)
    __rt_lib_init_cpp_1                      0x08000227   Thumb Code     0  libinit2.o(.ARM.Collect$$libinit$$00000032)
    __rt_lib_init_exceptions_1               0x08000227   Thumb Code     0  libinit2.o(.ARM.Collect$$libinit$$00000030)
    __rt_lib_init_fp_trap_1                  0x08000227   Thumb Code     0  libinit2.o(.ARM.Collect$$libinit$$0000001F)
    __rt_lib_init_getenv_1                   0x08000227   Thumb Code     0  libinit2.o(.ARM.Collect$$libinit$$00000023)
    __rt_lib_init_heap_1                     0x08000227   Thumb Code     0  libinit2.o(.ARM.Collect$$libinit$$0000000A)
    __rt_lib_init_lc_collate_1               0x08000227   Thumb Code     0  libinit2.o(.ARM.Collect$$libinit$$00000011)
    __rt_lib_init_lc_ctype_1                 0x08000227   Thumb Code     0  libinit2.o(.ARM.Collect$$libinit$$00000013)
    __rt_lib_init_lc_monetary_1              0x08000227   Thumb Code     0  libinit2.o(.ARM.Collect$$libinit$$00000015)
    __rt_lib_init_lc_numeric_1               0x08000227   Thumb Code     0  libinit2.o(.ARM.Collect$$libinit$$00000017)
    __rt_lib_init_lc_time_1                  0x08000227   Thumb Code     0  libinit2.o(.ARM.Collect$$libinit$$00000019)
    __rt_lib_init_preinit_1                  0x08000227   Thumb Code     0  libinit2.o(.ARM.Collect$$libinit$$00000004)
    __rt_lib_init_rand_1                     0x08000227   Thumb Code     0  libinit2.o(.ARM.Collect$$libinit$$0000000E)
    __rt_lib_init_return                     0x08000227   Thumb Code     0  libinit2.o(.ARM.Collect$$libinit$$00000033)
    __rt_lib_init_signal_1                   0x08000227   Thumb Code     0  libinit2.o(.ARM.Collect$$libinit$$0000001D)
    __rt_lib_init_stdio_1                    0x08000227   Thumb Code     0  libinit2.o(.ARM.Collect$$libinit$$00000025)
    __rt_lib_init_user_alloc_1               0x08000227   Thumb Code     0  libinit2.o(.ARM.Collect$$libinit$$0000000C)
    __rt_lib_shutdown                        0x08000229   Thumb Code     0  libshutdown.o(.ARM.Collect$$libshutdown$$00000000)
    __rt_lib_shutdown_cpp_1                  0x0800022b   Thumb Code     0  libshutdown2.o(.ARM.Collect$$libshutdown$$00000004)
    __rt_lib_shutdown_fini_1                 0x0800022b   Thumb Code     0  libshutdown2.o(.ARM.Collect$$libshutdown$$00000002)
    __rt_lib_shutdown_fp_trap_1              0x0800022b   Thumb Code     0  libshutdown2.o(.ARM.Collect$$libshutdown$$00000009)
    __rt_lib_shutdown_heap_1                 0x0800022b   Thumb Code     0  libshutdown2.o(.ARM.Collect$$libshutdown$$00000011)
    __rt_lib_shutdown_return                 0x0800022b   Thumb Code     0  libshutdown2.o(.ARM.Collect$$libshutdown$$00000012)
    __rt_lib_shutdown_signal_1               0x0800022b   Thumb Code     0  libshutdown2.o(.ARM.Collect$$libshutdown$$0000000C)
    __rt_lib_shutdown_stdio_1                0x0800022b   Thumb Code     0  libshutdown2.o(.ARM.Collect$$libshutdown$$00000006)
    __rt_lib_shutdown_user_alloc_1           0x0800022b   Thumb Code     0  libshutdown2.o(.ARM.Collect$$libshutdown$$0000000E)
    __rt_entry                               0x0800022d   Thumb Code     0  __rtentry.o(.ARM.Collect$$rtentry$$00000000)
    __rt_entry_presh_1                       0x0800022d   Thumb Code     0  __rtentry2.o(.ARM.Collect$$rtentry$$00000002)
    __rt_entry_sh                            0x0800022d   Thumb Code     0  __rtentry4.o(.ARM.Collect$$rtentry$$00000004)
    __rt_entry_li                            0x08000233   Thumb Code     0  __rtentry2.o(.ARM.Collect$$rtentry$$0000000A)
    __rt_entry_postsh_1                      0x08000233   Thumb Code     0  __rtentry2.o(.ARM.Collect$$rtentry$$00000009)
    __rt_entry_main                          0x08000237   Thumb Code     0  __rtentry2.o(.ARM.Collect$$rtentry$$0000000D)
    __rt_entry_postli_1                      0x08000237   Thumb Code     0  __rtentry2.o(.ARM.Collect$$rtentry$$0000000C)
    __rt_exit                                0x0800023f   Thumb Code     0  rtexit.o(.ARM.Collect$$rtexit$$00000000)
    __rt_exit_ls                             0x08000241   Thumb Code     0  rtexit2.o(.ARM.Collect$$rtexit$$00000003)
    __rt_exit_prels_1                        0x08000241   Thumb Code     0  rtexit2.o(.ARM.Collect$$rtexit$$00000002)
    __rt_exit_exit                           0x08000245   Thumb Code     0  rtexit2.o(.ARM.Collect$$rtexit$$00000004)
    Reset_Handler                            0x0800024d   Thumb Code     8  startup_stm32f427xx.o(.text)
    ADC_IRQHandler                           0x08000267   Thumb Code     0  startup_stm32f427xx.o(.text)
    CAN1_SCE_IRQHandler                      0x08000267   Thumb Code     0  startup_stm32f427xx.o(.text)
    CAN1_TX_IRQHandler                       0x08000267   Thumb Code     0  startup_stm32f427xx.o(.text)
    CAN2_RX0_IRQHandler                      0x08000267   Thumb Code     0  startup_stm32f427xx.o(.text)
    CAN2_RX1_IRQHandler                      0x08000267   Thumb Code     0  startup_stm32f427xx.o(.text)
    CAN2_SCE_IRQHandler                      0x08000267   Thumb Code     0  startup_stm32f427xx.o(.text)
    CAN2_TX_IRQHandler                       0x08000267   Thumb Code     0  startup_stm32f427xx.o(.text)
    DCMI_IRQHandler                          0x08000267   Thumb Code     0  startup_stm32f427xx.o(.text)
    DMA1_Stream0_IRQHandler                  0x08000267   Thumb Code     0  startup_stm32f427xx.o(.text)
    DMA1_Stream1_IRQHandler                  0x08000267   Thumb Code     0  startup_stm32f427xx.o(.text)
    DMA1_Stream2_IRQHandler                  0x08000267   Thumb Code     0  startup_stm32f427xx.o(.text)
    DMA1_Stream3_IRQHandler                  0x08000267   Thumb Code     0  startup_stm32f427xx.o(.text)
    DMA1_Stream4_IRQHandler                  0x08000267   Thumb Code     0  startup_stm32f427xx.o(.text)
    DMA1_Stream7_IRQHandler                  0x08000267   Thumb Code     0  startup_stm32f427xx.o(.text)
    DMA2D_IRQHandler                         0x08000267   Thumb Code     0  startup_stm32f427xx.o(.text)
    DMA2_Stream0_IRQHandler                  0x08000267   Thumb Code     0  startup_stm32f427xx.o(.text)
    DMA2_Stream1_IRQHandler                  0x08000267   Thumb Code     0  startup_stm32f427xx.o(.text)
    DMA2_Stream2_IRQHandler                  0x08000267   Thumb Code     0  startup_stm32f427xx.o(.text)
    DMA2_Stream3_IRQHandler                  0x08000267   Thumb Code     0  startup_stm32f427xx.o(.text)
    DMA2_Stream4_IRQHandler                  0x08000267   Thumb Code     0  startup_stm32f427xx.o(.text)
    DMA2_Stream5_IRQHandler                  0x08000267   Thumb Code     0  startup_stm32f427xx.o(.text)
    DMA2_Stream6_IRQHandler                  0x08000267   Thumb Code     0  startup_stm32f427xx.o(.text)
    DMA2_Stream7_IRQHandler                  0x08000267   Thumb Code     0  startup_stm32f427xx.o(.text)
    ETH_IRQHandler                           0x08000267   Thumb Code     0  startup_stm32f427xx.o(.text)
    ETH_WKUP_IRQHandler                      0x08000267   Thumb Code     0  startup_stm32f427xx.o(.text)
    EXTI0_IRQHandler                         0x08000267   Thumb Code     0  startup_stm32f427xx.o(.text)
    EXTI15_10_IRQHandler                     0x08000267   Thumb Code     0  startup_stm32f427xx.o(.text)
    EXTI1_IRQHandler                         0x08000267   Thumb Code     0  startup_stm32f427xx.o(.text)
    EXTI2_IRQHandler                         0x08000267   Thumb Code     0  startup_stm32f427xx.o(.text)
    EXTI3_IRQHandler                         0x08000267   Thumb Code     0  startup_stm32f427xx.o(.text)
    EXTI4_IRQHandler                         0x08000267   Thumb Code     0  startup_stm32f427xx.o(.text)
    EXTI9_5_IRQHandler                       0x08000267   Thumb Code     0  startup_stm32f427xx.o(.text)
    FLASH_IRQHandler                         0x08000267   Thumb Code     0  startup_stm32f427xx.o(.text)
    FMC_IRQHandler                           0x08000267   Thumb Code     0  startup_stm32f427xx.o(.text)
    FPU_IRQHandler                           0x08000267   Thumb Code     0  startup_stm32f427xx.o(.text)
    HASH_RNG_IRQHandler                      0x08000267   Thumb Code     0  startup_stm32f427xx.o(.text)
    I2C1_ER_IRQHandler                       0x08000267   Thumb Code     0  startup_stm32f427xx.o(.text)
    I2C1_EV_IRQHandler                       0x08000267   Thumb Code     0  startup_stm32f427xx.o(.text)
    I2C2_ER_IRQHandler                       0x08000267   Thumb Code     0  startup_stm32f427xx.o(.text)
    I2C2_EV_IRQHandler                       0x08000267   Thumb Code     0  startup_stm32f427xx.o(.text)
    I2C3_ER_IRQHandler                       0x08000267   Thumb Code     0  startup_stm32f427xx.o(.text)
    I2C3_EV_IRQHandler                       0x08000267   Thumb Code     0  startup_stm32f427xx.o(.text)
    OTG_FS_IRQHandler                        0x08000267   Thumb Code     0  startup_stm32f427xx.o(.text)
    OTG_FS_WKUP_IRQHandler                   0x08000267   Thumb Code     0  startup_stm32f427xx.o(.text)
    OTG_HS_EP1_IN_IRQHandler                 0x08000267   Thumb Code     0  startup_stm32f427xx.o(.text)
    OTG_HS_EP1_OUT_IRQHandler                0x08000267   Thumb Code     0  startup_stm32f427xx.o(.text)
    OTG_HS_IRQHandler                        0x08000267   Thumb Code     0  startup_stm32f427xx.o(.text)
    OTG_HS_WKUP_IRQHandler                   0x08000267   Thumb Code     0  startup_stm32f427xx.o(.text)
    PVD_IRQHandler                           0x08000267   Thumb Code     0  startup_stm32f427xx.o(.text)
    RCC_IRQHandler                           0x08000267   Thumb Code     0  startup_stm32f427xx.o(.text)
    RTC_Alarm_IRQHandler                     0x08000267   Thumb Code     0  startup_stm32f427xx.o(.text)
    RTC_WKUP_IRQHandler                      0x08000267   Thumb Code     0  startup_stm32f427xx.o(.text)
    SAI1_IRQHandler                          0x08000267   Thumb Code     0  startup_stm32f427xx.o(.text)
    SDIO_IRQHandler                          0x08000267   Thumb Code     0  startup_stm32f427xx.o(.text)
    SPI1_IRQHandler                          0x08000267   Thumb Code     0  startup_stm32f427xx.o(.text)
    SPI2_IRQHandler                          0x08000267   Thumb Code     0  startup_stm32f427xx.o(.text)
    SPI3_IRQHandler                          0x08000267   Thumb Code     0  startup_stm32f427xx.o(.text)
    SPI4_IRQHandler                          0x08000267   Thumb Code     0  startup_stm32f427xx.o(.text)
    SPI5_IRQHandler                          0x08000267   Thumb Code     0  startup_stm32f427xx.o(.text)
    SPI6_IRQHandler                          0x08000267   Thumb Code     0  startup_stm32f427xx.o(.text)
    TAMP_STAMP_IRQHandler                    0x08000267   Thumb Code     0  startup_stm32f427xx.o(.text)
    TIM1_BRK_TIM9_IRQHandler                 0x08000267   Thumb Code     0  startup_stm32f427xx.o(.text)
    TIM1_CC_IRQHandler                       0x08000267   Thumb Code     0  startup_stm32f427xx.o(.text)
    TIM1_TRG_COM_TIM11_IRQHandler            0x08000267   Thumb Code     0  startup_stm32f427xx.o(.text)
    TIM1_UP_TIM10_IRQHandler                 0x08000267   Thumb Code     0  startup_stm32f427xx.o(.text)
    TIM2_IRQHandler                          0x08000267   Thumb Code     0  startup_stm32f427xx.o(.text)
    TIM3_IRQHandler                          0x08000267   Thumb Code     0  startup_stm32f427xx.o(.text)
    TIM4_IRQHandler                          0x08000267   Thumb Code     0  startup_stm32f427xx.o(.text)
    TIM5_IRQHandler                          0x08000267   Thumb Code     0  startup_stm32f427xx.o(.text)
    TIM6_DAC_IRQHandler                      0x08000267   Thumb Code     0  startup_stm32f427xx.o(.text)
    TIM7_IRQHandler                          0x08000267   Thumb Code     0  startup_stm32f427xx.o(.text)
    TIM8_BRK_TIM12_IRQHandler                0x08000267   Thumb Code     0  startup_stm32f427xx.o(.text)
    TIM8_CC_IRQHandler                       0x08000267   Thumb Code     0  startup_stm32f427xx.o(.text)
    TIM8_TRG_COM_TIM14_IRQHandler            0x08000267   Thumb Code     0  startup_stm32f427xx.o(.text)
    TIM8_UP_TIM13_IRQHandler                 0x08000267   Thumb Code     0  startup_stm32f427xx.o(.text)
    UART4_IRQHandler                         0x08000267   Thumb Code     0  startup_stm32f427xx.o(.text)
    UART5_IRQHandler                         0x08000267   Thumb Code     0  startup_stm32f427xx.o(.text)
    UART7_IRQHandler                         0x08000267   Thumb Code     0  startup_stm32f427xx.o(.text)
    UART8_IRQHandler                         0x08000267   Thumb Code     0  startup_stm32f427xx.o(.text)
    USART1_IRQHandler                        0x08000267   Thumb Code     0  startup_stm32f427xx.o(.text)
    USART3_IRQHandler                        0x08000267   Thumb Code     0  startup_stm32f427xx.o(.text)
    USART6_IRQHandler                        0x08000267   Thumb Code     0  startup_stm32f427xx.o(.text)
    WWDG_IRQHandler                          0x08000267   Thumb Code     0  startup_stm32f427xx.o(.text)
    __user_initial_stackheap                 0x08000269   Thumb Code     0  startup_stm32f427xx.o(.text)
    __aeabi_uldivmod                         0x0800028d   Thumb Code     0  lludivv7m.o(.text)
    _ll_udiv                                 0x0800028d   Thumb Code   238  lludivv7m.o(.text)
    __aeabi_memclr4                          0x0800037b   Thumb Code     0  rt_memclr_w.o(.text)
    __aeabi_memclr8                          0x0800037b   Thumb Code     0  rt_memclr_w.o(.text)
    __rt_memclr_w                            0x0800037b   Thumb Code    78  rt_memclr_w.o(.text)
    _memset_w                                0x0800037f   Thumb Code     0  rt_memclr_w.o(.text)
    __use_two_region_memory                  0x080003c9   Thumb Code     2  heapauxi.o(.text)
    __rt_heap_escrow$2region                 0x080003cb   Thumb Code     2  heapauxi.o(.text)
    __rt_heap_expand$2region                 0x080003cd   Thumb Code     2  heapauxi.o(.text)
    __user_setup_stackheap                   0x080003cf   Thumb Code    74  sys_stackheap_outer.o(.text)
    exit                                     0x08000419   Thumb Code    18  exit.o(.text)
    __user_libspace                          0x0800042d   Thumb Code     8  libspace.o(.text)
    __user_perproc_libspace                  0x0800042d   Thumb Code     0  libspace.o(.text)
    __user_perthread_libspace                0x0800042d   Thumb Code     0  libspace.o(.text)
    _sys_exit                                0x08000435   Thumb Code     8  sys_exit.o(.text)
    __I$use$semihosting                      0x08000441   Thumb Code     0  use_no_semi.o(.text)
    __use_no_semihosting_swi                 0x08000441   Thumb Code     2  use_no_semi.o(.text)
    BusFault_Handler                         0x08000443   Thumb Code     4  stm32f4xx_it.o(i.BusFault_Handler)
    __semihosting_library_function           0x08000443   Thumb Code     0  indicate_semi.o(.text)
    CAN1_RX0_IRQHandler                      0x08000449   Thumb Code    10  stm32f4xx_it.o(i.CAN1_RX0_IRQHandler)
    CAN1_RX1_IRQHandler                      0x08000459   Thumb Code    10  stm32f4xx_it.o(i.CAN1_RX1_IRQHandler)
    DMA1_Stream5_IRQHandler                  0x08000469   Thumb Code    10  stm32f4xx_it.o(i.DMA1_Stream5_IRQHandler)
    DMA1_Stream6_IRQHandler                  0x08000479   Thumb Code    10  stm32f4xx_it.o(i.DMA1_Stream6_IRQHandler)
    DebugMon_Handler                         0x08000489   Thumb Code     2  stm32f4xx_it.o(i.DebugMon_Handler)
    Error_Handler                            0x0800048b   Thumb Code     6  main.o(i.Error_Handler)
    FLASH_Erase_Sector                       0x08000491   Thumb Code    92  stm32f4xx_hal_flash_ex.o(i.FLASH_Erase_Sector)
    FLASH_FlushCaches                        0x080004f1   Thumb Code   114  stm32f4xx_hal_flash_ex.o(i.FLASH_FlushCaches)
    FLASH_WaitForLastOperation               0x08000569   Thumb Code    90  stm32f4xx_hal_flash.o(i.FLASH_WaitForLastOperation)
    HAL_CAN_AddTxMessage                     0x080005cd   Thumb Code   330  stm32f4xx_hal_can.o(i.HAL_CAN_AddTxMessage)
    HAL_CAN_ConfigFilter                     0x08000719   Thumb Code   286  stm32f4xx_hal_can.o(i.HAL_CAN_ConfigFilter)
    HAL_CAN_ErrorCallback                    0x0800083d   Thumb Code     2  stm32f4xx_hal_can.o(i.HAL_CAN_ErrorCallback)
    HAL_CAN_GetRxMessage                     0x0800083f   Thumb Code   404  stm32f4xx_hal_can.o(i.HAL_CAN_GetRxMessage)
    HAL_CAN_IRQHandler                       0x080009d3   Thumb Code   590  stm32f4xx_hal_can.o(i.HAL_CAN_IRQHandler)
    HAL_CAN_Init                             0x08000c21   Thumb Code   372  stm32f4xx_hal_can.o(i.HAL_CAN_Init)
    HAL_CAN_MspInit                          0x08000d95   Thumb Code   154  can.o(i.HAL_CAN_MspInit)
    HAL_CAN_RxFifo0FullCallback              0x08000e3d   Thumb Code     2  stm32f4xx_hal_can.o(i.HAL_CAN_RxFifo0FullCallback)
    HAL_CAN_RxFifo0MsgPendingCallback        0x08000e41   Thumb Code    72  drv_can.o(i.HAL_CAN_RxFifo0MsgPendingCallback)
    HAL_CAN_RxFifo1FullCallback              0x08000e99   Thumb Code     2  stm32f4xx_hal_can.o(i.HAL_CAN_RxFifo1FullCallback)
    HAL_CAN_RxFifo1MsgPendingCallback        0x08000e9d   Thumb Code    72  drv_can.o(i.HAL_CAN_RxFifo1MsgPendingCallback)
    HAL_CAN_SleepCallback                    0x08000ef5   Thumb Code     2  stm32f4xx_hal_can.o(i.HAL_CAN_SleepCallback)
    HAL_CAN_Start                            0x08000ef7   Thumb Code    94  stm32f4xx_hal_can.o(i.HAL_CAN_Start)
    HAL_CAN_TxMailbox0AbortCallback          0x08000f55   Thumb Code     2  stm32f4xx_hal_can.o(i.HAL_CAN_TxMailbox0AbortCallback)
    HAL_CAN_TxMailbox0CompleteCallback       0x08000f57   Thumb Code     2  stm32f4xx_hal_can.o(i.HAL_CAN_TxMailbox0CompleteCallback)
    HAL_CAN_TxMailbox1AbortCallback          0x08000f59   Thumb Code     2  stm32f4xx_hal_can.o(i.HAL_CAN_TxMailbox1AbortCallback)
    HAL_CAN_TxMailbox1CompleteCallback       0x08000f5b   Thumb Code     2  stm32f4xx_hal_can.o(i.HAL_CAN_TxMailbox1CompleteCallback)
    HAL_CAN_TxMailbox2AbortCallback          0x08000f5d   Thumb Code     2  stm32f4xx_hal_can.o(i.HAL_CAN_TxMailbox2AbortCallback)
    HAL_CAN_TxMailbox2CompleteCallback       0x08000f5f   Thumb Code     2  stm32f4xx_hal_can.o(i.HAL_CAN_TxMailbox2CompleteCallback)
    HAL_CAN_WakeUpFromRxMsgCallback          0x08000f61   Thumb Code     2  stm32f4xx_hal_can.o(i.HAL_CAN_WakeUpFromRxMsgCallback)
    HAL_DMA_Abort                            0x08000f63   Thumb Code   172  stm32f4xx_hal_dma.o(i.HAL_DMA_Abort)
    HAL_DMA_Abort_IT                         0x0800100f   Thumb Code    40  stm32f4xx_hal_dma.o(i.HAL_DMA_Abort_IT)
    HAL_DMA_IRQHandler                       0x08001039   Thumb Code   570  stm32f4xx_hal_dma.o(i.HAL_DMA_IRQHandler)
    HAL_Delay                                0x08001279   Thumb Code    36  stm32f4xx_hal.o(i.HAL_Delay)
    HAL_FLASHEx_Erase                        0x080012a1   Thumb Code   166  stm32f4xx_hal_flash_ex.o(i.HAL_FLASHEx_Erase)
    HAL_FLASH_Lock                           0x08001351   Thumb Code    16  stm32f4xx_hal_flash.o(i.HAL_FLASH_Lock)
    HAL_FLASH_Program                        0x08001365   Thumb Code   142  stm32f4xx_hal_flash.o(i.HAL_FLASH_Program)
    HAL_FLASH_Unlock                         0x080013fd   Thumb Code    38  stm32f4xx_hal_flash.o(i.HAL_FLASH_Unlock)
    HAL_GPIO_Init                            0x08001431   Thumb Code   474  stm32f4xx_hal_gpio.o(i.HAL_GPIO_Init)
    HAL_GPIO_WritePin                        0x08001641   Thumb Code    12  stm32f4xx_hal_gpio.o(i.HAL_GPIO_WritePin)
    HAL_GetTick                              0x0800164d   Thumb Code     6  stm32f4xx_hal.o(i.HAL_GetTick)
    HAL_IncTick                              0x08001659   Thumb Code    16  stm32f4xx_hal.o(i.HAL_IncTick)
    HAL_Init                                 0x08001671   Thumb Code    54  stm32f4xx_hal.o(i.HAL_Init)
    HAL_InitTick                             0x080016ad   Thumb Code    64  stm32f4xx_hal.o(i.HAL_InitTick)
    HAL_MspInit                              0x080016f9   Thumb Code    68  stm32f4xx_hal_msp.o(i.HAL_MspInit)
    HAL_NVIC_EnableIRQ                       0x08001741   Thumb Code    40  stm32f4xx_hal_cortex.o(i.HAL_NVIC_EnableIRQ)
    HAL_NVIC_SetPriority                     0x08001769   Thumb Code   124  stm32f4xx_hal_cortex.o(i.HAL_NVIC_SetPriority)
    HAL_NVIC_SetPriorityGrouping             0x080017e5   Thumb Code    32  stm32f4xx_hal_cortex.o(i.HAL_NVIC_SetPriorityGrouping)
    HAL_PWREx_EnableOverDrive                0x0800180d   Thumb Code   128  stm32f4xx_hal_pwr_ex.o(i.HAL_PWREx_EnableOverDrive)
    HAL_RCC_ClockConfig                      0x08001899   Thumb Code   368  stm32f4xx_hal_rcc.o(i.HAL_RCC_ClockConfig)
    HAL_RCC_GetSysClockFreq                  0x08001a1d   Thumb Code   162  stm32f4xx_hal_rcc.o(i.HAL_RCC_GetSysClockFreq)
    HAL_RCC_OscConfig                        0x08001acd   Thumb Code  1172  stm32f4xx_hal_rcc.o(i.HAL_RCC_OscConfig)
    HAL_SYSTICK_Config                       0x08001f69   Thumb Code    52  stm32f4xx_hal_cortex.o(i.HAL_SYSTICK_Config)
    HAL_UARTEx_RxEventCallback               0x08001f9d   Thumb Code     2  stm32f4xx_hal_uart.o(i.HAL_UARTEx_RxEventCallback)
    HAL_UART_ErrorCallback                   0x08001f9f   Thumb Code     2  stm32f4xx_hal_uart.o(i.HAL_UART_ErrorCallback)
    HAL_UART_IRQHandler                      0x08001fa1   Thumb Code   740  stm32f4xx_hal_uart.o(i.HAL_UART_IRQHandler)
    HAL_UART_RxCpltCallback                  0x08002289   Thumb Code     2  stm32f4xx_hal_uart.o(i.HAL_UART_RxCpltCallback)
    HAL_UART_TxCpltCallback                  0x0800228b   Thumb Code     2  stm32f4xx_hal_uart.o(i.HAL_UART_TxCpltCallback)
    HardFault_Handler                        0x0800228d   Thumb Code     4  stm32f4xx_it.o(i.HardFault_Handler)
    MX_CAN1_Init                             0x08002291   Thumb Code    60  can.o(i.MX_CAN1_Init)
    MX_GPIO_Init                             0x080022d5   Thumb Code   142  gpio.o(i.MX_GPIO_Init)
    MemManage_Handler                        0x0800236d   Thumb Code     4  stm32f4xx_it.o(i.MemManage_Handler)
    NMI_Handler                              0x08002371   Thumb Code     4  stm32f4xx_it.o(i.NMI_Handler)
    PendSV_Handler                           0x08002375   Thumb Code     2  stm32f4xx_it.o(i.PendSV_Handler)
    SVC_Handler                              0x08002377   Thumb Code     2  stm32f4xx_it.o(i.SVC_Handler)
    SysTick_Handler                          0x08002379   Thumb Code     8  stm32f4xx_it.o(i.SysTick_Handler)
    SystemInit                               0x08002381   Thumb Code    14  system_stm32f4xx.o(i.SystemInit)
    USART2_IRQHandler                        0x08002395   Thumb Code    10  stm32f4xx_it.o(i.USART2_IRQHandler)
    UsageFault_Handler                       0x080023a5   Thumb Code     4  stm32f4xx_it.o(i.UsageFault_Handler)
    CAN_Send_Data(CAN_HandleTypeDef*, unsigned short, unsigned char*, unsigned short) 0x080023a9   Thumb Code    40  drv_can.o(i._Z13CAN_Send_DataP17CAN_HandleTypeDeftPht)
    SystemClock_Config()                     0x080023d1   Thumb Code   180  main.o(i._Z18SystemClock_Configv)
    CAN_Motor_Call_Back(Struct_CAN_Rx_Buffer*) 0x0800248d   Thumb Code   358  main.o(i._Z19CAN_Motor_Call_BackP20Struct_CAN_Rx_Buffer)
    CAN_Filter_Mask_Config(CAN_HandleTypeDef*, unsigned char, unsigned, unsigned) 0x08002659   Thumb Code   110  drv_can.o(i._Z22CAN_Filter_Mask_ConfigP17CAN_HandleTypeDefhjj)
    CAN_Init(CAN_HandleTypeDef*, void(*)(Struct_CAN_Rx_Buffer*)) 0x080026c9   Thumb Code   116  drv_can.o(i._Z8CAN_InitP17CAN_HandleTypeDefPFvP20Struct_CAN_Rx_BufferE)
    main                                     0x080030d9   Thumb Code  1502  main.o(i.main)
    _fp_init                                 0x080036e9   Thumb Code    10  fpinit.o(x$fpl$fpinit)
    __fplib_config_fpu_vfp                   0x080036f1   Thumb Code     0  fpinit.o(x$fpl$fpinit)
    __fplib_config_pureend_doubles           0x080036f1   Thumb Code     0  fpinit.o(x$fpl$fpinit)
    AHBPrescTable                            0x080036fa   Data          16  system_stm32f4xx.o(.constdata)
    APBPrescTable                            0x0800370a   Data           8  system_stm32f4xx.o(.constdata)
    Region$$Table$$Base                      0x08003714   Number         0  anon$$obj.o(Region$$Table)
    Region$$Table$$Limit                     0x08003734   Number         0  anon$$obj.o(Region$$Table)
    g_now_cnt                                0x20000000   Data           4  main.o(.data)
    g_spd_x100                               0x20000004   Data           4  main.o(.data)
    g_rx_cnt                                 0x20000008   Data           4  main.o(.data)
    g_local_tgt                              0x2000000c   Data           4  main.o(.data)
    g_tgt_cnt                                0x20000010   Data           4  main.o(.data)
    g_tgt_deg                                0x20000014   Data           4  main.o(.data)
    g_now_deg                                0x20000018   Data           4  main.o(.data)
    g_spd_rpm                                0x2000001c   Data           4  main.o(.data)
    g_st                                     0x20000020   Data           4  main.o(.data)
    g_brk                                    0x20000024   Data           1  main.o(.data)
    g_brk_plot                               0x20000028   Data           4  main.o(.data)
    g_auto                                   0x2000002c   Data           1  main.o(.data)
    g_run_ms                                 0x20000030   Data           4  main.o(.data)
    g_move_cycles                            0x20000034   Data           4  main.o(.data)
    g_move_timeouts                          0x20000038   Data           4  main.o(.data)
    g_base_cnt                               0x2000003c   Data           4  main.o(.data)
    g_peak_rpm                               0x20000040   Data           4  main.o(.data)
    g_cfg_acc_x100                           0x20000044   Data           4  main.o(.data)
    g_cfg_dec_x100                           0x20000048   Data           4  main.o(.data)
    g_cfg_vmax_x100                          0x2000004c   Data           4  main.o(.data)
    g_cfg_iq_ma                              0x20000050   Data           4  main.o(.data)
    pid_pos_kp                               0x20000054   Data           4  main.o(.data)
    pid_pos_ki                               0x20000058   Data           4  main.o(.data)
    pid_pos_lim_rpm                          0x2000005c   Data           4  main.o(.data)
    pid_vel_kp                               0x20000060   Data           4  main.o(.data)
    pid_vel_ki                               0x20000064   Data           4  main.o(.data)
    pid_vel_lim_A                            0x20000068   Data           4  main.o(.data)
    pos_cmd_deg                              0x2000006c   Data           4  main.o(.data)
    cur_pos_kp                               0x20000070   Data           4  main.o(.data)
    cur_pos_ki                               0x20000074   Data           4  main.o(.data)
    cur_pos_lim_rpm                          0x20000078   Data           4  main.o(.data)
    cur_vel_kp                               0x2000007c   Data           4  main.o(.data)
    cur_vel_ki                               0x20000080   Data           4  main.o(.data)
    cur_vel_lim_A                            0x20000084   Data           4  main.o(.data)
    uwTick                                   0x200000cc   Data           4  stm32f4xx_hal.o(.data)
    uwTickPrio                               0x200000d0   Data           4  stm32f4xx_hal.o(.data)
    uwTickFreq                               0x200000d4   Data           1  stm32f4xx_hal.o(.data)
    SystemCoreClock                          0x200000d8   Data           4  system_stm32f4xx.o(.data)
    CAN1_Manage_Object                       0x200000dc   Data          44  drv_can.o(.bss)
    CAN2_Manage_Object                       0x20000108   Data          44  drv_can.o(.bss)
    hcan1                                    0x20000134   Data          40  can.o(.bss)
    huart2                                   0x2000015c   Data          72  usart.o(.bss)
    hdma_usart2_rx                           0x200001a4   Data          96  usart.o(.bss)
    hdma_usart2_tx                           0x20000204   Data          96  usart.o(.bss)
    pFlash                                   0x20000264   Data          32  stm32f4xx_hal_flash.o(.bss)
    __libspace_start                         0x20000284   Data          96  libspace.o(.bss)
    __temporary_stack_top$libspace           0x200002e4   Data           0  libspace.o(.bss)



==============================================================================

Memory Map of the image

  Image Entry point : 0x080001ad

  Load Region LR_IROM1 (Base: 0x08000000, Size: 0x00003810, Max: 0x00200000, ABSOLUTE)

    Execution Region ER_IROM1 (Exec base: 0x08000000, Load base: 0x08000000, Size: 0x00003734, Max: 0x00200000, ABSOLUTE)

    Exec Addr    Load Addr    Size         Type   Attr      Idx    E Section Name        Object

    0x08000000   0x08000000   0x000001ac   Data   RO            3    RESET               startup_stm32f427xx.o
    0x080001ac   0x080001ac   0x00000008   Code   RO         2903  * !!!main             c_w.l(__main.o)
    0x080001b4   0x080001b4   0x00000034   Code   RO         3072    !!!scatter          c_w.l(__scatter.o)
    0x080001e8   0x080001e8   0x0000001a   Code   RO         3074    !!handler_copy      c_w.l(__scatter_copy.o)
    0x08000202   0x08000202   0x00000002   PAD
    0x08000204   0x08000204   0x0000001c   Code   RO         3076    !!handler_zi        c_w.l(__scatter_zi.o)
    0x08000220   0x08000220   0x00000002   Code   RO         2940    .ARM.Collect$$libinit$$00000000  c_w.l(libinit.o)
    0x08000222   0x08000222   0x00000004   Code   RO         2952    .ARM.Collect$$libinit$$00000001  c_w.l(libinit2.o)
    0x08000226   0x08000226   0x00000000   Code   RO         2955    .ARM.Collect$$libinit$$00000004  c_w.l(libinit2.o)
    0x08000226   0x08000226   0x00000000   Code   RO         2958    .ARM.Collect$$libinit$$0000000A  c_w.l(libinit2.o)
    0x08000226   0x08000226   0x00000000   Code   RO         2960    .ARM.Collect$$libinit$$0000000C  c_w.l(libinit2.o)
    0x08000226   0x08000226   0x00000000   Code   RO         2962    .ARM.Collect$$libinit$$0000000E  c_w.l(libinit2.o)
    0x08000226   0x08000226   0x00000000   Code   RO         2965    .ARM.Collect$$libinit$$00000011  c_w.l(libinit2.o)
    0x08000226   0x08000226   0x00000000   Code   RO         2967    .ARM.Collect$$libinit$$00000013  c_w.l(libinit2.o)
    0x08000226   0x08000226   0x00000000   Code   RO         2969    .ARM.Collect$$libinit$$00000015  c_w.l(libinit2.o)
    0x08000226   0x08000226   0x00000000   Code   RO         2971    .ARM.Collect$$libinit$$00000017  c_w.l(libinit2.o)
    0x08000226   0x08000226   0x00000000   Code   RO         2973    .ARM.Collect$$libinit$$00000019  c_w.l(libinit2.o)
    0x08000226   0x08000226   0x00000000   Code   RO         2975    .ARM.Collect$$libinit$$0000001B  c_w.l(libinit2.o)
    0x08000226   0x08000226   0x00000000   Code   RO         2977    .ARM.Collect$$libinit$$0000001D  c_w.l(libinit2.o)
    0x08000226   0x08000226   0x00000000   Code   RO         2979    .ARM.Collect$$libinit$$0000001F  c_w.l(libinit2.o)
    0x08000226   0x08000226   0x00000000   Code   RO         2981    .ARM.Collect$$libinit$$00000021  c_w.l(libinit2.o)
    0x08000226   0x08000226   0x00000000   Code   RO         2983    .ARM.Collect$$libinit$$00000023  c_w.l(libinit2.o)
    0x08000226   0x08000226   0x00000000   Code   RO         2985    .ARM.Collect$$libinit$$00000025  c_w.l(libinit2.o)
    0x08000226   0x08000226   0x00000000   Code   RO         2989    .ARM.Collect$$libinit$$0000002C  c_w.l(libinit2.o)
    0x08000226   0x08000226   0x00000000   Code   RO         2991    .ARM.Collect$$libinit$$0000002E  c_w.l(libinit2.o)
    0x08000226   0x08000226   0x00000000   Code   RO         2993    .ARM.Collect$$libinit$$00000030  c_w.l(libinit2.o)
    0x08000226   0x08000226   0x00000000   Code   RO         2995    .ARM.Collect$$libinit$$00000032  c_w.l(libinit2.o)
    0x08000226   0x08000226   0x00000002   Code   RO         2996    .ARM.Collect$$libinit$$00000033  c_w.l(libinit2.o)
    0x08000228   0x08000228   0x00000002   Code   RO         3027    .ARM.Collect$$libshutdown$$00000000  c_w.l(libshutdown.o)
    0x0800022a   0x0800022a   0x00000000   Code   RO         3053    .ARM.Collect$$libshutdown$$00000002  c_w.l(libshutdown2.o)
    0x0800022a   0x0800022a   0x00000000   Code   RO         3055    .ARM.Collect$$libshutdown$$00000004  c_w.l(libshutdown2.o)
    0x0800022a   0x0800022a   0x00000000   Code   RO         3057    .ARM.Collect$$libshutdown$$00000006  c_w.l(libshutdown2.o)
    0x0800022a   0x0800022a   0x00000000   Code   RO         3060    .ARM.Collect$$libshutdown$$00000009  c_w.l(libshutdown2.o)
    0x0800022a   0x0800022a   0x00000000   Code   RO         3063    .ARM.Collect$$libshutdown$$0000000C  c_w.l(libshutdown2.o)
    0x0800022a   0x0800022a   0x00000000   Code   RO         3065    .ARM.Collect$$libshutdown$$0000000E  c_w.l(libshutdown2.o)
    0x0800022a   0x0800022a   0x00000000   Code   RO         3068    .ARM.Collect$$libshutdown$$00000011  c_w.l(libshutdown2.o)
    0x0800022a   0x0800022a   0x00000002   Code   RO         3069    .ARM.Collect$$libshutdown$$00000012  c_w.l(libshutdown2.o)
    0x0800022c   0x0800022c   0x00000000   Code   RO         2905    .ARM.Collect$$rtentry$$00000000  c_w.l(__rtentry.o)
    0x0800022c   0x0800022c   0x00000000   Code   RO         2911    .ARM.Collect$$rtentry$$00000002  c_w.l(__rtentry2.o)
    0x0800022c   0x0800022c   0x00000006   Code   RO         2923    .ARM.Collect$$rtentry$$00000004  c_w.l(__rtentry4.o)
    0x08000232   0x08000232   0x00000000   Code   RO         2913    .ARM.Collect$$rtentry$$00000009  c_w.l(__rtentry2.o)
    0x08000232   0x08000232   0x00000004   Code   RO         2914    .ARM.Collect$$rtentry$$0000000A  c_w.l(__rtentry2.o)
    0x08000236   0x08000236   0x00000000   Code   RO         2916    .ARM.Collect$$rtentry$$0000000C  c_w.l(__rtentry2.o)
    0x08000236   0x08000236   0x00000008   Code   RO         2917    .ARM.Collect$$rtentry$$0000000D  c_w.l(__rtentry2.o)
    0x0800023e   0x0800023e   0x00000002   Code   RO         2944    .ARM.Collect$$rtexit$$00000000  c_w.l(rtexit.o)
    0x08000240   0x08000240   0x00000000   Code   RO         3000    .ARM.Collect$$rtexit$$00000002  c_w.l(rtexit2.o)
    0x08000240   0x08000240   0x00000004   Code   RO         3001    .ARM.Collect$$rtexit$$00000003  c_w.l(rtexit2.o)
    0x08000244   0x08000244   0x00000006   Code   RO         3002    .ARM.Collect$$rtexit$$00000004  c_w.l(rtexit2.o)
    0x0800024a   0x0800024a   0x00000002   PAD
    0x0800024c   0x0800024c   0x00000040   Code   RO            4    .text               startup_stm32f427xx.o
    0x0800028c   0x0800028c   0x000000ee   Code   RO         2897    .text               c_w.l(lludivv7m.o)
    0x0800037a   0x0800037a   0x0000004e   Code   RO         2899    .text               c_w.l(rt_memclr_w.o)
    0x080003c8   0x080003c8   0x00000006   Code   RO         2901    .text               c_w.l(heapauxi.o)
    0x080003ce   0x080003ce   0x0000004a   Code   RO         2927    .text               c_w.l(sys_stackheap_outer.o)
    0x08000418   0x08000418   0x00000012   Code   RO         2929    .text               c_w.l(exit.o)
    0x0800042a   0x0800042a   0x00000002   PAD
    0x0800042c   0x0800042c   0x00000008   Code   RO         2941    .text               c_w.l(libspace.o)
    0x08000434   0x08000434   0x0000000c   Code   RO         2997    .text               c_w.l(sys_exit.o)
    0x08000440   0x08000440   0x00000002   Code   RO         3016    .text               c_w.l(use_no_semi.o)
    0x08000442   0x08000442   0x00000000   Code   RO         3018    .text               c_w.l(indicate_semi.o)
    0x08000442   0x08000442   0x00000004   Code   RO          523    i.BusFault_Handler  stm32f4xx_it.o
    0x08000446   0x08000446   0x00000002   PAD
    0x08000448   0x08000448   0x00000010   Code   RO          524    i.CAN1_RX0_IRQHandler  stm32f4xx_it.o
    0x08000458   0x08000458   0x00000010   Code   RO          525    i.CAN1_RX1_IRQHandler  stm32f4xx_it.o
    0x08000468   0x08000468   0x00000010   Code   RO          526    i.DMA1_Stream5_IRQHandler  stm32f4xx_it.o
    0x08000478   0x08000478   0x00000010   Code   RO          527    i.DMA1_Stream6_IRQHandler  stm32f4xx_it.o
    0x08000488   0x08000488   0x00000002   Code   RO          528    i.DebugMon_Handler  stm32f4xx_it.o
    0x0800048a   0x0800048a   0x00000006   Code   RO          172    i.Error_Handler     main.o
    0x08000490   0x08000490   0x00000060   Code   RO         1263    i.FLASH_Erase_Sector  stm32f4xx_hal_flash_ex.o
    0x080004f0   0x080004f0   0x00000078   Code   RO         1264    i.FLASH_FlushCaches  stm32f4xx_hal_flash_ex.o
    0x08000568   0x08000568   0x00000064   Code   RO         1128    i.FLASH_WaitForLastOperation  stm32f4xx_hal_flash.o
    0x080005cc   0x080005cc   0x0000014a   Code   RO          670    i.HAL_CAN_AddTxMessage  stm32f4xx_hal_can.o
    0x08000716   0x08000716   0x00000002   PAD
    0x08000718   0x08000718   0x00000124   Code   RO          671    i.HAL_CAN_ConfigFilter  stm32f4xx_hal_can.o
    0x0800083c   0x0800083c   0x00000002   Code   RO          674    i.HAL_CAN_ErrorCallback  stm32f4xx_hal_can.o
    0x0800083e   0x0800083e   0x00000194   Code   RO          677    i.HAL_CAN_GetRxMessage  stm32f4xx_hal_can.o
    0x080009d2   0x080009d2   0x0000024e   Code   RO          681    i.HAL_CAN_IRQHandler  stm32f4xx_hal_can.o
    0x08000c20   0x08000c20   0x00000174   Code   RO          682    i.HAL_CAN_Init      stm32f4xx_hal_can.o
    0x08000d94   0x08000d94   0x000000a8   Code   RO          406    i.HAL_CAN_MspInit   can.o
    0x08000e3c   0x08000e3c   0x00000002   Code   RO          689    i.HAL_CAN_RxFifo0FullCallback  stm32f4xx_hal_can.o
    0x08000e3e   0x08000e3e   0x00000002   PAD
    0x08000e40   0x08000e40   0x00000058   Code   RO           13    i.HAL_CAN_RxFifo0MsgPendingCallback  drv_can.o
    0x08000e98   0x08000e98   0x00000002   Code   RO          691    i.HAL_CAN_RxFifo1FullCallback  stm32f4xx_hal_can.o
    0x08000e9a   0x08000e9a   0x00000002   PAD
    0x08000e9c   0x08000e9c   0x00000058   Code   RO           14    i.HAL_CAN_RxFifo1MsgPendingCallback  drv_can.o
    0x08000ef4   0x08000ef4   0x00000002   Code   RO          693    i.HAL_CAN_SleepCallback  stm32f4xx_hal_can.o
    0x08000ef6   0x08000ef6   0x0000005e   Code   RO          694    i.HAL_CAN_Start     stm32f4xx_hal_can.o
    0x08000f54   0x08000f54   0x00000002   Code   RO          696    i.HAL_CAN_TxMailbox0AbortCallback  stm32f4xx_hal_can.o
    0x08000f56   0x08000f56   0x00000002   Code   RO          697    i.HAL_CAN_TxMailbox0CompleteCallback  stm32f4xx_hal_can.o
    0x08000f58   0x08000f58   0x00000002   Code   RO          698    i.HAL_CAN_TxMailbox1AbortCallback  stm32f4xx_hal_can.o
    0x08000f5a   0x08000f5a   0x00000002   Code   RO          699    i.HAL_CAN_TxMailbox1CompleteCallback  stm32f4xx_hal_can.o
    0x08000f5c   0x08000f5c   0x00000002   Code   RO          700    i.HAL_CAN_TxMailbox2AbortCallback  stm32f4xx_hal_can.o
    0x08000f5e   0x08000f5e   0x00000002   Code   RO          701    i.HAL_CAN_TxMailbox2CompleteCallback  stm32f4xx_hal_can.o
    0x08000f60   0x08000f60   0x00000002   Code   RO          703    i.HAL_CAN_WakeUpFromRxMsgCallback  stm32f4xx_hal_can.o
    0x08000f62   0x08000f62   0x000000ac   Code   RO         1574    i.HAL_DMA_Abort     stm32f4xx_hal_dma.o
    0x0800100e   0x0800100e   0x00000028   Code   RO         1575    i.HAL_DMA_Abort_IT  stm32f4xx_hal_dma.o
    0x08001036   0x08001036   0x00000002   PAD
    0x08001038   0x08001038   0x00000240   Code   RO         1579    i.HAL_DMA_IRQHandler  stm32f4xx_hal_dma.o
    0x08001278   0x08001278   0x00000028   Code   RO         2087    i.HAL_Delay         stm32f4xx_hal.o
    0x080012a0   0x080012a0   0x000000b0   Code   RO         1267    i.HAL_FLASHEx_Erase  stm32f4xx_hal_flash_ex.o
    0x08001350   0x08001350   0x00000014   Code   RO         1132    i.HAL_FLASH_Lock    stm32f4xx_hal_flash.o
    0x08001364   0x08001364   0x00000098   Code   RO         1137    i.HAL_FLASH_Program  stm32f4xx_hal_flash.o
    0x080013fc   0x080013fc   0x00000034   Code   RO         1139    i.HAL_FLASH_Unlock  stm32f4xx_hal_flash.o
    0x08001430   0x08001430   0x00000210   Code   RO         1458    i.HAL_GPIO_Init     stm32f4xx_hal_gpio.o
    0x08001640   0x08001640   0x0000000c   Code   RO         1462    i.HAL_GPIO_WritePin  stm32f4xx_hal_gpio.o
    0x0800164c   0x0800164c   0x0000000c   Code   RO         2095    i.HAL_GetTick       stm32f4xx_hal.o
    0x08001658   0x08001658   0x00000018   Code   RO         2101    i.HAL_IncTick       stm32f4xx_hal.o
    0x08001670   0x08001670   0x0000003c   Code   RO         2102    i.HAL_Init          stm32f4xx_hal.o
    0x080016ac   0x080016ac   0x0000004c   Code   RO         2103    i.HAL_InitTick      stm32f4xx_hal.o
    0x080016f8   0x080016f8   0x00000048   Code   RO          643    i.HAL_MspInit       stm32f4xx_hal_msp.o
    0x08001740   0x08001740   0x00000028   Code   RO         1919    i.HAL_NVIC_EnableIRQ  stm32f4xx_hal_cortex.o
    0x08001768   0x08001768   0x0000007c   Code   RO         1925    i.HAL_NVIC_SetPriority  stm32f4xx_hal_cortex.o
    0x080017e4   0x080017e4   0x00000028   Code   RO         1926    i.HAL_NVIC_SetPriorityGrouping  stm32f4xx_hal_cortex.o
    0x0800180c   0x0800180c   0x0000008c   Code   RO         1838    i.HAL_PWREx_EnableOverDrive  stm32f4xx_hal_pwr_ex.o
    0x08001898   0x08001898   0x00000184   Code   RO          939    i.HAL_RCC_ClockConfig  stm32f4xx_hal_rcc.o
    0x08001a1c   0x08001a1c   0x000000b0   Code   RO          948    i.HAL_RCC_GetSysClockFreq  stm32f4xx_hal_rcc.o
    0x08001acc   0x08001acc   0x0000049c   Code   RO          951    i.HAL_RCC_OscConfig  stm32f4xx_hal_rcc.o
    0x08001f68   0x08001f68   0x00000034   Code   RO         1930    i.HAL_SYSTICK_Config  stm32f4xx_hal_cortex.o
    0x08001f9c   0x08001f9c   0x00000002   Code   RO         2436    i.HAL_UARTEx_RxEventCallback  stm32f4xx_hal_uart.o
    0x08001f9e   0x08001f9e   0x00000002   Code   RO         2450    i.HAL_UART_ErrorCallback  stm32f4xx_hal_uart.o
    0x08001fa0   0x08001fa0   0x000002e8   Code   RO         2453    i.HAL_UART_IRQHandler  stm32f4xx_hal_uart.o
    0x08002288   0x08002288   0x00000002   Code   RO         2460    i.HAL_UART_RxCpltCallback  stm32f4xx_hal_uart.o
    0x0800228a   0x0800228a   0x00000002   Code   RO         2465    i.HAL_UART_TxCpltCallback  stm32f4xx_hal_uart.o
    0x0800228c   0x0800228c   0x00000004   Code   RO          529    i.HardFault_Handler  stm32f4xx_it.o
    0x08002290   0x08002290   0x00000044   Code   RO          407    i.MX_CAN1_Init      can.o
    0x080022d4   0x080022d4   0x00000098   Code   RO          380    i.MX_GPIO_Init      gpio.o
    0x0800236c   0x0800236c   0x00000004   Code   RO          530    i.MemManage_Handler  stm32f4xx_it.o
    0x08002370   0x08002370   0x00000004   Code   RO          531    i.NMI_Handler       stm32f4xx_it.o
    0x08002374   0x08002374   0x00000002   Code   RO          532    i.PendSV_Handler    stm32f4xx_it.o
    0x08002376   0x08002376   0x00000002   Code   RO          533    i.SVC_Handler       stm32f4xx_it.o
    0x08002378   0x08002378   0x00000008   Code   RO          534    i.SysTick_Handler   stm32f4xx_it.o
    0x08002380   0x08002380   0x00000014   Code   RO         2860    i.SystemInit        system_stm32f4xx.o
    0x08002394   0x08002394   0x00000010   Code   RO          535    i.USART2_IRQHandler  stm32f4xx_it.o
    0x080023a4   0x080023a4   0x00000004   Code   RO          536    i.UsageFault_Handler  stm32f4xx_it.o
    0x080023a8   0x080023a8   0x00000028   Code   RO           15    i._Z13CAN_Send_DataP17CAN_HandleTypeDeftPht  drv_can.o
    0x080023d0   0x080023d0   0x000000bc   Code   RO          173    i._Z18SystemClock_Configv  main.o
    0x0800248c   0x0800248c   0x000001cc   Code   RO          174    i._Z19CAN_Motor_Call_BackP20Struct_CAN_Rx_Buffer  main.o
    0x08002658   0x08002658   0x0000006e   Code   RO           16    i._Z22CAN_Filter_Mask_ConfigP17CAN_HandleTypeDefhjj  drv_can.o
    0x080026c6   0x080026c6   0x00000002   PAD
    0x080026c8   0x080026c8   0x00000084   Code   RO           18    i._Z8CAN_InitP17CAN_HandleTypeDefPFvP20Struct_CAN_Rx_BufferE  drv_can.o
    0x0800274c   0x0800274c   0x00000170   Code   RO          175    i._ZN27_INTERNAL_6_main_c_4e3d36c010st_machineEv  main.o
    0x080028bc   0x080028bc   0x000000a0   Code   RO          176    i._ZN27_INTERNAL_6_main_c_4e3d36c010start_moveEi  main.o
    0x0800295c   0x0800295c   0x0000001c   Code   RO          177    i._ZN27_INTERNAL_6_main_c_4e3d36c011persist_getEv  main.o
    0x08002978   0x08002978   0x00000058   Code   RO          178    i._ZN27_INTERNAL_6_main_c_4e3d36c011persist_setEv  main.o
    0x080029d0   0x080029d0   0x00000018   Code   RO          179    i._ZN27_INTERNAL_6_main_c_4e3d36c012rng_in_rangeEi  main.o
    0x080029e8   0x080029e8   0x0000001c   Code   RO          180    i._ZN27_INTERNAL_6_main_c_4e3d36c013local_now_cntEv  main.o
    0x08002a04   0x08002a04   0x00000020   Code   RO          181    i._ZN27_INTERNAL_6_main_c_4e3d36c013ze300_restartEv  main.o
    0x08002a24   0x08002a24   0x00000018   Code   RO          182    i._ZN27_INTERNAL_6_main_c_4e3d36c014ze300_read_posEv  main.o
    0x08002a3c   0x08002a3c   0x00000020   Code   RO          183    i._ZN27_INTERNAL_6_main_c_4e3d36c014ze300_set_addrEh  main.o
    0x08002a5c   0x08002a5c   0x0000002c   Code   RO          184    i._ZN27_INTERNAL_6_main_c_4e3d36c015pos_iq_limit_maEj  main.o
    0x08002a88   0x08002a88   0x00000018   Code   RO          185    i._ZN27_INTERNAL_6_main_c_4e3d36c016ze300_set_originEv  main.o
    0x08002aa0   0x08002aa0   0x0000002c   Code   RO          186    i._ZN27_INTERNAL_6_main_c_4e3d36c016ze300_target_cntEi  main.o
    0x08002acc   0x08002acc   0x00000030   Code   RO          187    i._ZN27_INTERNAL_6_main_c_4e3d36c017pos_max_speed_rpmEi  main.o
    0x08002afc   0x08002afc   0x0000002c   Code   RO          188    i._ZN27_INTERNAL_6_main_c_4e3d36c05brakeEh  main.o
    0x08002b28   0x08002b28   0x00000028   Code   RO          189    i._ZN27_INTERNAL_6_main_c_4e3d36c07norm180Ei  main.o
    0x08002b50   0x08002b50   0x0000001c   Code   RO          190    i._ZN27_INTERNAL_6_main_c_4e3d36c08can_sendEtPKhh  main.o
    0x08002b6c   0x08002b6c   0x00000024   Code   RO          191    i._ZN27_INTERNAL_6_main_c_4e3d36c08rng_nextEv  main.o
    0x08002b90   0x08002b90   0x00000026   Code   RO          192    i._ZN27_INTERNAL_6_main_c_4e3d36c08trap_accEhi  main.o
    0x08002bb6   0x08002bb6   0x0000001e   Code   RO          193    i._ZN27_INTERNAL_6_main_c_4e3d36c09get_f32leEPKh  main.o
    0x08002bd4   0x08002bd4   0x00000018   Code   RO          194    i._ZN27_INTERNAL_6_main_c_4e3d36c09get_i32leEPKh  main.o
    0x08002bec   0x08002bec   0x000000a8   Code   RO          195    i._ZN27_INTERNAL_6_main_c_4e3d36c09home_bootEv  main.o
    0x08002c94   0x08002c94   0x00000036   Code   RO          196    i._ZN27_INTERNAL_6_main_c_4e3d36c09pid_writeEhf  main.o
    0x08002cca   0x08002cca   0x0000001e   Code   RO          197    i._ZN27_INTERNAL_6_main_c_4e3d36c09put_f32leEPhf  main.o
    0x08002ce8   0x08002ce8   0x00000010   Code   RO          198    i._ZN27_INTERNAL_6_main_c_4e3d36c09put_i32leEPhi  main.o
    0x08002cf8   0x08002cf8   0x000000fc   Code   RO         2471    i._ZN42_INTERNAL_20_stm32f4xx_hal_uart_c_d497114f15UART_Receive_ITEP20__UART_HandleTypeDef  stm32f4xx_hal_uart.o
    0x08002df4   0x08002df4   0x00000060   Code   RO         2472    i._ZN42_INTERNAL_20_stm32f4xx_hal_uart_c_d497114f16UART_Transmit_ITEP20__UART_HandleTypeDef  stm32f4xx_hal_uart.o
    0x08002e54   0x08002e54   0x0000006c   Code   RO         2475    i._ZN42_INTERNAL_20_stm32f4xx_hal_uart_c_d497114f18UART_EndRxTransferEP20__UART_HandleTypeDef  stm32f4xx_hal_uart.o
    0x08002ec0   0x08002ec0   0x00000020   Code   RO         2478    i._ZN42_INTERNAL_20_stm32f4xx_hal_uart_c_d497114f19UART_EndTransmit_ITEP20__UART_HandleTypeDef  stm32f4xx_hal_uart.o
    0x08002ee0   0x08002ee0   0x00000014   Code   RO         2479    i._ZN42_INTERNAL_20_stm32f4xx_hal_uart_c_d497114f20UART_DMAAbortOnErrorEP19__DMA_HandleTypeDef  stm32f4xx_hal_uart.o
    0x08002ef4   0x08002ef4   0x00000024   Code   RO         1140    i._ZN43_INTERNAL_21_stm32f4xx_hal_flash_c_48aa8f3e18FLASH_Program_ByteEjh  stm32f4xx_hal_flash.o
    0x08002f18   0x08002f18   0x00000028   Code   RO         1141    i._ZN43_INTERNAL_21_stm32f4xx_hal_flash_c_48aa8f3e18FLASH_Program_WordEjj  stm32f4xx_hal_flash.o
    0x08002f40   0x08002f40   0x000000b4   Code   RO         1142    i._ZN43_INTERNAL_21_stm32f4xx_hal_flash_c_48aa8f3e18FLASH_SetErrorCodeEv  stm32f4xx_hal_flash.o
    0x08002ff4   0x08002ff4   0x00000028   Code   RO         1143    i._ZN43_INTERNAL_21_stm32f4xx_hal_flash_c_48aa8f3e22FLASH_Program_HalfWordEjt  stm32f4xx_hal_flash.o
    0x0800301c   0x0800301c   0x00000030   Code   RO         1144    i._ZN43_INTERNAL_21_stm32f4xx_hal_flash_c_48aa8f3e24FLASH_Program_DoubleWordEjy  stm32f4xx_hal_flash.o
    0x0800304c   0x0800304c   0x00000028   Code   RO         1932    i._ZN44_INTERNAL_22_stm32f4xx_hal_cortex_c_2992dbc018__NVIC_SetPriorityE9IRQn_Typej  stm32f4xx_hal_cortex.o
    0x08003074   0x08003074   0x00000010   Code   RO         1933    i._ZN44_INTERNAL_22_stm32f4xx_hal_cortex_c_2992dbc026__NVIC_GetPriorityGroupingEv  stm32f4xx_hal_cortex.o
    0x08003084   0x08003084   0x00000054   Code   RO         1274    i._ZN46_INTERNAL_24_stm32f4xx_hal_flash_ex_c_6648b60e15FLASH_MassEraseEhj  stm32f4xx_hal_flash_ex.o
    0x080030d8   0x080030d8   0x00000610   Code   RO          199    i.main              main.o
    0x080036e8   0x080036e8   0x0000000a   Code   RO         3012    x$fpl$fpinit        fz_wm.l(fpinit.o)
    0x080036f2   0x080036f2   0x00000008   Data   RO          228    .constdata          main.o
    0x080036fa   0x080036fa   0x00000018   Data   RO         2863    .constdata          system_stm32f4xx.o
    0x08003712   0x08003712   0x00000002   PAD
    0x08003714   0x08003714   0x00000020   Data   RO         3070    Region$$Table       anon$$obj.o


    Execution Region RW_IRAM2 (Exec base: 0x10000000, Load base: 0x08003810, Size: 0x00000000, Max: 0x00010000, ABSOLUTE)

    **** No section assigned to this execution region ****


    Execution Region RW_IRAM1 (Exec base: 0x20000000, Load base: 0x08003734, Size: 0x000008e8, Max: 0x00030000, ABSOLUTE)

    Exec Addr    Load Addr    Size         Type   Attr      Idx    E Section Name        Object

    0x20000000   0x08003734   0x000000ca   Data   RW          229    .data               main.o
    0x200000ca   0x080037fe   0x00000002   PAD
    0x200000cc   0x08003800   0x00000009   Data   RW         2138    .data               stm32f4xx_hal.o
    0x200000d5   0x08003809   0x00000003   PAD
    0x200000d8   0x0800380c   0x00000004   Data   RW         2864    .data               system_stm32f4xx.o
    0x200000dc        -       0x00000058   Zero   RW           25    .bss                drv_can.o
    0x20000134        -       0x00000028   Zero   RW          411    .bss                can.o
    0x2000015c        -       0x00000108   Zero   RW          484    .bss                usart.o
    0x20000264        -       0x00000020   Zero   RW         1162    .bss                stm32f4xx_hal_flash.o
    0x20000284        -       0x00000060   Zero   RW         2942    .bss                c_w.l(libspace.o)
    0x200002e4   0x08003810   0x00000004   PAD
    0x200002e8        -       0x00000200   Zero   RW            2    HEAP                startup_stm32f427xx.o
    0x200004e8        -       0x00000400   Zero   RW            1    STACK               startup_stm32f427xx.o


==============================================================================

Image component sizes


      Code (inc. data)   RO Data    RW Data    ZI Data      Debug   Object Name

       236         22          0          0         40       1701   can.o
       458         48          0          0         88     734987   drv_can.o
       152         10          0          0          0        951   gpio.o
      3658        600          8        202          0      20597   main.o
        64         26        428          0       1536        860   startup_stm32f427xx.o
       212         36          0          9          0       9553   stm32f4xx_hal.o
      2104          6          0          0          0      13020   stm32f4xx_hal_can.o
       312         22          0          0          0      34335   stm32f4xx_hal_cortex.o
       788          6          0          0          0       3096   stm32f4xx_hal_dma.o
       668         62          0          0         32       5966   stm32f4xx_hal_flash.o
       476         24          0          0          0       3318   stm32f4xx_hal_flash_ex.o
       540         54          0          0          0       2148   stm32f4xx_hal_gpio.o
        72          4          0          0          0        878   stm32f4xx_hal_msp.o
       140         12          0          0          0       1300   stm32f4xx_hal_pwr_ex.o
      1744         58          0          0          0       3912   stm32f4xx_hal_rcc.o
      1260          4          0          0          0       8140   stm32f4xx_hal_uart.o
       114         30          0          0          0       6702   stm32f4xx_it.o
        20          6         24          4          0       1147   system_stm32f4xx.o
         0          0          0          0        264        299   usart.o

    ----------------------------------------------------------------------
     13030       1030        494        220       1960     852910   Object Totals
         0          0         32          0          0          0   (incl. Generated)
        12          0          2          5          0          0   (incl. Padding)

    ----------------------------------------------------------------------

      Code (inc. data)   RO Data    RW Data    ZI Data      Debug   Library Member Name

         8          0          0          0          0         68   __main.o
         0          0          0          0          0          0   __rtentry.o
        12          0          0          0          0          0   __rtentry2.o
         6          0          0          0          0          0   __rtentry4.o
        52          8          0          0          0          0   __scatter.o
        26          0          0          0          0          0   __scatter_copy.o
        28          0          0          0          0          0   __scatter_zi.o
        18          0          0          0          0         80   exit.o
         6          0          0          0          0        152   heapauxi.o
         0          0          0          0          0          0   indicate_semi.o
         2          0          0          0          0          0   libinit.o
         6          0          0          0          0          0   libinit2.o
         2          0          0          0          0          0   libshutdown.o
         2          0          0          0          0          0   libshutdown2.o
         8          4          0          0         96         68   libspace.o
       238          0          0          0          0        100   lludivv7m.o
        78          0          0          0          0         80   rt_memclr_w.o
         2          0          0          0          0          0   rtexit.o
        10          0          0          0          0          0   rtexit2.o
        12          4          0          0          0         68   sys_exit.o
        74          0          0          0          0         80   sys_stackheap_outer.o
         2          0          0          0          0         68   use_no_semi.o
        10          0          0          0          0        116   fpinit.o

    ----------------------------------------------------------------------
       608         16          0          0        100        880   Library Totals
         6          0          0          0          4          0   (incl. Padding)

    ----------------------------------------------------------------------

      Code (inc. data)   RO Data    RW Data    ZI Data      Debug   Library Name

       592         16          0          0         96        764   c_w.l
        10          0          0          0          0        116   fz_wm.l

    ----------------------------------------------------------------------
       608         16          0          0        100        880   Library Totals

    ----------------------------------------------------------------------

==============================================================================


      Code (inc. data)   RO Data    RW Data    ZI Data      Debug   

     13638       1046        494        220       2060     842930   Grand Totals
     13638       1046        494        220       2060     842930   ELF Image Totals
     13638       1046        494        220          0          0   ROM Totals

==============================================================================

    Total RO  Size (Code + RO Data)                14132 (  13.80kB)
    Total RW  Size (RW Data + ZI Data)              2280 (   2.23kB)
    Total ROM Size (Code + RO Data + RW Data)      14352 (  14.02kB)

==============================================================================

