Component: ARM Compiler 5.06 update 7 (build 960) Tool: armlink [4d3601]

==============================================================================

Section Cross References

    startup_stm32f427xx.o(STACK) refers (Special) to heapauxi.o(.text) for __use_two_region_memory
    startup_stm32f427xx.o(HEAP) refers (Special) to heapauxi.o(.text) for __use_two_region_memory
    startup_stm32f427xx.o(RESET) refers (Special) to heapauxi.o(.text) for __use_two_region_memory
    startup_stm32f427xx.o(RESET) refers to startup_stm32f427xx.o(STACK) for __initial_sp
    startup_stm32f427xx.o(RESET) refers to startup_stm32f427xx.o(.text) for Reset_Handler
    startup_stm32f427xx.o(RESET) refers to stm32f4xx_it.o(i.NMI_Handler) for NMI_Handler
    startup_stm32f427xx.o(RESET) refers to stm32f4xx_it.o(i.HardFault_Handler) for HardFault_Handler
    startup_stm32f427xx.o(RESET) refers to stm32f4xx_it.o(i.MemManage_Handler) for MemManage_Handler
    startup_stm32f427xx.o(RESET) refers to stm32f4xx_it.o(i.BusFault_Handler) for BusFault_Handler
    startup_stm32f427xx.o(RESET) refers to stm32f4xx_it.o(i.UsageFault_Handler) for UsageFault_Handler
    startup_stm32f427xx.o(RESET) refers to stm32f4xx_it.o(i.SVC_Handler) for SVC_Handler
    startup_stm32f427xx.o(RESET) refers to stm32f4xx_it.o(i.DebugMon_Handler) for DebugMon_Handler
    startup_stm32f427xx.o(RESET) refers to stm32f4xx_it.o(i.PendSV_Handler) for PendSV_Handler
    startup_stm32f427xx.o(RESET) refers to stm32f4xx_it.o(i.SysTick_Handler) for SysTick_Handler
    startup_stm32f427xx.o(RESET) refers to stm32f4xx_it.o(i.DMA1_Stream5_IRQHandler) for DMA1_Stream5_IRQHandler
    startup_stm32f427xx.o(RESET) refers to stm32f4xx_it.o(i.DMA1_Stream6_IRQHandler) for DMA1_Stream6_IRQHandler
    startup_stm32f427xx.o(RESET) refers to stm32f4xx_it.o(i.CAN1_RX0_IRQHandler) for CAN1_RX0_IRQHandler
    startup_stm32f427xx.o(RESET) refers to stm32f4xx_it.o(i.CAN1_RX1_IRQHandler) for CAN1_RX1_IRQHandler
    startup_stm32f427xx.o(RESET) refers to stm32f4xx_it.o(i.USART2_IRQHandler) for USART2_IRQHandler
    startup_stm32f427xx.o(.text) refers (Special) to heapauxi.o(.text) for __use_two_region_memory
    startup_stm32f427xx.o(.text) refers to system_stm32f4xx.o(i.SystemInit) for SystemInit
    startup_stm32f427xx.o(.text) refers to __main.o(!!!main) for __main
    startup_stm32f427xx.o(.text) refers to startup_stm32f427xx.o(HEAP) for Heap_Mem
    startup_stm32f427xx.o(.text) refers to startup_stm32f427xx.o(STACK) for Stack_Mem
    drv_can.o(i.HAL_CAN_RxFifo0MsgPendingCallback) refers to stm32f4xx_hal_can.o(i.HAL_CAN_GetRxMessage) for HAL_CAN_GetRxMessage
    drv_can.o(i.HAL_CAN_RxFifo0MsgPendingCallback) refers to drv_can.o(.bss) for CAN1_Manage_Object
    drv_can.o(i.HAL_CAN_RxFifo1MsgPendingCallback) refers to stm32f4xx_hal_can.o(i.HAL_CAN_GetRxMessage) for HAL_CAN_GetRxMessage
    drv_can.o(i.HAL_CAN_RxFifo1MsgPendingCallback) refers to drv_can.o(.bss) for CAN1_Manage_Object
    drv_can.o(i._Z13CAN_Send_DataP17CAN_HandleTypeDeftPht) refers to stm32f4xx_hal.o(i.HAL_GetTick) for HAL_GetTick
    drv_can.o(i._Z13CAN_Send_DataP17CAN_HandleTypeDeftPht) refers to stm32f4xx_hal_can.o(i.HAL_CAN_GetTxMailboxesFreeLevel) for HAL_CAN_GetTxMailboxesFreeLevel
    drv_can.o(i._Z13CAN_Send_DataP17CAN_HandleTypeDeftPht) refers to stm32f4xx_hal_can.o(i.HAL_CAN_AddTxMessage) for HAL_CAN_AddTxMessage
    drv_can.o(i._Z22CAN_Filter_Mask_ConfigP17CAN_HandleTypeDefhjj) refers to stm32f4xx_hal_can.o(i.HAL_CAN_ConfigFilter) for HAL_CAN_ConfigFilter
    drv_can.o(i._Z29TIM_CAN_PeriodElapsedCallbackv) refers to drv_can.o(i._Z13CAN_Send_DataP17CAN_HandleTypeDeftPht) for CAN_Send_Data(CAN_HandleTypeDef*, unsigned short, unsigned char*, unsigned short)
    drv_can.o(i._Z29TIM_CAN_PeriodElapsedCallbackv) refers to drv_can.o(.data) for TIM_CAN_PeriodElapsedCallback()::mod10
    drv_can.o(i._Z29TIM_CAN_PeriodElapsedCallbackv) refers to can.o(.bss) for hcan1
    drv_can.o(i._Z8CAN_InitP17CAN_HandleTypeDefPFvP20Struct_CAN_Rx_BufferE) refers to stm32f4xx_hal_can.o(i.HAL_CAN_Start) for HAL_CAN_Start
    drv_can.o(i._Z8CAN_InitP17CAN_HandleTypeDefPFvP20Struct_CAN_Rx_BufferE) refers to drv_can.o(i._Z22CAN_Filter_Mask_ConfigP17CAN_HandleTypeDefhjj) for CAN_Filter_Mask_Config(CAN_HandleTypeDef*, unsigned char, unsigned, unsigned)
    drv_can.o(i._Z8CAN_InitP17CAN_HandleTypeDefPFvP20Struct_CAN_Rx_BufferE) refers to drv_can.o(.bss) for CAN1_Manage_Object
    drv_can.o(.ARM.exidx) refers to drv_can.o(i._Z22CAN_Filter_Mask_ConfigP17CAN_HandleTypeDefhjj) for i._Z22CAN_Filter_Mask_ConfigP17CAN_HandleTypeDefhjj
    drv_can.o(.ARM.exidx) refers to drv_can.o(i._Z8CAN_InitP17CAN_HandleTypeDefPFvP20Struct_CAN_Rx_BufferE) for i._Z8CAN_InitP17CAN_HandleTypeDefPFvP20Struct_CAN_Rx_BufferE
    drv_can.o(.ARM.exidx) refers to drv_can.o(i._Z13CAN_Send_DataP17CAN_HandleTypeDeftPht) for i._Z13CAN_Send_DataP17CAN_HandleTypeDeftPht
[...]
    i._ZN27_INTERNAL_6_main_c_g_run_ms14ze300_read_posEh 0x080036d4   Section        0  main.o(i._ZN27_INTERNAL_6_main_c_g_run_ms14ze300_read_posEh)
    [local to main_c]::ze300_read_pos(unsigned char) 0x080036d5   Thumb Code    22  main.o(i._ZN27_INTERNAL_6_main_c_g_run_ms14ze300_read_posEh)
    i._ZN27_INTERNAL_6_main_c_g_run_ms14ze300_read_spdEh 0x080036f0   Section        0  main.o(i._ZN27_INTERNAL_6_main_c_g_run_ms14ze300_read_spdEh)
    [local to main_c]::ze300_read_spd(unsigned char) 0x080036f1   Thumb Code    22  main.o(i._ZN27_INTERNAL_6_main_c_g_run_ms14ze300_read_spdEh)
    i._ZN27_INTERNAL_6_main_c_g_run_ms15pos_iq_limit_maEhj 0x0800370c   Section        0  main.o(i._ZN27_INTERNAL_6_main_c_g_run_ms15pos_iq_limit_maEhj)
    [local to main_c]::pos_iq_limit_ma(unsigned char, unsigned) 0x0800370d   Thumb Code    36  main.o(i._ZN27_INTERNAL_6_main_c_g_run_ms15pos_iq_limit_maEhj)
    i._ZN27_INTERNAL_6_main_c_g_run_ms16ze300_set_originEh 0x08003738   Section        0  main.o(i._ZN27_INTERNAL_6_main_c_g_run_ms16ze300_set_originEh)
    [local to main_c]::ze300_set_origin(unsigned char) 0x08003739   Thumb Code    22  main.o(i._ZN27_INTERNAL_6_main_c_g_run_ms16ze300_set_originEh)
    i._ZN27_INTERNAL_6_main_c_g_run_ms16ze300_target_cntEhi 0x08003754   Section        0  main.o(i._ZN27_INTERNAL_6_main_c_g_run_ms16ze300_target_cntEhi)
    [local to main_c]::ze300_target_cnt(unsigned char, int) 0x08003755   Thumb Code    36  main.o(i._ZN27_INTERNAL_6_main_c_g_run_ms16ze300_target_cntEhi)
    i._ZN27_INTERNAL_6_main_c_g_run_ms17pos_max_speed_rpmEhi 0x08003780   Section        0  main.o(i._ZN27_INTERNAL_6_main_c_g_run_ms17pos_max_speed_rpmEhi)
    [local to main_c]::pos_max_speed_rpm(unsigned char, int) 0x08003781   Thumb Code    40  main.o(i._ZN27_INTERNAL_6_main_c_g_run_ms17pos_max_speed_rpmEhi)
    i._ZN27_INTERNAL_6_main_c_g_run_ms17serial_set_targetEhf 0x080037b0   Section        0  main.o(i._ZN27_INTERNAL_6_main_c_g_run_ms17serial_set_targetEhf)
    [local to main_c]::serial_set_target(unsigned char, float) 0x080037b1   Thumb Code   118  main.o(i._ZN27_INTERNAL_6_main_c_g_run_ms17serial_set_targetEhf)
    i._ZN27_INTERNAL_6_main_c_g_run_ms17ze300_read_statusEh 0x08003840   Section        0  main.o(i._ZN27_INTERNAL_6_main_c_g_run_ms17ze300_read_statusEh)
    [local to main_c]::ze300_read_status(unsigned char) 0x08003841   Thumb Code    22  main.o(i._ZN27_INTERNAL_6_main_c_g_run_ms17ze300_read_statusEh)
    i._ZN27_INTERNAL_6_main_c_g_run_ms19uart_send_telemetryEv 0x0800385c   Section        0  main.o(i._ZN27_INTERNAL_6_main_c_g_run_ms19uart_send_telemetryEv)
    [local to main_c]::uart_send_telemetry() 0x0800385d   Thumb Code   332  main.o(i._ZN27_INTERNAL_6_main_c_g_run_ms19uart_send_telemetryEv)
    i._ZN27_INTERNAL_6_main_c_g_run_ms20persist_erase_sectorEv 0x080039f8   Section        0  main.o(i._ZN27_INTERNAL_6_main_c_g_run_ms20persist_erase_sectorEv)
    [local to main_c]::persist_erase_sector() 0x080039f9   Thumb Code    44  main.o(i._ZN27_INTERNAL_6_main_c_g_run_ms20persist_erase_sectorEv)
    i._ZN27_INTERNAL_6_main_c_g_run_ms20persist_program_wordEj 0x08003a24   Section        0  main.o(i._ZN27_INTERNAL_6_main_c_g_run_ms20persist_program_wordEj)
    [local to main_c]::persist_program_word(unsigned) 0x08003a25   Thumb Code    26  main.o(i._ZN27_INTERNAL_6_main_c_g_run_ms20persist_program_wordEj)
    i._ZN27_INTERNAL_6_main_c_g_run_ms5brakeEP3MOTh 0x08003a44   Section        0  main.o(i._ZN27_INTERNAL_6_main_c_g_run_ms5brakeEP3MOTh)
    [local to main_c]::brake(MOT*, unsigned char) 0x08003a45   Thumb Code    58  main.o(i._ZN27_INTERNAL_6_main_c_g_run_ms5brakeEP3MOTh)
    i._ZN27_INTERNAL_6_main_c_g_run_ms7norm180Ei 0x08003a7e   Section        0  main.o(i._ZN27_INTERNAL_6_main_c_g_run_ms7norm180Ei)
    [local to main_c]::norm180(int)          0x08003a7f   Thumb Code    40  main.o(i._ZN27_INTERNAL_6_main_c_g_run_ms7norm180Ei)
    i._ZN27_INTERNAL_6_main_c_g_run_ms7sync_inEP3MOT 0x08003aa8   Section        0  main.o(i._ZN27_INTERNAL_6_main_c_g_run_ms7sync_inEP3MOT)
    [local to main_c]::sync_in(MOT*)         0x08003aa9   Thumb Code   222  main.o(i._ZN27_INTERNAL_6_main_c_g_run_ms7sync_inEP3MOT)
    i._ZN27_INTERNAL_6_main_c_g_run_ms8can_sendEtPKhh 0x08003be0   Section        0  main.o(i._ZN27_INTERNAL_6_main_c_g_run_ms8can_sendEtPKhh)
    [local to main_c]::can_send(unsigned short, const unsigned char*, unsigned char) 0x08003be1   Thumb Code    68  main.o(i._ZN27_INTERNAL_6_main_c_g_run_ms8can_sendEtPKhh)
    i._ZN27_INTERNAL_6_main_c_g_run_ms8rng_nextEv 0x08003c30   Section        0  main.o(i._ZN27_INTERNAL_6_main_c_g_run_ms8rng_nextEv)
    [local to main_c]::rng_next()            0x08003c31   Thumb Code    22  main.o(i._ZN27_INTERNAL_6_main_c_g_run_ms8rng_nextEv)
    i._ZN27_INTERNAL_6_main_c_g_run_ms8sync_outEP3MOT 0x08003c54   Section        0  main.o(i._ZN27_INTERNAL_6_main_c_g_run_ms8sync_outEP3MOT)
    [local to main_c]::sync_out(MOT*)        0x08003c55   Thumb Code   836  main.o(i._ZN27_INTERNAL_6_main_c_g_run_ms8sync_outEP3MOT)
    i._ZN27_INTERNAL_6_main_c_g_run_ms8trap_accEhhi 0x080040a8   Section        0  main.o(i._ZN27_INTERNAL_6_main_c_g_run_ms8trap_accEhhi)
    [local to main_c]::trap_acc(unsigned char, unsigned char, int) 0x080040a9   Thumb Code    40  main.o(i._ZN27_INTERNAL_6_main_c_g_run_ms8trap_accEhhi)
    i._ZN27_INTERNAL_6_main_c_g_run_ms9get_f32leEPKh 0x080040d0   Section        0  main.o(i._ZN27_INTERNAL_6_main_c_g_run_ms9get_f32leEPKh)
    [local to main_c]::get_f32le(const unsigned char*) 0x080040d1   Thumb Code    30  main.o(i._ZN27_INTERNAL_6_main_c_g_run_ms9get_f32leEPKh)
    i._ZN27_INTERNAL_6_main_c_g_run_ms9get_i32leEPKh 0x080040ee   Section        0  main.o(i._ZN27_INTERNAL_6_main_c_g_run_ms9get_i32leEPKh)
    [local to main_c]::get_i32le(const unsigned char*) 0x080040ef   Thumb Code    24  main.o(i._ZN27_INTERNAL_6_main_c_g_run_ms9get_i32leEPKh)
    i._ZN27_INTERNAL_6_main_c_g_run_ms9home_bootEP3MOT 0x08004106   Section        0  main.o(i._ZN27_INTERNAL_6_main_c_g_run_ms9home_bootEP3MOT)
    [local to main_c]::home_boot(MOT*)       0x08004107   Thumb Code   162  main.o(i._ZN27_INTERNAL_6_main_c_g_run_ms9home_bootEP3MOT)
    i._ZN27_INTERNAL_6_main_c_g_run_ms9parse_numEPPKc 0x080041a8   Section        0  main.o(i._ZN27_INTERNAL_6_main_c_g_run_ms9parse_numEPPKc)
    [local to main_c]::parse_num(const char**) 0x080041a9   Thumb Code   200  main.o(i._ZN27_INTERNAL_6_main_c_g_run_ms9parse_numEPPKc)
    i._ZN27_INTERNAL_6_main_c_g_run_ms9pid_writeEhhf 0x08004278   Section        0  main.o(i._ZN27_INTERNAL_6_main_c_g_run_ms9pid_writeEhhf)
    [local to main_c]::pid_write(unsigned char, unsigned char, float) 0x08004279   Thumb Code    56  main.o(i._ZN27_INTERNAL_6_main_c_g_run_ms9pid_writeEhhf)
    i._ZN27_INTERNAL_6_main_c_g_run_ms9put_f32leEPhf 0x080042b0   Section        0  main.o(i._ZN27_INTERNAL_6_main_c_g_run_ms9put_f32leEPhf)
    [local to main_c]::put_f32le(unsigned char*, float) 0x080042b1   Thumb Code    30  main.o(i._ZN27_INTERNAL_6_main_c_g_run_ms9put_f32leEPhf)
    i._ZN27_INTERNAL_6_main_c_g_run_ms9put_i32leEPhi 0x080042ce   Section        0  main.o(i._ZN27_INTERNAL_6_main_c_g_run_ms9put_i32leEPhi)
    [local to main_c]::put_i32le(unsigned char*, int) 0x080042cf   Thumb Code    16  main.o(i._ZN27_INTERNAL_6_main_c_g_run_ms9put_i32leEPhi)
    i._ZN41_INTERNAL_19_stm32f4xx_hal_dma_c_c25f65ec13DMA_SetConfigEP19__DMA_HandleTypeDefjjj 0x080042de   Section        0  stm32f4xx_hal_dma.o(i._ZN41_INTERNAL_19_stm32f4xx_hal_dma_c_c25f65ec13DMA_SetConfigEP19__DMA_HandleTypeDefjjj)
    [local to stm32f4xx_hal_dma_c]::DMA_SetConfig(__DMA_HandleTypeDef*, unsigned, unsigned, unsigned) 0x080042df   Thumb Code    44  stm32f4xx_hal_dma.o(i._ZN41_INTERNAL_19_stm32f4xx_hal_dma_c_c25f65ec13DMA_SetConfigEP19__DMA_HandleTypeDefjjj)
    i._ZN41_INTERNAL_19_stm32f4xx_hal_dma_c_c25f65ec18DMA_CheckFifoParamEP19__DMA_HandleTypeDef 0x0800430a   Section        0  stm32f4xx_hal_dma.o(i._ZN41_INTERNAL_19_stm32f4xx_hal_dma_c_c25f65ec18DMA_CheckFifoParamEP19__DMA_HandleTypeDef)
    [local to stm32f4xx_hal_dma_c]::DMA_CheckFifoParam(__DMA_HandleTypeDef*) 0x0800430b   Thumb Code   170  stm32f4xx_hal_dma.o(i._ZN41_INTERNAL_19_stm32f4xx_hal_dma_c_c25f65ec18DMA_CheckFifoParamEP19__DMA_HandleTypeDef)
    i._ZN41_INTERNAL_19_stm32f4xx_hal_dma_c_c25f65ec23DMA_CalcBaseAndBitshiftEP19__DMA_HandleTypeDef 0x080043b4   Section        0  stm32f4xx_hal_dma.o(i._ZN41_INTERNAL_19_stm32f4xx_hal_dma_c_c25f65ec23DMA_CalcBaseAndBitshiftEP19__DMA_HandleTypeDef)
    [local to stm32f4xx_hal_dma_c]::DMA_CalcBaseAndBitshift(__DMA_HandleTypeDef*) 0x080043b5   Thumb Code    46  stm32f4xx_hal_dma.o(i._ZN41_INTERNAL_19_stm32f4xx_hal_dma_c_c25f65ec23DMA_CalcBaseAndBitshiftEP19__DMA_HandleTypeDef)
    i._ZN42_INTERNAL_20_stm32f4xx_hal_uart_c_d497114f13UART_DMAErrorEP19__DMA_HandleTypeDef 0x080043e8   Section        0  stm32f4xx_hal_uart.o(i._ZN42_INTERNAL_20_stm32f4xx_hal_uart_c_d497114f13UART_DMAErrorEP19__DMA_HandleTypeDef)
    [local to stm32f4xx_hal_uart_c]::UART_DMAError(__DMA_HandleTypeDef*) 0x080043e9   Thumb Code    80  stm32f4xx_hal_uart.o(i._ZN42_INTERNAL_20_stm32f4xx_hal_uart_c_d497114f13UART_DMAErrorEP19__DMA_HandleTypeDef)
    i._ZN42_INTERNAL_20_stm32f4xx_hal_uart_c_d497114f14UART_SetConfigEP20__UART_HandleTypeDef 0x08004438   Section        0  stm32f4xx_hal_uart.o(i._ZN42_INTERNAL_20_stm32f4xx_hal_uart_c_d497114f14UART_SetConfigEP20__UART_HandleTypeDef)
    [local to stm32f4xx_hal_uart_c]::UART_SetConfig(__UART_HandleTypeDef*) 0x08004439   Thumb Code   546  stm32f4xx_hal_uart.o(i._ZN42_INTERNAL_20_stm32f4xx_hal_uart_c_d497114f14UART_SetConfigEP20__UART_HandleTypeDef)
    i._ZN42_INTERNAL_20_stm32f4xx_hal_uart_c_d497114f15UART_Receive_ITEP20__UART_HandleTypeDef 0x08004664   Section        0  stm32f4xx_hal_uart.o(i._ZN42_INTERNAL_20_stm32f4xx_hal_uart_c_d497114f15UART_Receive_ITEP20__UART_HandleTypeDef)
    [local to stm32f4xx_hal_uart_c]::UART_Receive_IT(__UART_HandleTypeDef*) 0x08004665   Thumb Code   252  stm32f4xx_hal_uart.o(i._ZN42_INTERNAL_20_stm32f4xx_hal_uart_c_d497114f15UART_Receive_ITEP20__UART_HandleTypeDef)
    i._ZN42_INTERNAL_20_stm32f4xx_hal_uart_c_d497114f16UART_Transmit_ITEP20__UART_HandleTypeDef 0x08004760   Section        0  stm32f4xx_hal_uart.o(i._ZN42_INTERNAL_20_stm32f4xx_hal_uart_c_d497114f16UART_Transmit_ITEP20__UART_HandleTypeDef)
    [local to stm32f4xx_hal_uart_c]::UART_Transmit_IT(__UART_HandleTypeDef*) 0x08004761   Thumb Code    96  stm32f4xx_hal_uart.o(i._ZN42_INTERNAL_20_stm32f4xx_hal_uart_c_d497114f16UART_Transmit_ITEP20__UART_HandleTypeDef)
    i._ZN42_INTERNAL_20_stm32f4xx_hal_uart_c_d497114f18UART_DMARxHalfCpltEP19__DMA_HandleTypeDef 0x080047c0   Section        0  stm32f4xx_hal_uart.o(i._ZN42_INTERNAL_20_stm32f4xx_hal_uart_c_d497114f18UART_DMARxHalfCpltEP19__DMA_HandleTypeDef)
    [local to stm32f4xx_hal_uart_c]::UART_DMARxHalfCplt(__DMA_HandleTypeDef*) 0x080047c1   Thumb Code    36  stm32f4xx_hal_uart.o(i._ZN42_INTERNAL_20_stm32f4xx_hal_uart_c_d497114f18UART_DMARxHalfCpltEP19__DMA_HandleTypeDef)
    i._ZN42_INTERNAL_20_stm32f4xx_hal_uart_c_d497114f18UART_DMATxHalfCpltEP19__DMA_HandleTypeDef 0x080047e4   Section        0  stm32f4xx_hal_uart.o(i._ZN42_INTERNAL_20_stm32f4xx_hal_uart_c_d497114f18UART_DMATxHalfCpltEP19__DMA_HandleTypeDef)
    [local to stm32f4xx_hal_uart_c]::UART_DMATxHalfCplt(__DMA_HandleTypeDef*) 0x080047e5   Thumb Code    14  stm32f4xx_hal_uart.o(i._ZN42_INTERNAL_20_stm32f4xx_hal_uart_c_d497114f18UART_DMATxHalfCpltEP19__DMA_HandleTypeDef)
    i._ZN42_INTERNAL_20_stm32f4xx_hal_uart_c_d497114f18UART_EndRxTransferEP20__UART_HandleTypeDef 0x080047f2   Section        0  stm32f4xx_hal_uart.o(i._ZN42_INTERNAL_20_stm32f4xx_hal_uart_c_d497114f18UART_EndRxTransferEP20__UART_HandleTypeDef)
    [local to stm32f4xx_hal_uart_c]::UART_EndRxTransfer(__UART_HandleTypeDef*) 0x080047f3   Thumb Code   108  stm32f4xx_hal_uart.o(i._ZN42_INTERNAL_20_stm32f4xx_hal_uart_c_d497114f18UART_EndRxTransferEP20__UART_HandleTypeDef)
    i._ZN42_INTERNAL_20_stm32f4xx_hal_uart_c_d497114f18UART_EndTxTransferEP20__UART_HandleTypeDef 0x0800485e   Section        0  stm32f4xx_hal_uart.o(i._ZN42_INTERNAL_20_stm32f4xx_hal_uart_c_d497114f18UART_EndTxTransferEP20__UART_HandleTypeDef)
    [local to stm32f4xx_hal_uart_c]::UART_EndTxTransfer(__UART_HandleTypeDef*) 0x0800485f   Thumb Code    38  stm32f4xx_hal_uart.o(i._ZN42_INTERNAL_20_stm32f4xx_hal_uart_c_d497114f18UART_EndTxTransferEP20__UART_HandleTypeDef)
    i._ZN42_INTERNAL_20_stm32f4xx_hal_uart_c_d497114f19UART_DMAReceiveCpltEP19__DMA_HandleTypeDef 0x08004884   Section        0  stm32f4xx_hal_uart.o(i._ZN42_INTERNAL_20_stm32f4xx_hal_uart_c_d497114f19UART_DMAReceiveCpltEP19__DMA_HandleTypeDef)
    [local to stm32f4xx_hal_uart_c]::UART_DMAReceiveCplt(__DMA_HandleTypeDef*) 0x08004885   Thumb Code   180  stm32f4xx_hal_uart.o(i._ZN42_INTERNAL_20_stm32f4xx_hal_uart_c_d497114f19UART_DMAReceiveCpltEP19__DMA_HandleTypeDef)
    i._ZN42_INTERNAL_20_stm32f4xx_hal_uart_c_d497114f19UART_EndTransmit_ITEP20__UART_HandleTypeDef 0x08004938   Section        0  stm32f4xx_hal_uart.o(i._ZN42_INTERNAL_20_stm32f4xx_hal_uart_c_d497114f19UART_EndTransmit_ITEP20__UART_HandleTypeDef)
    [local to stm32f4xx_hal_uart_c]::UART_EndTransmit_IT(__UART_HandleTypeDef*) 0x08004939   Thumb Code    32  stm32f4xx_hal_uart.o(i._ZN42_INTERNAL_20_stm32f4xx_hal_uart_c_d497114f19UART_EndTransmit_ITEP20__UART_HandleTypeDef)
    i._ZN42_INTERNAL_20_stm32f4xx_hal_uart_c_d497114f20UART_DMAAbortOnErrorEP19__DMA_HandleTypeDef 0x08004958   Section        0  stm32f4xx_hal_uart.o(i._ZN42_INTERNAL_20_stm32f4xx_hal_uart_c_d497114f20UART_DMAAbortOnErrorEP19__DMA_HandleTypeDef)
    [local to stm32f4xx_hal_uart_c]::UART_DMAAbortOnError(__DMA_HandleTypeDef*) 0x08004959   Thumb Code    20  stm32f4xx_hal_uart.o(i._ZN42_INTERNAL_20_stm32f4xx_hal_uart_c_d497114f20UART_DMAAbortOnErrorEP19__DMA_HandleTypeDef)
    i._ZN42_INTERNAL_20_stm32f4xx_hal_uart_c_d497114f20UART_DMATransmitCpltEP19__DMA_HandleTypeDef 0x0800496c   Section        0  stm32f4xx_hal_uart.o(i._ZN42_INTERNAL_20_stm32f4xx_hal_uart_c_d497114f20UART_DMATransmitCpltEP19__DMA_HandleTypeDef)
    [local to stm32f4xx_hal_uart_c]::UART_DMATransmitCplt(__DMA_HandleTypeDef*) 0x0800496d   Thumb Code    88  stm32f4xx_hal_uart.o(i._ZN42_INTERNAL_20_stm32f4xx_hal_uart_c_d497114f20UART_DMATransmitCpltEP19__DMA_HandleTypeDef)
    i._ZN43_INTERNAL_21_stm32f4xx_hal_flash_c_48aa8f3e18FLASH_Program_ByteEjh 0x080049c4   Section        0  stm32f4xx_hal_flash.o(i._ZN43_INTERNAL_21_stm32f4xx_hal_flash_c_48aa8f3e18FLASH_Program_ByteEjh)
    [local to stm32f4xx_hal_flash_c]::FLASH_Program_Byte(unsigned, unsigned char) 0x080049c5   Thumb Code    32  stm32f4xx_hal_flash.o(i._ZN43_INTERNAL_21_stm32f4xx_hal_flash_c_48aa8f3e18FLASH_Program_ByteEjh)
    i._ZN43_INTERNAL_21_stm32f4xx_hal_flash_c_48aa8f3e18FLASH_Program_WordEjj 0x080049e8   Section        0  stm32f4xx_hal_flash.o(i._ZN43_INTERNAL_21_stm32f4xx_hal_flash_c_48aa8f3e18FLASH_Program_WordEjj)
    [local to stm32f4xx_hal_flash_c]::FLASH_Program_Word(unsigned, unsigned) 0x080049e9   Thumb Code    36  stm32f4xx_hal_flash.o(i._ZN43_INTERNAL_21_stm32f4xx_hal_flash_c_48aa8f3e18FLASH_Program_WordEjj)
    i._ZN43_INTERNAL_21_stm32f4xx_hal_flash_c_48aa8f3e18FLASH_SetErrorCodeEv 0x08004a10   Section        0  stm32f4xx_hal_flash.o(i._ZN43_INTERNAL_21_stm32f4xx_hal_flash_c_48aa8f3e18FLASH_SetErrorCodeEv)
    [local to stm32f4xx_hal_flash_c]::FLASH_SetErrorCode() 0x08004a11   Thumb Code   172  stm32f4xx_hal_flash.o(i._ZN43_INTERNAL_21_stm32f4xx_hal_flash_c_48aa8f3e18FLASH_SetErrorCodeEv)
    i._ZN43_INTERNAL_21_stm32f4xx_hal_flash_c_48aa8f3e22FLASH_Program_HalfWordEjt 0x08004ac4   Section        0  stm32f4xx_hal_flash.o(i._ZN43_INTERNAL_21_stm32f4xx_hal_flash_c_48aa8f3e22FLASH_Program_HalfWordEjt)
    [local to stm32f4xx_hal_flash_c]::FLASH_Program_HalfWord(unsigned, unsigned short) 0x08004ac5   Thumb Code    36  stm32f4xx_hal_flash.o(i._ZN43_INTERNAL_21_stm32f4xx_hal_flash_c_48aa8f3e22FLASH_Program_HalfWordEjt)
    i._ZN43_INTERNAL_21_stm32f4xx_hal_flash_c_48aa8f3e24FLASH_Program_DoubleWordEjy 0x08004aec   Section        0  stm32f4xx_hal_flash.o(i._ZN43_INTERNAL_21_stm32f4xx_hal_flash_c_48aa8f3e24FLASH_Program_DoubleWordEjy)
    [local to stm32f4xx_hal_flash_c]::FLASH_Program_DoubleWord(unsigned, unsigned long long) 0x08004aed   Thumb Code    44  stm32f4xx_hal_flash.o(i._ZN43_INTERNAL_21_stm32f4xx_hal_flash_c_48aa8f3e24FLASH_Program_DoubleWordEjy)
    i._ZN44_INTERNAL_22_stm32f4xx_hal_cortex_c_2992dbc018__NVIC_SetPriorityE9IRQn_Typej 0x08004b1c   Section        0  stm32f4xx_hal_cortex.o(i._ZN44_INTERNAL_22_stm32f4xx_hal_cortex_c_2992dbc018__NVIC_SetPriorityE9IRQn_Typej)
    [local to stm32f4xx_hal_cortex_c]::__NVIC_SetPriority(IRQn_Type, unsigned) 0x08004b1d   Thumb Code    32  stm32f4xx_hal_cortex.o(i._ZN44_INTERNAL_22_stm32f4xx_hal_cortex_c_2992dbc018__NVIC_SetPriorityE9IRQn_Typej)
    i._ZN44_INTERNAL_22_stm32f4xx_hal_cortex_c_2992dbc026__NVIC_GetPriorityGroupingEv 0x08004b44   Section        0  stm32f4xx_hal_cortex.o(i._ZN44_INTERNAL_22_stm32f4xx_hal_cortex_c_2992dbc026__NVIC_GetPriorityGroupingEv)
    [local to stm32f4xx_hal_cortex_c]::__NVIC_GetPriorityGrouping() 0x08004b45   Thumb Code    10  stm32f4xx_hal_cortex.o(i._ZN44_INTERNAL_22_stm32f4xx_hal_cortex_c_2992dbc026__NVIC_GetPriorityGroupingEv)
    i._ZN46_INTERNAL_24_stm32f4xx_hal_flash_ex_c_6648b60e15FLASH_MassEraseEhj 0x08004b54   Section        0  stm32f4xx_hal_flash_ex.o(i._ZN46_INTERNAL_24_stm32f4xx_hal_flash_ex_c_6648b60e15FLASH_MassEraseEhj)
    [local to stm32f4xx_hal_flash_ex_c]::FLASH_MassErase(unsigned char, unsigned) 0x08004b55   Thumb Code    80  stm32f4xx_hal_flash_ex.o(i._ZN46_INTERNAL_24_stm32f4xx_hal_flash_ex_c_6648b60e15FLASH_MassEraseEhj)
    i.main                                   0x08004ba8   Section        0  main.o(i.main)
    x$fpl$fpinit                             0x08005016   Section       10  fpinit.o(x$fpl$fpinit)
    $v0                                      0x08005016   Number         0  fpinit.o(x$fpl$fpinit)
    .constdata                               0x08005020   Section        8  main.o(.constdata)
    [local to main_c]::mot_manager(MOT*)::rd_cmds 0x08005020   Data           8  main.o(.constdata)
    .constdata                               0x08005028   Section        8  stm32f4xx_hal_dma.o(.constdata)
    [local to stm32f4xx_hal_dma_c]::DMA_CalcBaseAndBitshift(__DMA_HandleTypeDef*)::flagBitshiftOffset 0x08005028   Data           8  stm32f4xx_hal_dma.o(.constdata)
    .constdata                               0x08005030   Section       24  system_stm32f4xx.o(.constdata)
    .data                                    0x20000000   Section      328  main.o(.data)
    g_rng                                    0x20000130   Data           4  main.o(.data)
    s_uart_acc_len                           0x2000013c   Data           2  main.o(.data)
    s_uart_cmd_len                           0x2000013e   Data           2  main.o(.data)
    s_uart_cmd_ready                         0x20000140   Data           1  main.o(.data)
    g_last_tx_id                             0x20000142   Data           2  main.o(.data)
    main::uart_last_ms                       0x20000144   Data           4  main.o(.data)
    .data                                    0x20000148   Section        9  stm32f4xx_hal.o(.data)
    .data                                    0x20000154   Section        4  system_stm32f4xx.o(.data)
    .bss                                     0x20000158   Section       88  drv_can.o(.bss)
    .bss                                     0x200001b0   Section      828  main.o(.bss)
    mot                                      0x200001b0   Data         440  main.o(.bss)
    s_uart_rx                                0x20000368   Data         128  main.o(.bss)
    s_uart_acc                               0x200003e8   Data         120  main.o(.bss)
    s_uart_cmd                               0x20000460   Data          64  main.o(.bss)
    [local to main_c]::uart_send_telemetry()::jf 0x200004a0   Data          76  main.o(.bss)
    .bss                                     0x200004ec   Section       40  can.o(.bss)
    .bss                                     0x20000514   Section      264  usart.o(.bss)
    .bss                                     0x2000061c   Section       32  stm32f4xx_hal_flash.o(.bss)
    .bss                                     0x2000063c   Section       96  libspace.o(.bss)
    HEAP                                     0x200006a0   Section      512  startup_stm32f427xx.o(HEAP)
    Heap_Mem                                 0x200006a0   Data         512  startup_stm32f427xx.o(HEAP)
    STACK                                    0x200008a0   Section     1024  startup_stm32f427xx.o(STACK)
    Stack_Mem                                0x200008a0   Data        1024  startup_stm32f427xx.o(STACK)
    __initial_sp                             0x20000ca0   Data           0  startup_stm32f427xx.o(STACK)

    Global Symbols

    Symbol Name                              Value     Ov Type        Size  Object(Section)

    BuildAttributes$$THM_ISAv4$E$P$D$K$B$S$7EM$VFPi3$EXTD16$VFPS$VFMA$PE$A:L22UL41UL21$X:L11$S22US41US21$IEEE1$IW$USESV6$~STKCKD$USESV7$~SHL$OSPACE$ROPI$EBA8$UX$STANDARDLIB$REQ8$PRES8$EABIv2 0x00000000   Number         0  anon$$obj.o ABSOLUTE
    __ARM_use_no_argv                        0x00000000   Number         0  main.o ABSOLUTE
    __ARM_exceptions_init                     - Undefined Weak Reference
    __alloca_initialize                       - Undefined Weak Reference
    __arm_fini_                               - Undefined Weak Reference
    __arm_preinit_                            - Undefined Weak Reference
    __cpp_initialize__aeabi_                  - Undefined Weak Reference
    __cxa_finalize                            - Undefined Weak Reference
    __rt_locale                               - Undefined Weak Reference
    __sigvec_lookup                           - Undefined Weak Reference
    _atexit_init                              - Undefined Weak Reference
    _call_atexit_fns                          - Undefined Weak Reference
    _clock_init                               - Undefined Weak Reference
    _fp_trap_init                             - Undefined Weak Reference
    _fp_trap_shutdown                         - Undefined Weak Reference
    _get_lc_collate                           - Undefined Weak Reference
    _get_lc_ctype                             - Undefined Weak Reference
    _get_lc_monetary                          - Undefined Weak Reference
    _get_lc_numeric                           - Undefined Weak Reference
    _get_lc_time                              - Undefined Weak Reference
    _getenv_init                              - Undefined Weak Reference
    _handle_redirection                       - Undefined Weak Reference
    _init_alloc                               - Undefined Weak Reference
    _init_user_alloc                          - Undefined Weak Reference
    _initio                                   - Undefined Weak Reference
    _rand_init                                - Undefined Weak Reference
    _signal_finish                            - Undefined Weak Reference
    _signal_init                              - Undefined Weak Reference
    _terminate_alloc                          - Undefined Weak Reference
    _terminate_user_alloc                     - Undefined Weak Reference
    _terminateio                              - Undefined Weak Reference
    __Vectors_Size                           0x000001ac   Number         0  startup_stm32f427xx.o ABSOLUTE
    __Vectors                                0x08000000   Data           4  startup_stm32f427xx.o(RESET)
    __Vectors_End                            0x080001ac   Data           0  startup_stm32f427xx.o(RESET)
    __main                                   0x080001ad   Thumb Code     8  __main.o(!!!main)
    __scatterload                            0x080001b5   Thumb Code     0  __scatter.o(!!!scatter)
    __scatterload_rt2                        0x080001b5   Thumb Code    44  __scatter.o(!!!scatter)
    __scatterload_rt2_thumb_only             0x080001b5   Thumb Code     0  __scatter.o(!!!scatter)
    __scatterload_null                       0x080001c3   Thumb Code     0  __scatter.o(!!!scatter)
    __decompress                             0x080001e9   Thumb Code    90  __dczerorl2.o(!!dczerorl2)
    __decompress1                            0x080001e9   Thumb Code     0  __dczerorl2.o(!!dczerorl2)
    __scatterload_zeroinit                   0x08000245   Thumb Code    28  __scatter_zi.o(!!handler_zi)
    __rt_lib_init                            0x08000261   Thumb Code     0  libinit.o(.ARM.Collect$$libinit$$00000000)
    __rt_lib_init_fp_1                       0x08000263   Thumb Code     0  libinit2.o(.ARM.Collect$$libinit$$00000001)
    __rt_lib_init_alloca_1                   0x08000267   Thumb Code     0  libinit2.o(.ARM.Collect$$libinit$$0000002E)
    __rt_lib_init_argv_1                     0x08000267   Thumb Code     0  libinit2.o(.ARM.Collect$$libinit$$0000002C)
    __rt_lib_init_atexit_1                   0x08000267   Thumb Code     0  libinit2.o(.ARM.Collect$$libinit$$0000001B)
    __rt_lib_init_clock_1                    0x08000267   Thumb Code     0  libinit2.o(.ARM.Collect$$libinit$$00000021)
    __rt_lib_init_cpp_1                      0x08000267   Thumb Code     0  libinit2.o(.ARM.Collect$$libinit$$00000032)
    __rt_lib_init_exceptions_1               0x08000267   Thumb Code     0  libinit2.o(.ARM.Collect$$libinit$$00000030)
    __rt_lib_init_fp_trap_1                  0x08000267   Thumb Code     0  libinit2.o(.ARM.Collect$$libinit$$0000001F)
    __rt_lib_init_getenv_1                   0x08000267   Thumb Code     0  libinit2.o(.ARM.Collect$$libinit$$00000023)
    __rt_lib_init_heap_1                     0x08000267   Thumb Code     0  libinit2.o(.ARM.Collect$$libinit$$0000000A)
    __rt_lib_init_lc_collate_1               0x08000267   Thumb Code     0  libinit2.o(.ARM.Collect$$libinit$$00000011)
    __rt_lib_init_lc_ctype_1                 0x08000267   Thumb Code     0  libinit2.o(.ARM.Collect$$libinit$$00000013)
    __rt_lib_init_lc_monetary_1              0x08000267   Thumb Code     0  libinit2.o(.ARM.Collect$$libinit$$00000015)
    __rt_lib_init_lc_numeric_1               0x08000267   Thumb Code     0  libinit2.o(.ARM.Collect$$libinit$$00000017)
    __rt_lib_init_lc_time_1                  0x08000267   Thumb Code     0  libinit2.o(.ARM.Collect$$libinit$$00000019)
    __rt_lib_init_preinit_1                  0x08000267   Thumb Code     0  libinit2.o(.ARM.Collect$$libinit$$00000004)
    __rt_lib_init_rand_1                     0x08000267   Thumb Code     0  libinit2.o(.ARM.Collect$$libinit$$0000000E)
    __rt_lib_init_return                     0x08000267   Thumb Code     0  libinit2.o(.ARM.Collect$$libinit$$00000033)
    __rt_lib_init_signal_1                   0x08000267   Thumb Code     0  libinit2.o(.ARM.Collect$$libinit$$0000001D)
    __rt_lib_init_stdio_1                    0x08000267   Thumb Code     0  libinit2.o(.ARM.Collect$$libinit$$00000025)
    __rt_lib_init_user_alloc_1               0x08000267   Thumb Code     0  libinit2.o(.ARM.Collect$$libinit$$0000000C)
    __rt_lib_shutdown                        0x08000269   Thumb Code     0  libshutdown.o(.ARM.Collect$$libshutdown$$00000000)
    __rt_lib_shutdown_cpp_1                  0x0800026b   Thumb Code     0  libshutdown2.o(.ARM.Collect$$libshutdown$$00000004)
    __rt_lib_shutdown_fini_1                 0x0800026b   Thumb Code     0  libshutdown2.o(.ARM.Collect$$libshutdown$$00000002)
    __rt_lib_shutdown_fp_trap_1              0x0800026b   Thumb Code     0  libshutdown2.o(.ARM.Collect$$libshutdown$$00000009)
    __rt_lib_shutdown_heap_1                 0x0800026b   Thumb Code     0  libshutdown2.o(.ARM.Collect$$libshutdown$$00000011)
    __rt_lib_shutdown_return                 0x0800026b   Thumb Code     0  libshutdown2.o(.ARM.Collect$$libshutdown$$00000012)
    __rt_lib_shutdown_signal_1               0x0800026b   Thumb Code     0  libshutdown2.o(.ARM.Collect$$libshutdown$$0000000C)
    __rt_lib_shutdown_stdio_1                0x0800026b   Thumb Code     0  libshutdown2.o(.ARM.Collect$$libshutdown$$00000006)
    __rt_lib_shutdown_user_alloc_1           0x0800026b   Thumb Code     0  libshutdown2.o(.ARM.Collect$$libshutdown$$0000000E)
    __rt_entry                               0x0800026d   Thumb Code     0  __rtentry.o(.ARM.Collect$$rtentry$$00000000)
    __rt_entry_presh_1                       0x0800026d   Thumb Code     0  __rtentry2.o(.ARM.Collect$$rtentry$$00000002)
    __rt_entry_sh                            0x0800026d   Thumb Code     0  __rtentry4.o(.ARM.Collect$$rtentry$$00000004)
    __rt_entry_li                            0x08000273   Thumb Code     0  __rtentry2.o(.ARM.Collect$$rtentry$$0000000A)
    __rt_entry_postsh_1                      0x08000273   Thumb Code     0  __rtentry2.o(.ARM.Collect$$rtentry$$00000009)
    __rt_entry_main                          0x08000277   Thumb Code     0  __rtentry2.o(.ARM.Collect$$rtentry$$0000000D)
    __rt_entry_postli_1                      0x08000277   Thumb Code     0  __rtentry2.o(.ARM.Collect$$rtentry$$0000000C)
    __rt_exit                                0x0800027f   Thumb Code     0  rtexit.o(.ARM.Collect$$rtexit$$00000000)
    __rt_exit_ls                             0x08000281   Thumb Code     0  rtexit2.o(.ARM.Collect$$rtexit$$00000003)
    __rt_exit_prels_1                        0x08000281   Thumb Code     0  rtexit2.o(.ARM.Collect$$rtexit$$00000002)
    __rt_exit_exit                           0x08000285   Thumb Code     0  rtexit2.o(.ARM.Collect$$rtexit$$00000004)
    Reset_Handler                            0x0800028d   Thumb Code     8  startup_stm32f427xx.o(.text)
    ADC_IRQHandler                           0x080002a7   Thumb Code     0  startup_stm32f427xx.o(.text)
    CAN1_SCE_IRQHandler                      0x080002a7   Thumb Code     0  startup_stm32f427xx.o(.text)
    CAN1_TX_IRQHandler                       0x080002a7   Thumb Code     0  startup_stm32f427xx.o(.text)
    CAN2_RX0_IRQHandler                      0x080002a7   Thumb Code     0  startup_stm32f427xx.o(.text)
    CAN2_RX1_IRQHandler                      0x080002a7   Thumb Code     0  startup_stm32f427xx.o(.text)
    CAN2_SCE_IRQHandler                      0x080002a7   Thumb Code     0  startup_stm32f427xx.o(.text)
    CAN2_TX_IRQHandler                       0x080002a7   Thumb Code     0  startup_stm32f427xx.o(.text)
    DCMI_IRQHandler                          0x080002a7   Thumb Code     0  startup_stm32f427xx.o(.text)
    DMA1_Stream0_IRQHandler                  0x080002a7   Thumb Code     0  startup_stm32f427xx.o(.text)
    DMA1_Stream1_IRQHandler                  0x080002a7   Thumb Code     0  startup_stm32f427xx.o(.text)
    DMA1_Stream2_IRQHandler                  0x080002a7   Thumb Code     0  startup_stm32f427xx.o(.text)
    DMA1_Stream3_IRQHandler                  0x080002a7   Thumb Code     0  startup_stm32f427xx.o(.text)
    DMA1_Stream4_IRQHandler                  0x080002a7   Thumb Code     0  startup_stm32f427xx.o(.text)
    DMA1_Stream7_IRQHandler                  0x080002a7   Thumb Code     0  startup_stm32f427xx.o(.text)
    DMA2D_IRQHandler                         0x080002a7   Thumb Code     0  startup_stm32f427xx.o(.text)
    DMA2_Stream0_IRQHandler                  0x080002a7   Thumb Code     0  startup_stm32f427xx.o(.text)
    DMA2_Stream1_IRQHandler                  0x080002a7   Thumb Code     0  startup_stm32f427xx.o(.text)
    DMA2_Stream2_IRQHandler                  0x080002a7   Thumb Code     0  startup_stm32f427xx.o(.text)
    DMA2_Stream3_IRQHandler                  0x080002a7   Thumb Code     0  startup_stm32f427xx.o(.text)
    DMA2_Stream4_IRQHandler                  0x080002a7   Thumb Code     0  startup_stm32f427xx.o(.text)
    DMA2_Stream5_IRQHandler                  0x080002a7   Thumb Code     0  startup_stm32f427xx.o(.text)
    DMA2_Stream6_IRQHandler                  0x080002a7   Thumb Code     0  startup_stm32f427xx.o(.text)
    DMA2_Stream7_IRQHandler                  0x080002a7   Thumb Code     0  startup_stm32f427xx.o(.text)
    ETH_IRQHandler                           0x080002a7   Thumb Code     0  startup_stm32f427xx.o(.text)
    ETH_WKUP_IRQHandler                      0x080002a7   Thumb Code     0  startup_stm32f427xx.o(.text)
    EXTI0_IRQHandler                         0x080002a7   Thumb Code     0  startup_stm32f427xx.o(.text)
    EXTI15_10_IRQHandler                     0x080002a7   Thumb Code     0  startup_stm32f427xx.o(.text)
    EXTI1_IRQHandler                         0x080002a7   Thumb Code     0  startup_stm32f427xx.o(.text)
    EXTI2_IRQHandler                         0x080002a7   Thumb Code     0  startup_stm32f427xx.o(.text)
    EXTI3_IRQHandler                         0x080002a7   Thumb Code     0  startup_stm32f427xx.o(.text)
    EXTI4_IRQHandler                         0x080002a7   Thumb Code     0  startup_stm32f427xx.o(.text)
    EXTI9_5_IRQHandler                       0x080002a7   Thumb Code     0  startup_stm32f427xx.o(.text)
    FLASH_IRQHandler                         0x080002a7   Thumb Code     0  startup_stm32f427xx.o(.text)
    FMC_IRQHandler                           0x080002a7   Thumb Code     0  startup_stm32f427xx.o(.text)
    FPU_IRQHandler                           0x080002a7   Thumb Code     0  startup_stm32f427xx.o(.text)
    HASH_RNG_IRQHandler                      0x080002a7   Thumb Code     0  startup_stm32f427xx.o(.text)
    I2C1_ER_IRQHandler                       0x080002a7   Thumb Code     0  startup_stm32f427xx.o(.text)
    I2C1_EV_IRQHandler                       0x080002a7   Thumb Code     0  startup_stm32f427xx.o(.text)
    I2C2_ER_IRQHandler                       0x080002a7   Thumb Code     0  startup_stm32f427xx.o(.text)
    I2C2_EV_IRQHandler                       0x080002a7   Thumb Code     0  startup_stm32f427xx.o(.text)
    I2C3_ER_IRQHandler                       0x080002a7   Thumb Code     0  startup_stm32f427xx.o(.text)
    I2C3_EV_IRQHandler                       0x080002a7   Thumb Code     0  startup_stm32f427xx.o(.text)
    OTG_FS_IRQHandler                        0x080002a7   Thumb Code     0  startup_stm32f427xx.o(.text)
    OTG_FS_WKUP_IRQHandler                   0x080002a7   Thumb Code     0  startup_stm32f427xx.o(.text)
    OTG_HS_EP1_IN_IRQHandler                 0x080002a7   Thumb Code     0  startup_stm32f427xx.o(.text)
    OTG_HS_EP1_OUT_IRQHandler                0x080002a7   Thumb Code     0  startup_stm32f427xx.o(.text)
    OTG_HS_IRQHandler                        0x080002a7   Thumb Code     0  startup_stm32f427xx.o(.text)
    OTG_HS_WKUP_IRQHandler                   0x080002a7   Thumb Code     0  startup_stm32f427xx.o(.text)
    PVD_IRQHandler                           0x080002a7   Thumb Code     0  startup_stm32f427xx.o(.text)
    RCC_IRQHandler                           0x080002a7   Thumb Code     0  startup_stm32f427xx.o(.text)
    RTC_Alarm_IRQHandler                     0x080002a7   Thumb Code     0  startup_stm32f427xx.o(.text)
    RTC_WKUP_IRQHandler                      0x080002a7   Thumb Code     0  startup_stm32f427xx.o(.text)
    SAI1_IRQHandler                          0x080002a7   Thumb Code     0  startup_stm32f427xx.o(.text)
    SDIO_IRQHandler                          0x080002a7   Thumb Code     0  startup_stm32f427xx.o(.text)
    SPI1_IRQHandler                          0x080002a7   Thumb Code     0  startup_stm32f427xx.o(.text)
    SPI2_IRQHandler                          0x080002a7   Thumb Code     0  startup_stm32f427xx.o(.text)
    SPI3_IRQHandler                          0x080002a7   Thumb Code     0  startup_stm32f427xx.o(.text)
    SPI4_IRQHandler                          0x080002a7   Thumb Code     0  startup_stm32f427xx.o(.text)
    SPI5_IRQHandler                          0x080002a7   Thumb Code     0  startup_stm32f427xx.o(.text)
    SPI6_IRQHandler                          0x080002a7   Thumb Code     0  startup_stm32f427xx.o(.text)
    TAMP_STAMP_IRQHandler                    0x080002a7   Thumb Code     0  startup_stm32f427xx.o(.text)
    TIM1_BRK_TIM9_IRQHandler                 0x080002a7   Thumb Code     0  startup_stm32f427xx.o(.text)
    TIM1_CC_IRQHandler                       0x080002a7   Thumb Code     0  startup_stm32f427xx.o(.text)
    TIM1_TRG_COM_TIM11_IRQHandler            0x080002a7   Thumb Code     0  startup_stm32f427xx.o(.text)
    TIM1_UP_TIM10_IRQHandler                 0x080002a7   Thumb Code     0  startup_stm32f427xx.o(.text)
    TIM2_IRQHandler                          0x080002a7   Thumb Code     0  startup_stm32f427xx.o(.text)
    TIM3_IRQHandler                          0x080002a7   Thumb Code     0  startup_stm32f427xx.o(.text)
    TIM4_IRQHandler                          0x080002a7   Thumb Code     0  startup_stm32f427xx.o(.text)
    TIM5_IRQHandler                          0x080002a7   Thumb Code     0  startup_stm32f427xx.o(.text)
    TIM6_DAC_IRQHandler                      0x080002a7   Thumb Code     0  startup_stm32f427xx.o(.text)
    TIM7_IRQHandler                          0x080002a7   Thumb Code     0  startup_stm32f427xx.o(.text)
    TIM8_BRK_TIM12_IRQHandler                0x080002a7   Thumb Code     0  startup_stm32f427xx.o(.text)
    TIM8_CC_IRQHandler                       0x080002a7   Thumb Code     0  startup_stm32f427xx.o(.text)
    TIM8_TRG_COM_TIM14_IRQHandler            0x080002a7   Thumb Code     0  startup_stm32f427xx.o(.text)
    TIM8_UP_TIM13_IRQHandler                 0x080002a7   Thumb Code     0  startup_stm32f427xx.o(.text)
    UART4_IRQHandler                         0x080002a7   Thumb Code     0  startup_stm32f427xx.o(.text)
    UART5_IRQHandler                         0x080002a7   Thumb Code     0  startup_stm32f427xx.o(.text)
    UART7_IRQHandler                         0x080002a7   Thumb Code     0  startup_stm32f427xx.o(.text)
    UART8_IRQHandler                         0x080002a7   Thumb Code     0  startup_stm32f427xx.o(.text)
    USART1_IRQHandler                        0x080002a7   Thumb Code     0  startup_stm32f427xx.o(.text)
    USART3_IRQHandler                        0x080002a7   Thumb Code     0  startup_stm32f427xx.o(.text)
    USART6_IRQHandler                        0x080002a7   Thumb Code     0  startup_stm32f427xx.o(.text)
    WWDG_IRQHandler                          0x080002a7   Thumb Code     0  startup_stm32f427xx.o(.text)
    __user_initial_stackheap                 0x080002a9   Thumb Code     0  startup_stm32f427xx.o(.text)
    __aeabi_uldivmod                         0x080002cd   Thumb Code     0  lludivv7m.o(.text)
    _ll_udiv                                 0x080002cd   Thumb Code   238  lludivv7m.o(.text)
    __aeabi_memclr4                          0x080003bb   Thumb Code     0  rt_memclr_w.o(.text)
    __aeabi_memclr8                          0x080003bb   Thumb Code     0  rt_memclr_w.o(.text)
    __rt_memclr_w                            0x080003bb   Thumb Code    78  rt_memclr_w.o(.text)
    _memset_w                                0x080003bf   Thumb Code     0  rt_memclr_w.o(.text)
    __use_two_region_memory                  0x08000409   Thumb Code     2  heapauxi.o(.text)
    __rt_heap_escrow$2region                 0x0800040b   Thumb Code     2  heapauxi.o(.text)
    __rt_heap_expand$2region                 0x0800040d   Thumb Code     2  heapauxi.o(.text)
    __user_setup_stackheap                   0x0800040f   Thumb Code    74  sys_stackheap_outer.o(.text)
    exit                                     0x08000459   Thumb Code    18  exit.o(.text)
    __user_libspace                          0x0800046d   Thumb Code     8  libspace.o(.text)
    __user_perproc_libspace                  0x0800046d   Thumb Code     0  libspace.o(.text)
    __user_perthread_libspace                0x0800046d   Thumb Code     0  libspace.o(.text)
    _sys_exit                                0x08000475   Thumb Code     8  sys_exit.o(.text)
    __I$use$semihosting                      0x08000481   Thumb Code     0  use_no_semi.o(.text)
    __use_no_semihosting_swi                 0x08000481   Thumb Code     2  use_no_semi.o(.text)
    BusFault_Handler                         0x08000483   Thumb Code     4  stm32f4xx_it.o(i.BusFault_Handler)
    __semihosting_library_function           0x08000483   Thumb Code     0  indicate_semi.o(.text)
    CAN1_RX0_IRQHandler                      0x08000489   Thumb Code    10  stm32f4xx_it.o(i.CAN1_RX0_IRQHandler)
    CAN1_RX1_IRQHandler                      0x08000499   Thumb Code    10  stm32f4xx_it.o(i.CAN1_RX1_IRQHandler)
    DMA1_Stream5_IRQHandler                  0x080004a9   Thumb Code    10  stm32f4xx_it.o(i.DMA1_Stream5_IRQHandler)
    DMA1_Stream6_IRQHandler                  0x080004b9   Thumb Code    10  stm32f4xx_it.o(i.DMA1_Stream6_IRQHandler)
    DebugMon_Handler                         0x080004c9   Thumb Code     2  stm32f4xx_it.o(i.DebugMon_Handler)
    Error_Handler                            0x080004cb   Thumb Code     6  main.o(i.Error_Handler)
    FLASH_Erase_Sector                       0x080004d1   Thumb Code    92  stm32f4xx_hal_flash_ex.o(i.FLASH_Erase_Sector)
    FLASH_FlushCaches                        0x08000531   Thumb Code   114  stm32f4xx_hal_flash_ex.o(i.FLASH_FlushCaches)
    FLASH_WaitForLastOperation               0x080005a9   Thumb Code    90  stm32f4xx_hal_flash.o(i.FLASH_WaitForLastOperation)
    HAL_CAN_AddTxMessage                     0x0800060d   Thumb Code   330  stm32f4xx_hal_can.o(i.HAL_CAN_AddTxMessage)
    HAL_CAN_ConfigFilter                     0x08000759   Thumb Code   286  stm32f4xx_hal_can.o(i.HAL_CAN_ConfigFilter)
    HAL_CAN_ErrorCallback                    0x0800087d   Thumb Code     2  stm32f4xx_hal_can.o(i.HAL_CAN_ErrorCallback)
    HAL_CAN_GetRxMessage                     0x0800087f   Thumb Code   404  stm32f4xx_hal_can.o(i.HAL_CAN_GetRxMessage)
    HAL_CAN_GetTxMailboxesFreeLevel          0x08000a13   Thumb Code    54  stm32f4xx_hal_can.o(i.HAL_CAN_GetTxMailboxesFreeLevel)
    HAL_CAN_IRQHandler                       0x08000a49   Thumb Code   590  stm32f4xx_hal_can.o(i.HAL_CAN_IRQHandler)
    HAL_CAN_Init                             0x08000c97   Thumb Code   372  stm32f4xx_hal_can.o(i.HAL_CAN_Init)
    HAL_CAN_MspInit                          0x08000e0d   Thumb Code   154  can.o(i.HAL_CAN_MspInit)
    HAL_CAN_RxFifo0FullCallback              0x08000eb5   Thumb Code     2  stm32f4xx_hal_can.o(i.HAL_CAN_RxFifo0FullCallback)
    HAL_CAN_RxFifo0MsgPendingCallback        0x08000eb9   Thumb Code    72  drv_can.o(i.HAL_CAN_RxFifo0MsgPendingCallback)
    HAL_CAN_RxFifo1FullCallback              0x08000f11   Thumb Code     2  stm32f4xx_hal_can.o(i.HAL_CAN_RxFifo1FullCallback)
    HAL_CAN_RxFifo1MsgPendingCallback        0x08000f15   Thumb Code    72  drv_can.o(i.HAL_CAN_RxFifo1MsgPendingCallback)
    HAL_CAN_SleepCallback                    0x08000f6d   Thumb Code     2  stm32f4xx_hal_can.o(i.HAL_CAN_SleepCallback)
    HAL_CAN_Start                            0x08000f6f   Thumb Code    94  stm32f4xx_hal_can.o(i.HAL_CAN_Start)
    HAL_CAN_TxMailbox0AbortCallback          0x08000fcd   Thumb Code     2  stm32f4xx_hal_can.o(i.HAL_CAN_TxMailbox0AbortCallback)
    HAL_CAN_TxMailbox0CompleteCallback       0x08000fcf   Thumb Code     2  stm32f4xx_hal_can.o(i.HAL_CAN_TxMailbox0CompleteCallback)
    HAL_CAN_TxMailbox1AbortCallback          0x08000fd1   Thumb Code     2  stm32f4xx_hal_can.o(i.HAL_CAN_TxMailbox1AbortCallback)
    HAL_CAN_TxMailbox1CompleteCallback       0x08000fd3   Thumb Code     2  stm32f4xx_hal_can.o(i.HAL_CAN_TxMailbox1CompleteCallback)
    HAL_CAN_TxMailbox2AbortCallback          0x08000fd5   Thumb Code     2  stm32f4xx_hal_can.o(i.HAL_CAN_TxMailbox2AbortCallback)
    HAL_CAN_TxMailbox2CompleteCallback       0x08000fd7   Thumb Code     2  stm32f4xx_hal_can.o(i.HAL_CAN_TxMailbox2CompleteCallback)
    HAL_CAN_WakeUpFromRxMsgCallback          0x08000fd9   Thumb Code     2  stm32f4xx_hal_can.o(i.HAL_CAN_WakeUpFromRxMsgCallback)
    HAL_DMA_Abort                            0x08000fdb   Thumb Code   172  stm32f4xx_hal_dma.o(i.HAL_DMA_Abort)
    HAL_DMA_Abort_IT                         0x08001087   Thumb Code    40  stm32f4xx_hal_dma.o(i.HAL_DMA_Abort_IT)
    HAL_DMA_GetError                         0x080010af   Thumb Code     6  stm32f4xx_hal_dma.o(i.HAL_DMA_GetError)
    HAL_DMA_IRQHandler                       0x080010b5   Thumb Code   570  stm32f4xx_hal_dma.o(i.HAL_DMA_IRQHandler)
    HAL_DMA_Init                             0x080012f5   Thumb Code   232  stm32f4xx_hal_dma.o(i.HAL_DMA_Init)
    HAL_DMA_Start_IT                         0x080013e1   Thumb Code   146  stm32f4xx_hal_dma.o(i.HAL_DMA_Start_IT)
    HAL_Delay                                0x08001475   Thumb Code    36  stm32f4xx_hal.o(i.HAL_Delay)
    HAL_FLASHEx_Erase                        0x0800149d   Thumb Code   166  stm32f4xx_hal_flash_ex.o(i.HAL_FLASHEx_Erase)
    HAL_FLASH_Lock                           0x0800154d   Thumb Code    16  stm32f4xx_hal_flash.o(i.HAL_FLASH_Lock)
    HAL_FLASH_Program                        0x08001561   Thumb Code   142  stm32f4xx_hal_flash.o(i.HAL_FLASH_Program)
    HAL_FLASH_Unlock                         0x080015f9   Thumb Code    38  stm32f4xx_hal_flash.o(i.HAL_FLASH_Unlock)
    HAL_GPIO_Init                            0x0800162d   Thumb Code   474  stm32f4xx_hal_gpio.o(i.HAL_GPIO_Init)
    HAL_GPIO_WritePin                        0x0800183d   Thumb Code    12  stm32f4xx_hal_gpio.o(i.HAL_GPIO_WritePin)
    HAL_GetTick                              0x08001849   Thumb Code     6  stm32f4xx_hal.o(i.HAL_GetTick)
    HAL_IncTick                              0x08001855   Thumb Code    16  stm32f4xx_hal.o(i.HAL_IncTick)
    HAL_Init                                 0x0800186d   Thumb Code    54  stm32f4xx_hal.o(i.HAL_Init)
    HAL_InitTick                             0x080018a9   Thumb Code    64  stm32f4xx_hal.o(i.HAL_InitTick)
    HAL_MspInit                              0x080018f5   Thumb Code    68  stm32f4xx_hal_msp.o(i.HAL_MspInit)
    HAL_NVIC_EnableIRQ                       0x0800193d   Thumb Code    40  stm32f4xx_hal_cortex.o(i.HAL_NVIC_EnableIRQ)
    HAL_NVIC_SetPriority                     0x08001965   Thumb Code   124  stm32f4xx_hal_cortex.o(i.HAL_NVIC_SetPriority)
    HAL_NVIC_SetPriorityGrouping             0x080019e1   Thumb Code    32  stm32f4xx_hal_cortex.o(i.HAL_NVIC_SetPriorityGrouping)
    HAL_PWREx_EnableOverDrive                0x08001a09   Thumb Code   128  stm32f4xx_hal_pwr_ex.o(i.HAL_PWREx_EnableOverDrive)
    HAL_RCC_ClockConfig                      0x08001a95   Thumb Code   368  stm32f4xx_hal_rcc.o(i.HAL_RCC_ClockConfig)
    HAL_RCC_GetHCLKFreq                      0x08001c19   Thumb Code     6  stm32f4xx_hal_rcc.o(i.HAL_RCC_GetHCLKFreq)
    HAL_RCC_GetPCLK1Freq                     0x08001c25   Thumb Code    22  stm32f4xx_hal_rcc.o(i.HAL_RCC_GetPCLK1Freq)
    HAL_RCC_GetPCLK2Freq                     0x08001c45   Thumb Code    22  stm32f4xx_hal_rcc.o(i.HAL_RCC_GetPCLK2Freq)
    HAL_RCC_GetSysClockFreq                  0x08001c65   Thumb Code   162  stm32f4xx_hal_rcc.o(i.HAL_RCC_GetSysClockFreq)
    HAL_RCC_OscConfig                        0x08001d15   Thumb Code  1172  stm32f4xx_hal_rcc.o(i.HAL_RCC_OscConfig)
    HAL_SYSTICK_Config                       0x080021b1   Thumb Code    52  stm32f4xx_hal_cortex.o(i.HAL_SYSTICK_Config)
    HAL_UARTEx_ReceiveToIdle_DMA             0x080021e5   Thumb Code   114  stm32f4xx_hal_uart.o(i.HAL_UARTEx_ReceiveToIdle_DMA)
    HAL_UARTEx_RxEventCallback               0x08002259   Thumb Code   238  main.o(i.HAL_UARTEx_RxEventCallback)
    HAL_UART_AbortReceive                    0x08002369   Thumb Code   196  stm32f4xx_hal_uart.o(i.HAL_UART_AbortReceive)
    HAL_UART_ErrorCallback                   0x0800242d   Thumb Code   122  main.o(i.HAL_UART_ErrorCallback)
    HAL_UART_IRQHandler                      0x080024b1   Thumb Code   740  stm32f4xx_hal_uart.o(i.HAL_UART_IRQHandler)
    HAL_UART_Init                            0x08002799   Thumb Code   118  stm32f4xx_hal_uart.o(i.HAL_UART_Init)
    HAL_UART_MspInit                         0x08002811   Thumb Code   258  usart.o(i.HAL_UART_MspInit)
    HAL_UART_RxCpltCallback                  0x0800292d   Thumb Code     2  stm32f4xx_hal_uart.o(i.HAL_UART_RxCpltCallback)
    HAL_UART_RxHalfCpltCallback              0x0800292f   Thumb Code     2  stm32f4xx_hal_uart.o(i.HAL_UART_RxHalfCpltCallback)
    HAL_UART_Transmit_DMA                    0x08002931   Thumb Code   128  stm32f4xx_hal_uart.o(i.HAL_UART_Transmit_DMA)
    HAL_UART_TxCpltCallback                  0x080029bd   Thumb Code     2  stm32f4xx_hal_uart.o(i.HAL_UART_TxCpltCallback)
    HAL_UART_TxHalfCpltCallback              0x080029bf   Thumb Code     2  stm32f4xx_hal_uart.o(i.HAL_UART_TxHalfCpltCallback)
    HardFault_Handler                        0x080029c1   Thumb Code     4  stm32f4xx_it.o(i.HardFault_Handler)
    MX_CAN1_Init                             0x080029c5   Thumb Code    60  can.o(i.MX_CAN1_Init)
    MX_DMA_Init                              0x08002a09   Thumb Code    68  dma.o(i.MX_DMA_Init)
    MX_GPIO_Init                             0x08002a51   Thumb Code   142  gpio.o(i.MX_GPIO_Init)
    MX_USART2_UART_Init                      0x08002ae9   Thumb Code    44  usart.o(i.MX_USART2_UART_Init)
    MemManage_Handler                        0x08002b21   Thumb Code     4  stm32f4xx_it.o(i.MemManage_Handler)
    NMI_Handler                              0x08002b25   Thumb Code     4  stm32f4xx_it.o(i.NMI_Handler)
    PendSV_Handler                           0x08002b29   Thumb Code     2  stm32f4xx_it.o(i.PendSV_Handler)
    SVC_Handler                              0x08002b2b   Thumb Code     2  stm32f4xx_it.o(i.SVC_Handler)
    SysTick_Handler                          0x08002b2d   Thumb Code     8  stm32f4xx_it.o(i.SysTick_Handler)
    SystemInit                               0x08002b35   Thumb Code    14  system_stm32f4xx.o(i.SystemInit)
    UART_Start_Receive_DMA                   0x08002b49   Thumb Code   186  stm32f4xx_hal_uart.o(i.UART_Start_Receive_DMA)
    USART2_IRQHandler                        0x08002c11   Thumb Code    10  stm32f4xx_it.o(i.USART2_IRQHandler)
    UsageFault_Handler                       0x08002c21   Thumb Code     4  stm32f4xx_it.o(i.UsageFault_Handler)
    CAN_Send_Data(CAN_HandleTypeDef*, unsigned short, unsigned char*, unsigned short) 0x08002c25   Thumb Code    78  drv_can.o(i._Z13CAN_Send_DataP17CAN_HandleTypeDeftPht)
    SystemClock_Config()                     0x08002c75   Thumb Code   180  main.o(i._Z18SystemClock_Configv)
    CAN_Motor_Call_Back(Struct_CAN_Rx_Buffer*) 0x08002d31   Thumb Code   322  main.o(i._Z19CAN_Motor_Call_BackP20Struct_CAN_Rx_Buffer)
    CAN_Filter_Mask_Config(CAN_HandleTypeDef*, unsigned char, unsigned, unsigned) 0x08002e73   Thumb Code   110  drv_can.o(i._Z22CAN_Filter_Mask_ConfigP17CAN_HandleTypeDefhjj)
    CAN_Init(CAN_HandleTypeDef*, void(*)(Struct_CAN_Rx_Buffer*)) 0x08002ee1   Thumb Code   116  drv_can.o(i._Z8CAN_InitP17CAN_HandleTypeDefPFvP20Struct_CAN_Rx_BufferE)
    main                                     0x08004ba9   Thumb Code  1134  main.o(i.main)
    _fp_init                                 0x08005017   Thumb Code    10  fpinit.o(x$fpl$fpinit)
    __fplib_config_fpu_vfp                   0x0800501f   Thumb Code     0  fpinit.o(x$fpl$fpinit)
    __fplib_config_pureend_doubles           0x0800501f   Thumb Code     0  fpinit.o(x$fpl$fpinit)
    AHBPrescTable                            0x08005030   Data          16  system_stm32f4xx.o(.constdata)
    APBPrescTable                            0x08005040   Data           8  system_stm32f4xx.o(.constdata)
    Region$$Table$$Base                      0x08005048   Number         0  anon$$obj.o(Region$$Table)
    Region$$Table$$Limit                     0x08005068   Number         0  anon$$obj.o(Region$$Table)
    g_run_ms                                 0x20000000   Data           4  main.o(.data)
    g1_now_cnt                               0x20000004   Data           4  main.o(.data)
    g1_rx_cnt                                0x20000008   Data           4  main.o(.data)
    g1_tgt_cnt                               0x2000000c   Data           4  main.o(.data)
    g1_tgt_deg                               0x20000010   Data           4  main.o(.data)
    g1_now_deg                               0x20000014   Data           4  main.o(.data)
    g1_spd_rpm                               0x20000018   Data           4  main.o(.data)
    g1_st                                    0x2000001c   Data           4  main.o(.data)
    g1_brk                                   0x20000020   Data           1  main.o(.data)
    g1_brk_plot                              0x20000024   Data           4  main.o(.data)
    g1_auto                                  0x20000028   Data           1  main.o(.data)
    g1_move_cycles                           0x2000002c   Data           4  main.o(.data)
    g1_move_timeouts                         0x20000030   Data           4  main.o(.data)
    g1_base_cnt                              0x20000034   Data           4  main.o(.data)
    g1_peak_rpm                              0x20000038   Data           4  main.o(.data)
    g1_cfg_acc_x100                          0x2000003c   Data           4  main.o(.data)
    g1_cfg_dec_x100                          0x20000040   Data           4  main.o(.data)
    g1_cfg_vmax_x100                         0x20000044   Data           4  main.o(.data)
    g1_cfg_iq_ma                             0x20000048   Data           4  main.o(.data)
    g1_run_mode                              0x2000004c   Data           4  main.o(.data)
    g1_fault                                 0x20000050   Data           4  main.o(.data)
    g1_bus_v                                 0x20000054   Data           4  main.o(.data)
    g1_pos_cmd_deg                           0x20000058   Data           4  main.o(.data)
    g1_pid_pos_kp                            0x2000005c   Data           4  main.o(.data)
    g1_pid_pos_ki                            0x20000060   Data           4  main.o(.data)
    g1_pid_vel_kp                            0x20000064   Data           4  main.o(.data)
    g1_pid_vel_ki                            0x20000068   Data           4  main.o(.data)
    g1_pid_pos_lim_rpm                       0x2000006c   Data           4  main.o(.data)
    g1_pid_vel_lim_A                         0x20000070   Data           4  main.o(.data)
    g1_accel_rpmps                           0x20000074   Data           4  main.o(.data)
    g1_decel_rpmps                           0x20000078   Data           4  main.o(.data)
    g1_brk_invert                            0x2000007c   Data           1  main.o(.data)
    g1_cur_pos_kp                            0x20000080   Data           4  main.o(.data)
    g1_cur_pos_ki                            0x20000084   Data           4  main.o(.data)
    g1_cur_vel_kp                            0x20000088   Data           4  main.o(.data)
    g1_cur_vel_ki                            0x2000008c   Data           4  main.o(.data)
    g1_cur_pos_lim_rpm                       0x20000090   Data           4  main.o(.data)
    g1_cur_vel_lim_A                         0x20000094   Data           4  main.o(.data)
    g2_now_cnt                               0x20000098   Data           4  main.o(.data)
    g2_rx_cnt                                0x2000009c   Data           4  main.o(.data)
    g2_tgt_cnt                               0x200000a0   Data           4  main.o(.data)
    g2_tgt_deg                               0x200000a4   Data           4  main.o(.data)
    g2_now_deg                               0x200000a8   Data           4  main.o(.data)
    g2_spd_rpm                               0x200000ac   Data           4  main.o(.data)
    g2_st                                    0x200000b0   Data           4  main.o(.data)
    g2_brk                                   0x200000b4   Data           1  main.o(.data)
    g2_brk_plot                              0x200000b8   Data           4  main.o(.data)
    g2_auto                                  0x200000bc   Data           1  main.o(.data)
    g2_move_cycles                           0x200000c0   Data           4  main.o(.data)
    g2_move_timeouts                         0x200000c4   Data           4  main.o(.data)
    g2_base_cnt                              0x200000c8   Data           4  main.o(.data)
    g2_peak_rpm                              0x200000cc   Data           4  main.o(.data)
    g2_cfg_acc_x100                          0x200000d0   Data           4  main.o(.data)
    g2_cfg_dec_x100                          0x200000d4   Data           4  main.o(.data)
    g2_cfg_vmax_x100                         0x200000d8   Data           4  main.o(.data)
    g2_cfg_iq_ma                             0x200000dc   Data           4  main.o(.data)
    g2_run_mode                              0x200000e0   Data           4  main.o(.data)
    g2_fault                                 0x200000e4   Data           4  main.o(.data)
    g2_bus_v                                 0x200000e8   Data           4  main.o(.data)
    g2_pos_cmd_deg                           0x200000ec   Data           4  main.o(.data)
    g2_pid_pos_kp                            0x200000f0   Data           4  main.o(.data)
    g2_pid_pos_ki                            0x200000f4   Data           4  main.o(.data)
    g2_pid_vel_kp                            0x200000f8   Data           4  main.o(.data)
    g2_pid_vel_ki                            0x200000fc   Data           4  main.o(.data)
    g2_pid_pos_lim_rpm                       0x20000100   Data           4  main.o(.data)
    g2_pid_vel_lim_A                         0x20000104   Data           4  main.o(.data)
    g2_accel_rpmps                           0x20000108   Data           4  main.o(.data)
    g2_decel_rpmps                           0x2000010c   Data           4  main.o(.data)
    g2_brk_invert                            0x20000110   Data           1  main.o(.data)
    g2_cur_pos_kp                            0x20000114   Data           4  main.o(.data)
    g2_cur_pos_ki                            0x20000118   Data           4  main.o(.data)
    g2_cur_vel_kp                            0x2000011c   Data           4  main.o(.data)
    g2_cur_vel_ki                            0x20000120   Data           4  main.o(.data)
    g2_cur_pos_lim_rpm                       0x20000124   Data           4  main.o(.data)
    g2_cur_vel_lim_A                         0x20000128   Data           4  main.o(.data)
    g_dbg_frame_gap                          0x2000012c   Data           4  main.o(.data)
    g_uart_rx_bytes                          0x20000134   Data           4  main.o(.data)
    g_uart_cmd_cnt                           0x20000138   Data           4  main.o(.data)
    uwTick                                   0x20000148   Data           4  stm32f4xx_hal.o(.data)
    uwTickPrio                               0x2000014c   Data           4  stm32f4xx_hal.o(.data)
    uwTickFreq                               0x20000150   Data           1  stm32f4xx_hal.o(.data)
    SystemCoreClock                          0x20000154   Data           4  system_stm32f4xx.o(.data)
    CAN1_Manage_Object                       0x20000158   Data          44  drv_can.o(.bss)
    CAN2_Manage_Object                       0x20000184   Data          44  drv_can.o(.bss)
    hcan1                                    0x200004ec   Data          40  can.o(.bss)
    huart2                                   0x20000514   Data          72  usart.o(.bss)
    hdma_usart2_rx                           0x2000055c   Data          96  usart.o(.bss)
    hdma_usart2_tx                           0x200005bc   Data          96  usart.o(.bss)
    pFlash                                   0x2000061c   Data          32  stm32f4xx_hal_flash.o(.bss)
    __libspace_start                         0x2000063c   Data          96  libspace.o(.bss)
    __temporary_stack_top$libspace           0x2000069c   Data           0  libspace.o(.bss)



==============================================================================

Memory Map of the image

  Image Entry point : 0x080001ad

  Load Region LR_IROM1 (Base: 0x08000000, Size: 0x000051c0, Max: 0x00200000, ABSOLUTE, COMPRESSED[0x00005090])

    Execution Region ER_IROM1 (Exec base: 0x08000000, Load base: 0x08000000, Size: 0x00005068, Max: 0x00200000, ABSOLUTE)

    Exec Addr    Load Addr    Size         Type   Attr      Idx    E Section Name        Object

    0x08000000   0x08000000   0x000001ac   Data   RO            3    RESET               startup_stm32f427xx.o
    0x080001ac   0x080001ac   0x00000008   Code   RO         3042  * !!!main             c_w.l(__main.o)
    0x080001b4   0x080001b4   0x00000034   Code   RO         3213    !!!scatter          c_w.l(__scatter.o)
    0x080001e8   0x080001e8   0x0000005a   Code   RO         3211    !!dczerorl2         c_w.l(__dczerorl2.o)
    0x08000242   0x08000242   0x00000002   PAD
    0x08000244   0x08000244   0x0000001c   Code   RO         3215    !!handler_zi        c_w.l(__scatter_zi.o)
    0x08000260   0x08000260   0x00000002   Code   RO         3079    .ARM.Collect$$libinit$$00000000  c_w.l(libinit.o)
    0x08000262   0x08000262   0x00000004   Code   RO         3091    .ARM.Collect$$libinit$$00000001  c_w.l(libinit2.o)
    0x08000266   0x08000266   0x00000000   Code   RO         3094    .ARM.Collect$$libinit$$00000004  c_w.l(libinit2.o)
    0x08000266   0x08000266   0x00000000   Code   RO         3097    .ARM.Collect$$libinit$$0000000A  c_w.l(libinit2.o)
    0x08000266   0x08000266   0x00000000   Code   RO         3099    .ARM.Collect$$libinit$$0000000C  c_w.l(libinit2.o)
    0x08000266   0x08000266   0x00000000   Code   RO         3101    .ARM.Collect$$libinit$$0000000E  c_w.l(libinit2.o)
    0x08000266   0x08000266   0x00000000   Code   RO         3104    .ARM.Collect$$libinit$$00000011  c_w.l(libinit2.o)
    0x08000266   0x08000266   0x00000000   Code   RO         3106    .ARM.Collect$$libinit$$00000013  c_w.l(libinit2.o)
    0x08000266   0x08000266   0x00000000   Code   RO         3108    .ARM.Collect$$libinit$$00000015  c_w.l(libinit2.o)
    0x08000266   0x08000266   0x00000000   Code   RO         3110    .ARM.Collect$$libinit$$00000017  c_w.l(libinit2.o)
    0x08000266   0x08000266   0x00000000   Code   RO         3112    .ARM.Collect$$libinit$$00000019  c_w.l(libinit2.o)
    0x08000266   0x08000266   0x00000000   Code   RO         3114    .ARM.Collect$$libinit$$0000001B  c_w.l(libinit2.o)
    0x08000266   0x08000266   0x00000000   Code   RO         3116    .ARM.Collect$$libinit$$0000001D  c_w.l(libinit2.o)
    0x08000266   0x08000266   0x00000000   Code   RO         3118    .ARM.Collect$$libinit$$0000001F  c_w.l(libinit2.o)
    0x08000266   0x08000266   0x00000000   Code   RO         3120    .ARM.Collect$$libinit$$00000021  c_w.l(libinit2.o)
    0x08000266   0x08000266   0x00000000   Code   RO         3122    .ARM.Collect$$libinit$$00000023  c_w.l(libinit2.o)
    0x08000266   0x08000266   0x00000000   Code   RO         3124    .ARM.Collect$$libinit$$00000025  c_w.l(libinit2.o)
    0x08000266   0x08000266   0x00000000   Code   RO         3128    .ARM.Collect$$libinit$$0000002C  c_w.l(libinit2.o)
    0x08000266   0x08000266   0x00000000   Code   RO         3130    .ARM.Collect$$libinit$$0000002E  c_w.l(libinit2.o)
    0x08000266   0x08000266   0x00000000   Code   RO         3132    .ARM.Collect$$libinit$$00000030  c_w.l(libinit2.o)
    0x08000266   0x08000266   0x00000000   Code   RO         3134    .ARM.Collect$$libinit$$00000032  c_w.l(libinit2.o)
    0x08000266   0x08000266   0x00000002   Code   RO         3135    .ARM.Collect$$libinit$$00000033  c_w.l(libinit2.o)
    0x08000268   0x08000268   0x00000002   Code   RO         3166    .ARM.Collect$$libshutdown$$00000000  c_w.l(libshutdown.o)
    0x0800026a   0x0800026a   0x00000000   Code   RO         3192    .ARM.Collect$$libshutdown$$00000002  c_w.l(libshutdown2.o)
    0x0800026a   0x0800026a   0x00000000   Code   RO         3194    .ARM.Collect$$libshutdown$$00000004  c_w.l(libshutdown2.o)
    0x0800026a   0x0800026a   0x00000000   Code   RO         3196    .ARM.Collect$$libshutdown$$00000006  c_w.l(libshutdown2.o)
    0x0800026a   0x0800026a   0x00000000   Code   RO         3199    .ARM.Collect$$libshutdown$$00000009  c_w.l(libshutdown2.o)
    0x0800026a   0x0800026a   0x00000000   Code   RO         3202    .ARM.Collect$$libshutdown$$0000000C  c_w.l(libshutdown2.o)
    0x0800026a   0x0800026a   0x00000000   Code   RO         3204    .ARM.Collect$$libshutdown$$0000000E  c_w.l(libshutdown2.o)
    0x0800026a   0x0800026a   0x00000000   Code   RO         3207    .ARM.Collect$$libshutdown$$00000011  c_w.l(libshutdown2.o)
    0x0800026a   0x0800026a   0x00000002   Code   RO         3208    .ARM.Collect$$libshutdown$$00000012  c_w.l(libshutdown2.o)
    0x0800026c   0x0800026c   0x00000000   Code   RO         3044    .ARM.Collect$$rtentry$$00000000  c_w.l(__rtentry.o)
    0x0800026c   0x0800026c   0x00000000   Code   RO         3050    .ARM.Collect$$rtentry$$00000002  c_w.l(__rtentry2.o)
    0x0800026c   0x0800026c   0x00000006   Code   RO         3062    .ARM.Collect$$rtentry$$00000004  c_w.l(__rtentry4.o)
    0x08000272   0x08000272   0x00000000   Code   RO         3052    .ARM.Collect$$rtentry$$00000009  c_w.l(__rtentry2.o)
    0x08000272   0x08000272   0x00000004   Code   RO         3053    .ARM.Collect$$rtentry$$0000000A  c_w.l(__rtentry2.o)
    0x08000276   0x08000276   0x00000000   Code   RO         3055    .ARM.Collect$$rtentry$$0000000C  c_w.l(__rtentry2.o)
    0x08000276   0x08000276   0x00000008   Code   RO         3056    .ARM.Collect$$rtentry$$0000000D  c_w.l(__rtentry2.o)
    0x0800027e   0x0800027e   0x00000002   Code   RO         3083    .ARM.Collect$$rtexit$$00000000  c_w.l(rtexit.o)
    0x08000280   0x08000280   0x00000000   Code   RO         3139    .ARM.Collect$$rtexit$$00000002  c_w.l(rtexit2.o)
    0x08000280   0x08000280   0x00000004   Code   RO         3140    .ARM.Collect$$rtexit$$00000003  c_w.l(rtexit2.o)
    0x08000284   0x08000284   0x00000006   Code   RO         3141    .ARM.Collect$$rtexit$$00000004  c_w.l(rtexit2.o)
    0x0800028a   0x0800028a   0x00000002   PAD
    0x0800028c   0x0800028c   0x00000040   Code   RO            4    .text               startup_stm32f427xx.o
    0x080002cc   0x080002cc   0x000000ee   Code   RO         3036    .text               c_w.l(lludivv7m.o)
    0x080003ba   0x080003ba   0x0000004e   Code   RO         3038    .text               c_w.l(rt_memclr_w.o)
    0x08000408   0x08000408   0x00000006   Code   RO         3040    .text               c_w.l(heapauxi.o)
    0x0800040e   0x0800040e   0x0000004a   Code   RO         3066    .text               c_w.l(sys_stackheap_outer.o)
    0x08000458   0x08000458   0x00000012   Code   RO         3068    .text               c_w.l(exit.o)
    0x0800046a   0x0800046a   0x00000002   PAD
    0x0800046c   0x0800046c   0x00000008   Code   RO         3080    .text               c_w.l(libspace.o)
    0x08000474   0x08000474   0x0000000c   Code   RO         3136    .text               c_w.l(sys_exit.o)
    0x08000480   0x08000480   0x00000002   Code   RO         3155    .text               c_w.l(use_no_semi.o)
    0x08000482   0x08000482   0x00000000   Code   RO         3157    .text               c_w.l(indicate_semi.o)
    0x08000482   0x08000482   0x00000004   Code   RO          662    i.BusFault_Handler  stm32f4xx_it.o
    0x08000486   0x08000486   0x00000002   PAD
    0x08000488   0x08000488   0x00000010   Code   RO          663    i.CAN1_RX0_IRQHandler  stm32f4xx_it.o
    0x08000498   0x08000498   0x00000010   Code   RO          664    i.CAN1_RX1_IRQHandler  stm32f4xx_it.o
    0x080004a8   0x080004a8   0x00000010   Code   RO          665    i.DMA1_Stream5_IRQHandler  stm32f4xx_it.o
    0x080004b8   0x080004b8   0x00000010   Code   RO          666    i.DMA1_Stream6_IRQHandler  stm32f4xx_it.o
    0x080004c8   0x080004c8   0x00000002   Code   RO          667    i.DebugMon_Handler  stm32f4xx_it.o
    0x080004ca   0x080004ca   0x00000006   Code   RO          172    i.Error_Handler     main.o
    0x080004d0   0x080004d0   0x00000060   Code   RO         1402    i.FLASH_Erase_Sector  stm32f4xx_hal_flash_ex.o
    0x08000530   0x08000530   0x00000078   Code   RO         1403    i.FLASH_FlushCaches  stm32f4xx_hal_flash_ex.o
    0x080005a8   0x080005a8   0x00000064   Code   RO         1267    i.FLASH_WaitForLastOperation  stm32f4xx_hal_flash.o
    0x0800060c   0x0800060c   0x0000014a   Code   RO          809    i.HAL_CAN_AddTxMessage  stm32f4xx_hal_can.o
    0x08000756   0x08000756   0x00000002   PAD
    0x08000758   0x08000758   0x00000124   Code   RO          810    i.HAL_CAN_ConfigFilter  stm32f4xx_hal_can.o
    0x0800087c   0x0800087c   0x00000002   Code   RO          813    i.HAL_CAN_ErrorCallback  stm32f4xx_hal_can.o
    0x0800087e   0x0800087e   0x00000194   Code   RO          816    i.HAL_CAN_GetRxMessage  stm32f4xx_hal_can.o
    0x08000a12   0x08000a12   0x00000036   Code   RO          818    i.HAL_CAN_GetTxMailboxesFreeLevel  stm32f4xx_hal_can.o
    0x08000a48   0x08000a48   0x0000024e   Code   RO          820    i.HAL_CAN_IRQHandler  stm32f4xx_hal_can.o
    0x08000c96   0x08000c96   0x00000174   Code   RO          821    i.HAL_CAN_Init      stm32f4xx_hal_can.o
    0x08000e0a   0x08000e0a   0x00000002   PAD
    0x08000e0c   0x08000e0c   0x000000a8   Code   RO          548    i.HAL_CAN_MspInit   can.o
    0x08000eb4   0x08000eb4   0x00000002   Code   RO          828    i.HAL_CAN_RxFifo0FullCallback  stm32f4xx_hal_can.o
    0x08000eb6   0x08000eb6   0x00000002   PAD
    0x08000eb8   0x08000eb8   0x00000058   Code   RO           13    i.HAL_CAN_RxFifo0MsgPendingCallback  drv_can.o
    0x08000f10   0x08000f10   0x00000002   Code   RO          830    i.HAL_CAN_RxFifo1FullCallback  stm32f4xx_hal_can.o
    0x08000f12   0x08000f12   0x00000002   PAD
    0x08000f14   0x08000f14   0x00000058   Code   RO           14    i.HAL_CAN_RxFifo1MsgPendingCallback  drv_can.o
    0x08000f6c   0x08000f6c   0x00000002   Code   RO          832    i.HAL_CAN_SleepCallback  stm32f4xx_hal_can.o
    0x08000f6e   0x08000f6e   0x0000005e   Code   RO          833    i.HAL_CAN_Start     stm32f4xx_hal_can.o
    0x08000fcc   0x08000fcc   0x00000002   Code   RO          835    i.HAL_CAN_TxMailbox0AbortCallback  stm32f4xx_hal_can.o
    0x08000fce   0x08000fce   0x00000002   Code   RO          836    i.HAL_CAN_TxMailbox0CompleteCallback  stm32f4xx_hal_can.o
    0x08000fd0   0x08000fd0   0x00000002   Code   RO          837    i.HAL_CAN_TxMailbox1AbortCallback  stm32f4xx_hal_can.o
    0x08000fd2   0x08000fd2   0x00000002   Code   RO          838    i.HAL_CAN_TxMailbox1CompleteCallback  stm32f4xx_hal_can.o
    0x08000fd4   0x08000fd4   0x00000002   Code   RO          839    i.HAL_CAN_TxMailbox2AbortCallback  stm32f4xx_hal_can.o
    0x08000fd6   0x08000fd6   0x00000002   Code   RO          840    i.HAL_CAN_TxMailbox2CompleteCallback  stm32f4xx_hal_can.o
    0x08000fd8   0x08000fd8   0x00000002   Code   RO          842    i.HAL_CAN_WakeUpFromRxMsgCallback  stm32f4xx_hal_can.o
    0x08000fda   0x08000fda   0x000000ac   Code   RO         1713    i.HAL_DMA_Abort     stm32f4xx_hal_dma.o
    0x08001086   0x08001086   0x00000028   Code   RO         1714    i.HAL_DMA_Abort_IT  stm32f4xx_hal_dma.o
    0x080010ae   0x080010ae   0x00000006   Code   RO         1716    i.HAL_DMA_GetError  stm32f4xx_hal_dma.o
    0x080010b4   0x080010b4   0x00000240   Code   RO         1718    i.HAL_DMA_IRQHandler  stm32f4xx_hal_dma.o
    0x080012f4   0x080012f4   0x000000ec   Code   RO         1719    i.HAL_DMA_Init      stm32f4xx_hal_dma.o
    0x080013e0   0x080013e0   0x00000092   Code   RO         1722    i.HAL_DMA_Start_IT  stm32f4xx_hal_dma.o
    0x08001472   0x08001472   0x00000002   PAD
    0x08001474   0x08001474   0x00000028   Code   RO         2226    i.HAL_Delay         stm32f4xx_hal.o
    0x0800149c   0x0800149c   0x000000b0   Code   RO         1406    i.HAL_FLASHEx_Erase  stm32f4xx_hal_flash_ex.o
    0x0800154c   0x0800154c   0x00000014   Code   RO         1271    i.HAL_FLASH_Lock    stm32f4xx_hal_flash.o
    0x08001560   0x08001560   0x00000098   Code   RO         1276    i.HAL_FLASH_Program  stm32f4xx_hal_flash.o
    0x080015f8   0x080015f8   0x00000034   Code   RO         1278    i.HAL_FLASH_Unlock  stm32f4xx_hal_flash.o
    0x0800162c   0x0800162c   0x00000210   Code   RO         1597    i.HAL_GPIO_Init     stm32f4xx_hal_gpio.o
    0x0800183c   0x0800183c   0x0000000c   Code   RO         1601    i.HAL_GPIO_WritePin  stm32f4xx_hal_gpio.o
    0x08001848   0x08001848   0x0000000c   Code   RO         2234    i.HAL_GetTick       stm32f4xx_hal.o
    0x08001854   0x08001854   0x00000018   Code   RO         2240    i.HAL_IncTick       stm32f4xx_hal.o
    0x0800186c   0x0800186c   0x0000003c   Code   RO         2241    i.HAL_Init          stm32f4xx_hal.o
    0x080018a8   0x080018a8   0x0000004c   Code   RO         2242    i.HAL_InitTick      stm32f4xx_hal.o
    0x080018f4   0x080018f4   0x00000048   Code   RO          782    i.HAL_MspInit       stm32f4xx_hal_msp.o
    0x0800193c   0x0800193c   0x00000028   Code   RO         2058    i.HAL_NVIC_EnableIRQ  stm32f4xx_hal_cortex.o
    0x08001964   0x08001964   0x0000007c   Code   RO         2064    i.HAL_NVIC_SetPriority  stm32f4xx_hal_cortex.o
    0x080019e0   0x080019e0   0x00000028   Code   RO         2065    i.HAL_NVIC_SetPriorityGrouping  stm32f4xx_hal_cortex.o
    0x08001a08   0x08001a08   0x0000008c   Code   RO         1977    i.HAL_PWREx_EnableOverDrive  stm32f4xx_hal_pwr_ex.o
    0x08001a94   0x08001a94   0x00000184   Code   RO         1078    i.HAL_RCC_ClockConfig  stm32f4xx_hal_rcc.o
    0x08001c18   0x08001c18   0x0000000c   Code   RO         1083    i.HAL_RCC_GetHCLKFreq  stm32f4xx_hal_rcc.o
    0x08001c24   0x08001c24   0x00000020   Code   RO         1085    i.HAL_RCC_GetPCLK1Freq  stm32f4xx_hal_rcc.o
    0x08001c44   0x08001c44   0x00000020   Code   RO         1086    i.HAL_RCC_GetPCLK2Freq  stm32f4xx_hal_rcc.o
    0x08001c64   0x08001c64   0x000000b0   Code   RO         1087    i.HAL_RCC_GetSysClockFreq  stm32f4xx_hal_rcc.o
    0x08001d14   0x08001d14   0x0000049c   Code   RO         1090    i.HAL_RCC_OscConfig  stm32f4xx_hal_rcc.o
    0x080021b0   0x080021b0   0x00000034   Code   RO         2069    i.HAL_SYSTICK_Config  stm32f4xx_hal_cortex.o
    0x080021e4   0x080021e4   0x00000072   Code   RO         2573    i.HAL_UARTEx_ReceiveToIdle_DMA  stm32f4xx_hal_uart.o
    0x08002256   0x08002256   0x00000002   PAD
    0x08002258   0x08002258   0x00000110   Code   RO          173    i.HAL_UARTEx_RxEventCallback  main.o
    0x08002368   0x08002368   0x000000c4   Code   RO         2578    i.HAL_UART_AbortReceive  stm32f4xx_hal_uart.o
    0x0800242c   0x0800242c   0x00000084   Code   RO          174    i.HAL_UART_ErrorCallback  main.o
    0x080024b0   0x080024b0   0x000002e8   Code   RO         2592    i.HAL_UART_IRQHandler  stm32f4xx_hal_uart.o
    0x08002798   0x08002798   0x00000076   Code   RO         2593    i.HAL_UART_Init     stm32f4xx_hal_uart.o
    0x0800280e   0x0800280e   0x00000002   PAD
    0x08002810   0x08002810   0x0000011c   Code   RO          618    i.HAL_UART_MspInit  usart.o
    0x0800292c   0x0800292c   0x00000002   Code   RO         2599    i.HAL_UART_RxCpltCallback  stm32f4xx_hal_uart.o
    0x0800292e   0x0800292e   0x00000002   Code   RO         2600    i.HAL_UART_RxHalfCpltCallback  stm32f4xx_hal_uart.o
    0x08002930   0x08002930   0x0000008c   Code   RO         2602    i.HAL_UART_Transmit_DMA  stm32f4xx_hal_uart.o
    0x080029bc   0x080029bc   0x00000002   Code   RO         2604    i.HAL_UART_TxCpltCallback  stm32f4xx_hal_uart.o
    0x080029be   0x080029be   0x00000002   Code   RO         2605    i.HAL_UART_TxHalfCpltCallback  stm32f4xx_hal_uart.o
    0x080029c0   0x080029c0   0x00000004   Code   RO          668    i.HardFault_Handler  stm32f4xx_it.o
    0x080029c4   0x080029c4   0x00000044   Code   RO          549    i.MX_CAN1_Init      can.o
    0x08002a08   0x08002a08   0x00000048   Code   RO          592    i.MX_DMA_Init       dma.o
    0x08002a50   0x08002a50   0x00000098   Code   RO          522    i.MX_GPIO_Init      gpio.o
    0x08002ae8   0x08002ae8   0x00000038   Code   RO          619    i.MX_USART2_UART_Init  usart.o
    0x08002b20   0x08002b20   0x00000004   Code   RO          669    i.MemManage_Handler  stm32f4xx_it.o
    0x08002b24   0x08002b24   0x00000004   Code   RO          670    i.NMI_Handler       stm32f4xx_it.o
    0x08002b28   0x08002b28   0x00000002   Code   RO          671    i.PendSV_Handler    stm32f4xx_it.o
    0x08002b2a   0x08002b2a   0x00000002   Code   RO          672    i.SVC_Handler       stm32f4xx_it.o
    0x08002b2c   0x08002b2c   0x00000008   Code   RO          673    i.SysTick_Handler   stm32f4xx_it.o
    0x08002b34   0x08002b34   0x00000014   Code   RO         2999    i.SystemInit        system_stm32f4xx.o
    0x08002b48   0x08002b48   0x000000c8   Code   RO         2606    i.UART_Start_Receive_DMA  stm32f4xx_hal_uart.o
    0x08002c10   0x08002c10   0x00000010   Code   RO          674    i.USART2_IRQHandler  stm32f4xx_it.o
    0x08002c20   0x08002c20   0x00000004   Code   RO          675    i.UsageFault_Handler  stm32f4xx_it.o
    0x08002c24   0x08002c24   0x0000004e   Code   RO           15    i._Z13CAN_Send_DataP17CAN_HandleTypeDeftPht  drv_can.o
    0x08002c72   0x08002c72   0x00000002   PAD
    0x08002c74   0x08002c74   0x000000bc   Code   RO          175    i._Z18SystemClock_Configv  main.o
    0x08002d30   0x08002d30   0x00000142   Code   RO          176    i._Z19CAN_Motor_Call_BackP20Struct_CAN_Rx_Buffer  main.o
    0x08002e72   0x08002e72   0x0000006e   Code   RO           16    i._Z22CAN_Filter_Mask_ConfigP17CAN_HandleTypeDefhjj  drv_can.o
    0x08002ee0   0x08002ee0   0x00000084   Code   RO           18    i._Z8CAN_InitP17CAN_HandleTypeDefPFvP20Struct_CAN_Rx_BufferE  drv_can.o
    0x08002f64   0x08002f64   0x000000a8   Code   RO          177    i._ZN27_INTERNAL_6_main_c_g_run_ms10mot_deriveEP3MOT  main.o
    0x0800300c   0x0800300c   0x000000b0   Code   RO          178    i._ZN27_INTERNAL_6_main_c_g_run_ms10start_moveEP3MOTi  main.o
    0x080030bc   0x080030bc   0x000002dc   Code   RO          179    i._ZN27_INTERNAL_6_main_c_g_run_ms11mot_managerEP3MOT  main.o
    0x08003398   0x08003398   0x00000028   Code   RO          180    i._ZN27_INTERNAL_6_main_c_g_run_ms12mot_of_stdidEt  main.o
    0x080033c0   0x080033c0   0x00000048   Code   RO          181    i._ZN27_INTERNAL_6_main_c_g_run_ms12request_moveEP3MOTf  main.o
    0x08003408   0x08003408   0x00000018   Code   RO          182    i._ZN27_INTERNAL_6_main_c_g_run_ms12rng_in_rangeEi  main.o
    0x08003420   0x08003420   0x00000012   Code   RO          183    i._ZN27_INTERNAL_6_main_c_g_run_ms13local_now_cntEP3MOT  main.o
    0x08003432   0x08003432   0x00000002   PAD
    0x08003434   0x08003434   0x000001b4   Code   RO          184    i._ZN27_INTERNAL_6_main_c_g_run_ms14mot_st_machineEP3MOT  main.o
    0x080035e8   0x080035e8   0x000000ec   Code   RO          185    i._ZN27_INTERNAL_6_main_c_g_run_ms14serial_executeEPKc  main.o
    0x080036d4   0x080036d4   0x0000001c   Code   RO          186    i._ZN27_INTERNAL_6_main_c_g_run_ms14ze300_read_posEh  main.o
    0x080036f0   0x080036f0   0x0000001c   Code   RO          187    i._ZN27_INTERNAL_6_main_c_g_run_ms14ze300_read_spdEh  main.o
    0x0800370c   0x0800370c   0x0000002c   Code   RO          188    i._ZN27_INTERNAL_6_main_c_g_run_ms15pos_iq_limit_maEhj  main.o
    0x08003738   0x08003738   0x0000001c   Code   RO          189    i._ZN27_INTERNAL_6_main_c_g_run_ms16ze300_set_originEh  main.o
    0x08003754   0x08003754   0x0000002c   Code   RO          190    i._ZN27_INTERNAL_6_main_c_g_run_ms16ze300_target_cntEhi  main.o
    0x08003780   0x08003780   0x00000030   Code   RO          191    i._ZN27_INTERNAL_6_main_c_g_run_ms17pos_max_speed_rpmEhi  main.o
    0x080037b0   0x080037b0   0x00000090   Code   RO          192    i._ZN27_INTERNAL_6_main_c_g_run_ms17serial_set_targetEhf  main.o
    0x08003840   0x08003840   0x0000001c   Code   RO          193    i._ZN27_INTERNAL_6_main_c_g_run_ms17ze300_read_statusEh  main.o
    0x0800385c   0x0800385c   0x0000019c   Code   RO          194    i._ZN27_INTERNAL_6_main_c_g_run_ms19uart_send_telemetryEv  main.o
    0x080039f8   0x080039f8   0x0000002c   Code   RO          195    i._ZN27_INTERNAL_6_main_c_g_run_ms20persist_erase_sectorEv  main.o
    0x08003a24   0x08003a24   0x00000020   Code   RO          196    i._ZN27_INTERNAL_6_main_c_g_run_ms20persist_program_wordEj  main.o
    0x08003a44   0x08003a44   0x0000003a   Code   RO          197    i._ZN27_INTERNAL_6_main_c_g_run_ms5brakeEP3MOTh  main.o
    0x08003a7e   0x08003a7e   0x00000028   Code   RO          198    i._ZN27_INTERNAL_6_main_c_g_run_ms7norm180Ei  main.o
    0x08003aa6   0x08003aa6   0x00000002   PAD
    0x08003aa8   0x08003aa8   0x00000138   Code   RO          199    i._ZN27_INTERNAL_6_main_c_g_run_ms7sync_inEP3MOT  main.o
    0x08003be0   0x08003be0   0x00000050   Code   RO          200    i._ZN27_INTERNAL_6_main_c_g_run_ms8can_sendEtPKhh  main.o
    0x08003c30   0x08003c30   0x00000024   Code   RO          201    i._ZN27_INTERNAL_6_main_c_g_run_ms8rng_nextEv  main.o
    0x08003c54   0x08003c54   0x00000454   Code   RO          202    i._ZN27_INTERNAL_6_main_c_g_run_ms8sync_outEP3MOT  main.o
    0x080040a8   0x080040a8   0x00000028   Code   RO          203    i._ZN27_INTERNAL_6_main_c_g_run_ms8trap_accEhhi  main.o
    0x080040d0   0x080040d0   0x0000001e   Code   RO          204    i._ZN27_INTERNAL_6_main_c_g_run_ms9get_f32leEPKh  main.o
    0x080040ee   0x080040ee   0x00000018   Code   RO          205    i._ZN27_INTERNAL_6_main_c_g_run_ms9get_i32leEPKh  main.o
    0x08004106   0x08004106   0x000000a2   Code   RO          206    i._ZN27_INTERNAL_6_main_c_g_run_ms9home_bootEP3MOT  main.o
    0x080041a8   0x080041a8   0x000000d0   Code   RO          207    i._ZN27_INTERNAL_6_main_c_g_run_ms9parse_numEPPKc  main.o
    0x08004278   0x08004278   0x00000038   Code   RO          208    i._ZN27_INTERNAL_6_main_c_g_run_ms9pid_writeEhhf  main.o
    0x080042b0   0x080042b0   0x0000001e   Code   RO          209    i._ZN27_INTERNAL_6_main_c_g_run_ms9put_f32leEPhf  main.o
    0x080042ce   0x080042ce   0x00000010   Code   RO          210    i._ZN27_INTERNAL_6_main_c_g_run_ms9put_i32leEPhi  main.o
    0x080042de   0x080042de   0x0000002c   Code   RO         1725    i._ZN41_INTERNAL_19_stm32f4xx_hal_dma_c_c25f65ec13DMA_SetConfigEP19__DMA_HandleTypeDefjjj  stm32f4xx_hal_dma.o
    0x0800430a   0x0800430a   0x000000aa   Code   RO         1726    i._ZN41_INTERNAL_19_stm32f4xx_hal_dma_c_c25f65ec18DMA_CheckFifoParamEP19__DMA_HandleTypeDef  stm32f4xx_hal_dma.o
    0x080043b4   0x080043b4   0x00000034   Code   RO         1727    i._ZN41_INTERNAL_19_stm32f4xx_hal_dma_c_c25f65ec23DMA_CalcBaseAndBitshiftEP19__DMA_HandleTypeDef  stm32f4xx_hal_dma.o
    0x080043e8   0x080043e8   0x00000050   Code   RO         2608    i._ZN42_INTERNAL_20_stm32f4xx_hal_uart_c_d497114f13UART_DMAErrorEP19__DMA_HandleTypeDef  stm32f4xx_hal_uart.o
    0x08004438   0x08004438   0x0000022c   Code   RO         2609    i._ZN42_INTERNAL_20_stm32f4xx_hal_uart_c_d497114f14UART_SetConfigEP20__UART_HandleTypeDef  stm32f4xx_hal_uart.o
    0x08004664   0x08004664   0x000000fc   Code   RO         2610    i._ZN42_INTERNAL_20_stm32f4xx_hal_uart_c_d497114f15UART_Receive_ITEP20__UART_HandleTypeDef  stm32f4xx_hal_uart.o
    0x08004760   0x08004760   0x00000060   Code   RO         2611    i._ZN42_INTERNAL_20_stm32f4xx_hal_uart_c_d497114f16UART_Transmit_ITEP20__UART_HandleTypeDef  stm32f4xx_hal_uart.o
    0x080047c0   0x080047c0   0x00000024   Code   RO         2612    i._ZN42_INTERNAL_20_stm32f4xx_hal_uart_c_d497114f18UART_DMARxHalfCpltEP19__DMA_HandleTypeDef  stm32f4xx_hal_uart.o
    0x080047e4   0x080047e4   0x0000000e   Code   RO         2613    i._ZN42_INTERNAL_20_stm32f4xx_hal_uart_c_d497114f18UART_DMATxHalfCpltEP19__DMA_HandleTypeDef  stm32f4xx_hal_uart.o
    0x080047f2   0x080047f2   0x0000006c   Code   RO         2614    i._ZN42_INTERNAL_20_stm32f4xx_hal_uart_c_d497114f18UART_EndRxTransferEP20__UART_HandleTypeDef  stm32f4xx_hal_uart.o
    0x0800485e   0x0800485e   0x00000026   Code   RO         2615    i._ZN42_INTERNAL_20_stm32f4xx_hal_uart_c_d497114f18UART_EndTxTransferEP20__UART_HandleTypeDef  stm32f4xx_hal_uart.o
    0x08004884   0x08004884   0x000000b4   Code   RO         2616    i._ZN42_INTERNAL_20_stm32f4xx_hal_uart_c_d497114f19UART_DMAReceiveCpltEP19__DMA_HandleTypeDef  stm32f4xx_hal_uart.o
    0x08004938   0x08004938   0x00000020   Code   RO         2617    i._ZN42_INTERNAL_20_stm32f4xx_hal_uart_c_d497114f19UART_EndTransmit_ITEP20__UART_HandleTypeDef  stm32f4xx_hal_uart.o
    0x08004958   0x08004958   0x00000014   Code   RO         2618    i._ZN42_INTERNAL_20_stm32f4xx_hal_uart_c_d497114f20UART_DMAAbortOnErrorEP19__DMA_HandleTypeDef  stm32f4xx_hal_uart.o
    0x0800496c   0x0800496c   0x00000058   Code   RO         2619    i._ZN42_INTERNAL_20_stm32f4xx_hal_uart_c_d497114f20UART_DMATransmitCpltEP19__DMA_HandleTypeDef  stm32f4xx_hal_uart.o
    0x080049c4   0x080049c4   0x00000024   Code   RO         1279    i._ZN43_INTERNAL_21_stm32f4xx_hal_flash_c_48aa8f3e18FLASH_Program_ByteEjh  stm32f4xx_hal_flash.o
    0x080049e8   0x080049e8   0x00000028   Code   RO         1280    i._ZN43_INTERNAL_21_stm32f4xx_hal_flash_c_48aa8f3e18FLASH_Program_WordEjj  stm32f4xx_hal_flash.o
    0x08004a10   0x08004a10   0x000000b4   Code   RO         1281    i._ZN43_INTERNAL_21_stm32f4xx_hal_flash_c_48aa8f3e18FLASH_SetErrorCodeEv  stm32f4xx_hal_flash.o
    0x08004ac4   0x08004ac4   0x00000028   Code   RO         1282    i._ZN43_INTERNAL_21_stm32f4xx_hal_flash_c_48aa8f3e22FLASH_Program_HalfWordEjt  stm32f4xx_hal_flash.o
    0x08004aec   0x08004aec   0x00000030   Code   RO         1283    i._ZN43_INTERNAL_21_stm32f4xx_hal_flash_c_48aa8f3e24FLASH_Program_DoubleWordEjy  stm32f4xx_hal_flash.o
    0x08004b1c   0x08004b1c   0x00000028   Code   RO         2071    i._ZN44_INTERNAL_22_stm32f4xx_hal_cortex_c_2992dbc018__NVIC_SetPriorityE9IRQn_Typej  stm32f4xx_hal_cortex.o
    0x08004b44   0x08004b44   0x00000010   Code   RO         2072    i._ZN44_INTERNAL_22_stm32f4xx_hal_cortex_c_2992dbc026__NVIC_GetPriorityGroupingEv  stm32f4xx_hal_cortex.o
    0x08004b54   0x08004b54   0x00000054   Code   RO         1413    i._ZN46_INTERNAL_24_stm32f4xx_hal_flash_ex_c_6648b60e15FLASH_MassEraseEhj  stm32f4xx_hal_flash_ex.o
    0x08004ba8   0x08004ba8   0x0000046e   Code   RO          211    i.main              main.o
    0x08005016   0x08005016   0x0000000a   Code   RO         3151    x$fpl$fpinit        fz_wm.l(fpinit.o)
    0x08005020   0x08005020   0x00000008   Data   RO          253    .constdata          main.o
    0x08005028   0x08005028   0x00000008   Data   RO         1743    .constdata          stm32f4xx_hal_dma.o
    0x08005030   0x08005030   0x00000018   Data   RO         3002    .constdata          system_stm32f4xx.o
    0x08005048   0x08005048   0x00000020   Data   RO         3209    Region$$Table       anon$$obj.o


    Execution Region RW_IRAM2 (Exec base: 0x10000000, Load base: 0x08005090, Size: 0x00000000, Max: 0x00010000, ABSOLUTE)

    **** No section assigned to this execution region ****


    Execution Region RW_IRAM1 (Exec base: 0x20000000, Load base: 0x08005068, Size: 0x00000ca0, Max: 0x00030000, ABSOLUTE, COMPRESSED[0x00000028])

    Exec Addr    Load Addr    Size         Type   Attr      Idx    E Section Name        Object

    0x20000000   COMPRESSED   0x00000148   Data   RW          254    .data               main.o
    0x20000148   COMPRESSED   0x00000009   Data   RW         2277    .data               stm32f4xx_hal.o
    0x20000151   COMPRESSED   0x00000003   PAD
    0x20000154   COMPRESSED   0x00000004   Data   RW         3003    .data               system_stm32f4xx.o
    0x20000158        -       0x00000058   Zero   RW           25    .bss                drv_can.o
    0x200001b0        -       0x0000033c   Zero   RW          252    .bss                main.o
    0x200004ec        -       0x00000028   Zero   RW          553    .bss                can.o
    0x20000514        -       0x00000108   Zero   RW          623    .bss                usart.o
    0x2000061c        -       0x00000020   Zero   RW         1301    .bss                stm32f4xx_hal_flash.o
    0x2000063c        -       0x00000060   Zero   RW         3081    .bss                c_w.l(libspace.o)
    0x2000069c   COMPRESSED   0x00000004   PAD
    0x200006a0        -       0x00000200   Zero   RW            2    HEAP                startup_stm32f427xx.o
    0x200008a0        -       0x00000400   Zero   RW            1    STACK               startup_stm32f427xx.o


==============================================================================

Image component sizes


      Code (inc. data)   RO Data    RW Data    ZI Data      Debug   Object Name

       236         22          0          0         40       1701   can.o
        72          4          0          0          0        790   dma.o
       496         48          0          0         88     735031   drv_can.o
       152         10          0          0          0        951   gpio.o
      7036        760          8        328        828     751739   main.o
        64         26        428          0       1536        840   startup_stm32f427xx.o
       212         36          0          9          0       9553   stm32f4xx_hal.o
      2158          6          0          0          0      13730   stm32f4xx_hal_can.o
       312         22          0          0          0      34335   stm32f4xx_hal_cortex.o
      1442         16          8          0          0       7641   stm32f4xx_hal_dma.o
       668         62          0          0         32       5966   stm32f4xx_hal_flash.o
       476         24          0          0          0       3318   stm32f4xx_hal_flash_ex.o
       540         54          0          0          0       2148   stm32f4xx_hal_gpio.o
        72          4          0          0          0        878   stm32f4xx_hal_msp.o
       140         12          0          0          0       1300   stm32f4xx_hal_pwr_ex.o
      1820         84          0          0          0       5628   stm32f4xx_hal_rcc.o
      3020         40          0          0          0      17350   stm32f4xx_hal_uart.o
       114         30          0          0          0       6702   stm32f4xx_it.o
        20          6         24          4          0       1147   system_stm32f4xx.o
       340         38          0          0        264       1904   usart.o

    ----------------------------------------------------------------------
     19412       1304        500        344       2788    1602652   Object Totals
         0          0         32          0          0          0   (incl. Generated)
        22          0          0          3          0          0   (incl. Padding)

    ----------------------------------------------------------------------

      Code (inc. data)   RO Data    RW Data    ZI Data      Debug   Library Member Name

        90          0          0          0          0          0   __dczerorl2.o
         8          0          0          0          0         68   __main.o
         0          0          0          0          0          0   __rtentry.o
        12          0          0          0          0          0   __rtentry2.o
         6          0          0          0          0          0   __rtentry4.o
        52          8          0          0          0          0   __scatter.o
        28          0          0          0          0          0   __scatter_zi.o
        18          0          0          0          0         80   exit.o
         6          0          0          0          0        152   heapauxi.o
         0          0          0          0          0          0   indicate_semi.o
         2          0          0          0          0          0   libinit.o
         6          0          0          0          0          0   libinit2.o
         2          0          0          0          0          0   libshutdown.o
         2          0          0          0          0          0   libshutdown2.o
         8          4          0          0         96         68   libspace.o
       238          0          0          0          0        100   lludivv7m.o
        78          0          0          0          0         80   rt_memclr_w.o
         2          0          0          0          0          0   rtexit.o
        10          0          0          0          0          0   rtexit2.o
        12          4          0          0          0         68   sys_exit.o
        74          0          0          0          0         80   sys_stackheap_outer.o
         2          0          0          0          0         68   use_no_semi.o
        10          0          0          0          0        116   fpinit.o

    ----------------------------------------------------------------------
       672         16          0          0        100        880   Library Totals
         6          0          0          0          4          0   (incl. Padding)

    ----------------------------------------------------------------------

      Code (inc. data)   RO Data    RW Data    ZI Data      Debug   Library Name

       656         16          0          0         96        764   c_w.l
        10          0          0          0          0        116   fz_wm.l

    ----------------------------------------------------------------------
       672         16          0          0        100        880   Library Totals

    ----------------------------------------------------------------------

==============================================================================


      Code (inc. data)   RO Data    RW Data    ZI Data      Debug   

     20084       1320        500        344       2888    1589072   Grand Totals
     20084       1320        500         40       2888    1589072   ELF Image Totals (compressed)
     20084       1320        500         40          0          0   ROM Totals

==============================================================================

    Total RO  Size (Code + RO Data)                20584 (  20.10kB)
    Total RW  Size (RW Data + ZI Data)              3232 (   3.16kB)
    Total ROM Size (Code + RO Data + RW Data)      20624 (  20.14kB)

==============================================================================

